prog,diagrams=1,contrexcop=0
output,level=2

CCSD doubles amplitude equation with $\exp(\op T_1)$-similiarity transformed $\op H$:
\beq
&&\bracd \op H (1+\op T_2 + \half \op T_2 \op T_2) |0>_C
=\nl
4*1\sum_{klcd}\tnsr \intg{kc}{ld}\tnsr T^{ki}_{ca}\tnsr T^{lj}_{db} + (-2*1 - 2*\Perm{ijab}{jiba})\sum_{kk_{1}cd}\tnsr \intg{kc}{k_{1}d}\tnsr T^{kk_{1}}_{ca}\tnsr T^{ij}_{db} + (-2*1\nl
 - 2*\Perm{ijab}{jiba})\sum_{klcc_{1}}\tnsr \intg{kc}{lc_{1}}\tnsr T^{ki}_{cc_{1}}\tnsr T^{lj}_{ab} + (-2*1\nl
 - 2*\Perm{ijab}{jiba})\sum_{klcd_{1}}\tnsr \intg{kc}{ld_{1}}\tnsr T^{ki}_{ca}\tnsr T^{lj}_{bd_{1}} + (2*1 + 2*\Perm{ijab}{jiba})\sum_{kc}\tnsr \intg{kc}{ai}\tnsr T^{kj}_{cb}\nl
 + (-2*1)\sum_{klcd}\tnsr \intg{kd}{lc}\tnsr T^{ki}_{ca}\tnsr T^{lj}_{db} + (-1 - \Perm{ijab}{jiba})\sum_{k}\tnsr f_{ki}\tnsr T^{kj}_{ab} + (1\nl
 + \Perm{ijab}{jiba})\sum_{c}\tnsr f_{ac}\tnsr T^{ij}_{cb} + \sum_{kk_{1}}\tnsr \intg{ki}{k_{1}j}\tnsr T^{kk_{1}}_{ab} + (-1 - \Perm{ijab}{jiba})\sum_{kc}\tnsr \intg{ki}{ac}\tnsr T^{kj}_{cb}\nl
 + (-1 - \Perm{ijab}{jiba})\sum_{kc_{1}}\tnsr \intg{ki}{bc_{1}}\tnsr T^{kj}_{ac_{1}} + (1 + \Perm{ijab}{jiba})\sum_{kk_{1}c_{1}d}\tnsr \intg{kc_{1}}{k_{1}d}\tnsr T^{kk_{1}}_{ac_{1}}\tnsr T^{ij}_{db} + (1\nl
 + \Perm{ijab}{jiba})\sum_{klcc_{1}}\tnsr \intg{kc_{1}}{lc}\tnsr T^{ki}_{cc_{1}}\tnsr T^{lj}_{ab} + \sum_{klc_{1}d_{1}}\tnsr \intg{kc_{1}}{ld_{1}}\tnsr T^{ki}_{ac_{1}}\tnsr T^{lj}_{bd_{1}} + (-1\nl
 - \Perm{ijab}{jiba})\sum_{kc_{1}}\tnsr \intg{kc_{1}}{ai}\tnsr T^{kj}_{bc_{1}} + \sum_{kk_{1}dd_{1}}\tnsr \intg{kd}{k_{1}d_{1}}\tnsr T^{kk_{1}}_{ab}\tnsr T^{ij}_{dd_{1}} + (1\nl
 + \Perm{ijab}{jiba})\sum_{klc_{1}d}\tnsr \intg{kd}{lc_{1}}\tnsr T^{ki}_{ac_{1}}\tnsr T^{lj}_{db} + \sum_{kl_{1}c_{1}d}\tnsr \intg{kd}{l_{1}c_{1}}\tnsr T^{kj}_{ac_{1}}\tnsr T^{il_{1}}_{db} + \tnsr \intg{ai}{bj}\nl
 + \sum_{cc_{1}}\tnsr \intg{ac}{bc_{1}}\tnsr T^{ij}_{cc_{1}}
\eeq
 Diagrams: 

\bdiags
\dtext{0}{$(4*1)$}
\dTdv{2}{t0}
\dWs{t11}{t12}
\dAmp[$T$]{}{2}{t2}
\dAmp[$T$]{}{2}{t3}
\dcurve{t01}{t22}
\dcurve{t22}{t01}
\dcurve{t02}{t32}
\dcurve{t32}{t02}
\dcurve{t11}{t21}
\dcurve{t21}{t11}
\dcurve{t12}{t31}
\dcurve{t31}{t12}
\ediag
\bdiags
\dtext{0}{$(-2*1 - 2*\Perm{ijab}{jiba})$}
\dTdv{2}{t0}
\dWs{t11}{t12}
\dAmp[$T$]{}{2}{t2}
\dAmp[$T$]{}{2}{t3}
\dcurve{t01}{t31}
\dcurve{t22}{t01}
\dcurve{t02}{t32}
\dcurve{t32}{t02}
\dcurve{t11}{t21}
\dcurve{t21}{t11}
\dcurve{t12}{t22}
\dcurve{t31}{t12}
\ediag
\bdiags
\dtext{0}{$(-2*1 - 2*\Perm{ijab}{jiba})$}
\dTdv{2}{t0}
\dWs{t11}{t12}
\dAmp[$T$]{}{2}{t2}
\dAmp[$T$]{}{2}{t3}
\dcurve{t01}{t22}
\dcurve{t31}{t01}
\dcurve{t02}{t32}
\dcurve{t32}{t02}
\dcurve{t11}{t21}
\dcurve{t21}{t11}
\dcurve{t12}{t31}
\dcurve{t22}{t12}
\ediag
\bdiags
\dtext{0}{$(-2*1 - 2*\Perm{ijab}{jiba})$}
\dTdv{2}{t0}
\dWs{t11}{t12}
\dAmp[$T$]{}{2}{t2}
\dAmp[$T$]{}{2}{t3}
\dcurve{t01}{t22}
\dcurve{t22}{t01}
\dcurve{t02}{t32}
\dcurve{t31}{t02}
\dcurve{t11}{t21}
\dcurve{t21}{t11}
\dcurve{t12}{t31}
\dcurve{t32}{t12}
\ediag
\bdiags
\dtext{0}{$(2*1 + 2*\Perm{ijab}{jiba})$}
\dTdv{2}{t0}
\dWs{t11}{t12}
\dAmp[$T$]{}{2}{t2}
\dcurve{t01}{t12}
\dcurve{t12}{t01}
\dcurve{t02}{t22}
\dcurve{t22}{t02}
\dcurve{t11}{t21}
\dcurve{t21}{t11}
\ediag
\bdiags
\dtext{0}{$(-2*1)$}
\dTdv{2}{t0}
\dWs{t11}{t12}
\dAmp[$T$]{}{2}{t2}
\dAmp[$T$]{}{2}{t3}
\dcurve{t01}{t22}
\dcurve{t22}{t01}
\dcurve{t02}{t32}
\dcurve{t32}{t02}
\dcurve{t11}{t21}
\dcurve{t31}{t11}
\dcurve{t12}{t31}
\dcurve{t21}{t12}
\ediag
\bdiags
\dtext{0}{$(-1 - \Perm{ijab}{jiba})$}
\dTdv{2}{t0}
\dFs{t1}
\dAmp[$T$]{}{2}{t2}
\dcurve{t01}{t11}
\dcurve{t21}{t01}
\dcurve{t02}{t22}
\dcurve{t22}{t02}
\dcurve{t11}{t21}
\ediag
\bdiags
\dtext{0}{$(1 + \Perm{ijab}{jiba})$}
\dTdv{2}{t0}
\dFs{t1}
\dAmp[$T$]{}{2}{t2}
\dcurve{t01}{t21}
\dcurve{t11}{t01}
\dcurve{t02}{t22}
\dcurve{t22}{t02}
\dcurve{t21}{t11}
\ediag
\bdiags
\dTdv{2}{t0}
\dWs{t11}{t12}
\dAmp[$T$]{}{2}{t2}
\dcurve{t01}{t11}
\dcurve{t21}{t01}
\dcurve{t02}{t12}
\dcurve{t22}{t02}
\dcurve{t11}{t21}
\dcurve{t12}{t22}
\ediag
\bdiags
\dtext{0}{$(-1 - \Perm{ijab}{jiba})$}
\dTdv{2}{t0}
\dWs{t11}{t12}
\dAmp[$T$]{}{2}{t2}
\dcurve{t01}{t11}
\dcurve{t12}{t01}
\dcurve{t02}{t22}
\dcurve{t22}{t02}
\dcurve{t11}{t21}
\dcurve{t21}{t12}
\ediag
\bdiags
\dtext{0}{$(-1 - \Perm{ijab}{jiba})$}
\dTdv{2}{t0}
\dWs{t11}{t12}
\dAmp[$T$]{}{2}{t2}
\dcurve{t01}{t11}
\dcurve{t21}{t01}
\dcurve{t02}{t22}
\dcurve{t12}{t02}
\dcurve{t11}{t21}
\dcurve{t22}{t12}
\ediag
\bdiags
\dtext{0}{$(1 + \Perm{ijab}{jiba})$}
\dTdv{2}{t0}
\dWs{t11}{t12}
\dAmp[$T$]{}{2}{t2}
\dAmp[$T$]{}{2}{t3}
\dcurve{t01}{t31}
\dcurve{t21}{t01}
\dcurve{t02}{t32}
\dcurve{t32}{t02}
\dcurve{t11}{t21}
\dcurve{t22}{t11}
\dcurve{t12}{t22}
\dcurve{t31}{t12}
\ediag
\bdiags
\dtext{0}{$(1 + \Perm{ijab}{jiba})$}
\dTdv{2}{t0}
\dWs{t11}{t12}
\dAmp[$T$]{}{2}{t2}
\dAmp[$T$]{}{2}{t3}
\dcurve{t01}{t22}
\dcurve{t31}{t01}
\dcurve{t02}{t32}
\dcurve{t32}{t02}
\dcurve{t11}{t21}
\dcurve{t22}{t11}
\dcurve{t12}{t31}
\dcurve{t21}{t12}
\ediag
\bdiags
\dTdv{2}{t0}
\dWs{t11}{t12}
\dAmp[$T$]{}{2}{t2}
\dAmp[$T$]{}{2}{t3}
\dcurve{t01}{t22}
\dcurve{t21}{t01}
\dcurve{t02}{t32}
\dcurve{t31}{t02}
\dcurve{t11}{t21}
\dcurve{t22}{t11}
\dcurve{t12}{t31}
\dcurve{t32}{t12}
\ediag
\bdiags
\dtext{0}{$(-1 - \Perm{ijab}{jiba})$}
\dTdv{2}{t0}
\dWs{t11}{t12}
\dAmp[$T$]{}{2}{t2}
\dcurve{t01}{t12}
\dcurve{t12}{t01}
\dcurve{t02}{t22}
\dcurve{t21}{t02}
\dcurve{t11}{t21}
\dcurve{t22}{t11}
\ediag
\bdiags
\dTdv{2}{t0}
\dWs{t11}{t12}
\dAmp[$T$]{}{2}{t2}
\dAmp[$T$]{}{2}{t3}
\dcurve{t01}{t31}
\dcurve{t21}{t01}
\dcurve{t02}{t32}
\dcurve{t22}{t02}
\dcurve{t11}{t21}
\dcurve{t31}{t11}
\dcurve{t12}{t22}
\dcurve{t32}{t12}
\ediag
\bdiags
\dtext{0}{$(1 + \Perm{ijab}{jiba})$}
\dTdv{2}{t0}
\dWs{t11}{t12}
\dAmp[$T$]{}{2}{t2}
\dAmp[$T$]{}{2}{t3}
\dcurve{t01}{t22}
\dcurve{t21}{t01}
\dcurve{t02}{t32}
\dcurve{t32}{t02}
\dcurve{t11}{t21}
\dcurve{t31}{t11}
\dcurve{t12}{t31}
\dcurve{t22}{t12}
\ediag
\bdiags
\dTdv{2}{t0}
\dWs{t11}{t12}
\dAmp[$T$]{}{2}{t2}
\dAmp[$T$]{}{2}{t3}
\dcurve{t01}{t31}
\dcurve{t21}{t01}
\dcurve{t02}{t22}
\dcurve{t32}{t02}
\dcurve{t11}{t21}
\dcurve{t31}{t11}
\dcurve{t12}{t32}
\dcurve{t22}{t12}
\ediag
\bdiags
\dTdv{2}{t0}
\dWs{t11}{t12}
\dcurve{t01}{t11}
\dcurve{t11}{t01}
\dcurve{t02}{t12}
\dcurve{t12}{t02}
\ediag
\bdiags
\dTdv{2}{t0}
\dWs{t11}{t12}
\dAmp[$T$]{}{2}{t2}
\dcurve{t01}{t21}
\dcurve{t11}{t01}
\dcurve{t02}{t22}
\dcurve{t12}{t02}
\dcurve{t21}{t11}
\dcurve{t22}{t12}
\ediag

LCCSD doubles amplitude equation:
\beq
&&\bracd \op H (1+\op T_1 + \half \op T_1 \op T_1 + \frac{1}{6}\op T_1 \op T_1 \op T_1 + \frac{1}{24}\op T_1 \op T_1 \op T_1 \op T_1)(1 +\op T_2 ) |0>_C
=\nl
(-2*1 - 2*\Perm{ijab}{jiba})\sum_{kld}\tnsr \intg{ki}{ld}\tnsr T^{k}_{a}\tnsr T^{lj}_{db} + (-2*1\nl
 - 2*\Perm{ijab}{jiba})\sum_{klc}\tnsr \intg{kc}{li}\tnsr T^{k}_{c}\tnsr T^{lj}_{ab} + (-2*1\nl
 - 2*\Perm{ijab}{jiba})\sum_{klce}\tnsr \intg{kc}{le}\tnsr T^{k}_{c}\tnsr T^{l}_{a}\tnsr T^{ij}_{eb} + (-2*1\nl
 - 2*\Perm{ijab}{jiba})\sum_{kmcd}\tnsr \intg{kc}{md}\tnsr T^{k}_{c}\tnsr T^{i}_{d}\tnsr T^{mj}_{ab} + (2*1 + 2*\Perm{ijab}{jiba})\sum_{kc}\tnsr \intg{kc}{ai}\tnsr T^{kj}_{cb}\nl
 + (2*1 + 2*\Perm{ijab}{jiba})\sum_{kcd}\tnsr \intg{kc}{ad}\tnsr T^{k}_{c}\tnsr T^{ij}_{db} + (-2*1\nl
 - 2*\Perm{ijab}{jiba})\sum_{kmde}\tnsr \intg{kd}{me}\tnsr T^{k}_{a}\tnsr T^{i}_{d}\tnsr T^{mj}_{eb} + (2*1 + 2*\Perm{ijab}{jiba})\sum_{lcd}\tnsr \intg{ld}{ac}\tnsr T^{i}_{c}\tnsr T^{lj}_{db}\nl
 + (-1 - \Perm{ijab}{jiba})\sum_{k}\tnsr f_{ki}\tnsr T^{kj}_{ab} + (-1 - \Perm{ijab}{jiba})\sum_{kd}\tnsr f_{kd}\tnsr T^{k}_{a}\tnsr T^{ij}_{db} + (-1 \newpg
\eeq
\beq
&& - \Perm{ijab}{jiba})\sum_{lc}\tnsr f_{lc}\tnsr T^{i}_{c}\tnsr T^{lj}_{ab} + (1 + \Perm{ijab}{jiba})\sum_{c}\tnsr f_{ac}\tnsr T^{ij}_{cb} + \sum_{kk_{1}}\tnsr \intg{ki}{k_{1}j}\tnsr T^{kk_{1}}_{ab}\nl
 + \sum_{kl}\tnsr \intg{ki}{lj}\tnsr T^{k}_{a}\tnsr T^{l}_{b} + (1 + \Perm{ijab}{jiba})\sum_{klc}\tnsr \intg{ki}{lc}\tnsr T^{k}_{c}\tnsr T^{lj}_{ab} + (1\nl
 + \Perm{ijab}{jiba})\sum_{kld_{1}}\tnsr \intg{ki}{ld_{1}}\tnsr T^{k}_{a}\tnsr T^{lj}_{bd_{1}} + (1 + \Perm{ijab}{jiba})\sum_{kle}\tnsr \intg{ki}{le}\tnsr T^{k}_{a}\tnsr T^{l}_{b}\tnsr T^{j}_{e} + (-1\nl
 - \Perm{ijab}{jiba})\sum_{kc}\tnsr \intg{ki}{ac}\tnsr T^{kj}_{cb} + (-1 - \Perm{ijab}{jiba})\sum_{k}\tnsr \intg{ki}{bj}\tnsr T^{k}_{a} + (-1\nl
 - \Perm{ijab}{jiba})\sum_{kc_{1}}\tnsr \intg{ki}{bc_{1}}\tnsr T^{kj}_{ac_{1}} + (-1 - \Perm{ijab}{jiba})\sum_{kd}\tnsr \intg{ki}{bd}\tnsr T^{k}_{a}\tnsr T^{j}_{d} + (-1\nl
 - \Perm{ijab}{jiba})\sum_{kc_{1}}\tnsr \intg{kc_{1}}{ai}\tnsr T^{kj}_{bc_{1}} + (1 + \Perm{ijab}{jiba})\sum_{kld}\tnsr \intg{kd}{li}\tnsr T^{k}_{a}\tnsr T^{lj}_{db} + (1\nl
 + \Perm{ijab}{jiba})\sum_{klde}\tnsr \intg{kd}{le}\tnsr T^{k}_{a}\tnsr T^{l}_{d}\tnsr T^{ij}_{eb} + (1 + \Perm{ijab}{jiba})\sum_{kl_{1}d}\tnsr \intg{kd}{l_{1}i}\tnsr T^{k}_{b}\tnsr T^{jl_{1}}_{da} + (1\nl
 + \Perm{ijab}{jiba})\sum_{kmcd}\tnsr \intg{kd}{mc}\tnsr T^{k}_{c}\tnsr T^{i}_{d}\tnsr T^{mj}_{ab} + (1 + \Perm{ijab}{jiba})\sum_{kmde_{1}}\tnsr \intg{kd}{me_{1}}\tnsr T^{k}_{a}\tnsr T^{i}_{d}\tnsr T^{mj}_{be_{1}}\nl
 + \sum_{kmdf}\tnsr \intg{kd}{mf}\tnsr T^{k}_{a}\tnsr T^{i}_{d}\tnsr T^{m}_{b}\tnsr T^{j}_{f} + (-1 - \Perm{ijab}{jiba})\sum_{kd}\tnsr \intg{kd}{ai}\tnsr T^{k}_{b}\tnsr T^{j}_{d} + (-1\nl
 - \Perm{ijab}{jiba})\sum_{kcd}\tnsr \intg{kd}{ac}\tnsr T^{k}_{c}\tnsr T^{ij}_{db} + (-1 - \Perm{ijab}{jiba})\sum_{kdd_{1}}\tnsr \intg{kd}{ad_{1}}\tnsr T^{k}_{b}\tnsr T^{ji}_{dd_{1}} + (-1\nl
 - \Perm{ijab}{jiba})\sum_{kde}\tnsr \intg{kd}{ae}\tnsr T^{k}_{b}\tnsr T^{j}_{d}\tnsr T^{i}_{e} + \sum_{klee_{1}}\tnsr \intg{ke}{le_{1}}\tnsr T^{k}_{a}\tnsr T^{l}_{b}\tnsr T^{ij}_{ee_{1}} + (1\nl
 + \Perm{ijab}{jiba})\sum_{kmde}\tnsr \intg{ke}{md}\tnsr T^{k}_{a}\tnsr T^{i}_{d}\tnsr T^{mj}_{eb} + (1 + \Perm{ijab}{jiba})\sum_{km_{1}de}\tnsr \intg{ke}{m_{1}d}\tnsr T^{k}_{a}\tnsr T^{j}_{d}\tnsr T^{im_{1}}_{eb}\nl
 + (1 + \Perm{ijab}{jiba})\sum_{ll_{1}c}\tnsr \intg{li}{l_{1}c}\tnsr T^{j}_{c}\tnsr T^{ll_{1}}_{ab} + (-1 - \Perm{ijab}{jiba})\sum_{lcd}\tnsr \intg{lc}{ad}\tnsr T^{i}_{c}\tnsr T^{lj}_{db} + (-1\nl
 - \Perm{ijab}{jiba})\sum_{lcd_{1}}\tnsr \intg{lc}{ad_{1}}\tnsr T^{j}_{c}\tnsr T^{li}_{bd_{1}} + (-1 - \Perm{ijab}{jiba})\sum_{lcd_{1}}\tnsr \intg{ld_{1}}{ac}\tnsr T^{i}_{c}\tnsr T^{lj}_{bd_{1}}\nl
 + \sum_{mm_{1}cd}\tnsr \intg{mc}{m_{1}d}\tnsr T^{i}_{c}\tnsr T^{j}_{d}\tnsr T^{mm_{1}}_{ab} + \tnsr \intg{ai}{bj} + (1 + \Perm{ijab}{jiba})\sum_{c}\tnsr \intg{ai}{bc}\tnsr T^{j}_{c}\nl
 + \sum_{cc_{1}}\tnsr \intg{ac}{bc_{1}}\tnsr T^{ij}_{cc_{1}} + \sum_{cd}\tnsr \intg{ac}{bd}\tnsr T^{i}_{c}\tnsr T^{j}_{d}
\eeq
 Diagrams: 

\bdiags
\dtext{0}{$(-2*1 - 2*\Perm{ijab}{jiba})$}
\dTdv{2}{t0}
\dWs{t11}{t12}
\dAmp[$T$]{}{1}{t2}
\dAmp[$T$]{}{2}{t3}
\dcurve{t01}{t11}
\dcurve{t21}{t01}
\dcurve{t02}{t32}
\dcurve{t32}{t02}
\dcurve{t11}{t21}
\dcurve{t12}{t31}
\dcurve{t31}{t12}
\ediag
\bdiags
\dtext{0}{$(-2*1 - 2*\Perm{ijab}{jiba})$}
\dTdv{2}{t0}
\dWs{t11}{t12}
\dAmp[$T$]{}{1}{t2}
\dAmp[$T$]{}{2}{t3}
\dcurve{t01}{t12}
\dcurve{t31}{t01}
\dcurve{t02}{t32}
\dcurve{t32}{t02}
\dcurve{t11}{t21}
\dcurve{t21}{t11}
\dcurve{t12}{t31}
\ediag
\bdiags
\dtext{0}{$(-2*1 - 2*\Perm{ijab}{jiba})$}
\dTdv{2}{t0}
\dWs{t11}{t12}
\dAmp[$T$]{}{1}{t2}
\dAmp[$T$]{}{1}{t3}
\dAmp[$T$]{}{2}{t4}
\dcurve{t01}{t41}
\dcurve{t31}{t01}
\dcurve{t02}{t42}
\dcurve{t42}{t02}
\dcurve{t11}{t21}
\dcurve{t21}{t11}
\dcurve{t12}{t31}
\dcurve{t41}{t12}
\ediag
\bdiags
\dtext{0}{$(-2*1 - 2*\Perm{ijab}{jiba})$}
\dTdv{2}{t0}
\dWs{t11}{t12}
\dAmp[$T$]{}{1}{t2}
\dAmp[$T$]{}{1}{t3}
\dAmp[$T$]{}{2}{t4}
\dcurve{t01}{t31}
\dcurve{t41}{t01}
\dcurve{t02}{t42}
\dcurve{t42}{t02}
\dcurve{t11}{t21}
\dcurve{t21}{t11}
\dcurve{t12}{t41}
\dcurve{t31}{t12}
\ediag
\bdiags
\dtext{0}{$(2*1 + 2*\Perm{ijab}{jiba})$}
\dTdv{2}{t0}
\dWs{t11}{t12}
\dAmp[$T$]{}{2}{t2}
\dcurve{t01}{t12}
\dcurve{t12}{t01}
\dcurve{t02}{t22}
\dcurve{t22}{t02}
\dcurve{t11}{t21}
\dcurve{t21}{t11}
\ediag
\bdiags
\dtext{0}{$(2*1 + 2*\Perm{ijab}{jiba})$}
\dTdv{2}{t0}
\dWs{t11}{t12}
\dAmp[$T$]{}{1}{t2}
\dAmp[$T$]{}{2}{t3}
\dcurve{t01}{t31}
\dcurve{t12}{t01}
\dcurve{t02}{t32}
\dcurve{t32}{t02}
\dcurve{t11}{t21}
\dcurve{t21}{t11}
\dcurve{t31}{t12}
\ediag
\bdiags
\dtext{0}{$(-2*1 - 2*\Perm{ijab}{jiba})$}
\dTdv{2}{t0}
\dWs{t11}{t12}
\dAmp[$T$]{}{1}{t2}
\dAmp[$T$]{}{1}{t3}
\dAmp[$T$]{}{2}{t4}
\dcurve{t01}{t31}
\dcurve{t21}{t01}
\dcurve{t02}{t42}
\dcurve{t42}{t02}
\dcurve{t11}{t21}
\dcurve{t31}{t11}
\dcurve{t12}{t41}
\dcurve{t41}{t12}
\ediag
\bdiags
\dtext{0}{$(2*1 + 2*\Perm{ijab}{jiba})$}
\dTdv{2}{t0}
\dWs{t11}{t12}
\dAmp[$T$]{}{1}{t2}
\dAmp[$T$]{}{2}{t3}
\dcurve{t01}{t21}
\dcurve{t12}{t01}
\dcurve{t02}{t32}
\dcurve{t32}{t02}
\dcurve{t11}{t31}
\dcurve{t31}{t11}
\dcurve{t21}{t12}
\ediag
\bdiags
\dtext{0}{$(-1 - \Perm{ijab}{jiba})$}
\dTdv{2}{t0}
\dFs{t1}
\dAmp[$T$]{}{2}{t2}
\dcurve{t01}{t11}
\dcurve{t21}{t01}
\dcurve{t02}{t22}
\dcurve{t22}{t02}
\dcurve{t11}{t21}
\ediag
\bdiags
\dtext{0}{$(-1 - \Perm{ijab}{jiba})$}
\dTdv{2}{t0}
\dFs{t1}
\dAmp[$T$]{}{1}{t2}
\dAmp[$T$]{}{2}{t3}
\dcurve{t01}{t31}
\dcurve{t21}{t01}
\dcurve{t02}{t32}
\dcurve{t32}{t02}
\dcurve{t11}{t21}
\dcurve{t31}{t11}
\ediag
\bdiags
\dtext{0}{$(-1 - \Perm{ijab}{jiba})$}
\dTdv{2}{t0}
\dFs{t1}
\dAmp[$T$]{}{1}{t2}
\dAmp[$T$]{}{2}{t3}
\dcurve{t01}{t21}
\dcurve{t31}{t01}
\dcurve{t02}{t32}
\dcurve{t32}{t02}
\dcurve{t11}{t31}
\dcurve{t21}{t11}
\ediag
\bdiags
\dtext{0}{$(1 + \Perm{ijab}{jiba})$}
\dTdv{2}{t0}
\dFs{t1}
\dAmp[$T$]{}{2}{t2}
\dcurve{t01}{t21}
\dcurve{t11}{t01}
\dcurve{t02}{t22}
\dcurve{t22}{t02}
\dcurve{t21}{t11}
\ediag
\bdiags
\dTdv{2}{t0}
\dWs{t11}{t12}
\dAmp[$T$]{}{2}{t2}
\dcurve{t01}{t11}
\dcurve{t21}{t01}
\dcurve{t02}{t12}
\dcurve{t22}{t02}
\dcurve{t11}{t21}
\dcurve{t12}{t22}
\ediag
\bdiags
\dTdv{2}{t0}
\dWs{t11}{t12}
\dAmp[$T$]{}{1}{t2}
\dAmp[$T$]{}{1}{t3}
\dcurve{t01}{t11}
\dcurve{t21}{t01}
\dcurve{t02}{t12}
\dcurve{t31}{t02}
\dcurve{t11}{t21}
\dcurve{t12}{t31}
\ediag
\bdiags
\dtext{0}{$(1 + \Perm{ijab}{jiba})$}
\dTdv{2}{t0}
\dWs{t11}{t12}
\dAmp[$T$]{}{1}{t2}
\dAmp[$T$]{}{2}{t3}
\dcurve{t01}{t11}
\dcurve{t31}{t01}
\dcurve{t02}{t32}
\dcurve{t32}{t02}
\dcurve{t11}{t21}
\dcurve{t12}{t31}
\dcurve{t21}{t12}
\ediag
\bdiags
\dtext{0}{$(1 + \Perm{ijab}{jiba})$}
\dTdv{2}{t0}
\dWs{t11}{t12}
\dAmp[$T$]{}{1}{t2}
\dAmp[$T$]{}{2}{t3}
\dcurve{t01}{t11}
\dcurve{t21}{t01}
\dcurve{t02}{t32}
\dcurve{t31}{t02}
\dcurve{t11}{t21}
\dcurve{t12}{t31}
\dcurve{t32}{t12}
\ediag
\bdiags
\dtext{0}{$(1 + \Perm{ijab}{jiba})$}
\dTdv{2}{t0}
\dWs{t11}{t12}
\dAmp[$T$]{}{1}{t2}
\dAmp[$T$]{}{1}{t3}
\dAmp[$T$]{}{1}{t4}
\dcurve{t01}{t11}
\dcurve{t21}{t01}
\dcurve{t02}{t41}
\dcurve{t31}{t02}
\dcurve{t11}{t21}
\dcurve{t12}{t31}
\dcurve{t41}{t12}
\ediag
\bdiags
\dtext{0}{$(-1 - \Perm{ijab}{jiba})$}
\dTdv{2}{t0}
\dWs{t11}{t12}
\dAmp[$T$]{}{2}{t2}
\dcurve{t01}{t11}
\dcurve{t12}{t01}
\dcurve{t02}{t22}
\dcurve{t22}{t02}
\dcurve{t11}{t21}
\dcurve{t21}{t12}
\ediag
\bdiags
\dtext{0}{$(-1 - \Perm{ijab}{jiba})$}
\dTdv{2}{t0}
\dWs{t11}{t12}
\dAmp[$T$]{}{1}{t2}
\dcurve{t01}{t11}
\dcurve{t21}{t01}
\dcurve{t02}{t12}
\dcurve{t12}{t02}
\dcurve{t11}{t21}
\ediag
\bdiags
\dtext{0}{$(-1 - \Perm{ijab}{jiba})$}
\dTdv{2}{t0}
\dWs{t11}{t12}
\dAmp[$T$]{}{2}{t2}
\dcurve{t01}{t11}
\dcurve{t21}{t01}
\dcurve{t02}{t22}
\dcurve{t12}{t02}
\dcurve{t11}{t21}
\dcurve{t22}{t12}
\ediag
\bdiags
\dtext{0}{$(-1 - \Perm{ijab}{jiba})$}
\dTdv{2}{t0}
\dWs{t11}{t12}
\dAmp[$T$]{}{1}{t2}
\dAmp[$T$]{}{1}{t3}
\dcurve{t01}{t11}
\dcurve{t21}{t01}
\dcurve{t02}{t31}
\dcurve{t12}{t02}
\dcurve{t11}{t21}
\dcurve{t31}{t12}
\ediag
\bdiags
\dtext{0}{$(-1 - \Perm{ijab}{jiba})$}
\dTdv{2}{t0}
\dWs{t11}{t12}
\dAmp[$T$]{}{2}{t2}
\dcurve{t01}{t12}
\dcurve{t12}{t01}
\dcurve{t02}{t22}
\dcurve{t21}{t02}
\dcurve{t11}{t21}
\dcurve{t22}{t11}
\ediag
\bdiags
\dtext{0}{$(1 + \Perm{ijab}{jiba})$}
\dTdv{2}{t0}
\dWs{t11}{t12}
\dAmp[$T$]{}{1}{t2}
\dAmp[$T$]{}{2}{t3}
\dcurve{t01}{t12}
\dcurve{t21}{t01}
\dcurve{t02}{t32}
\dcurve{t32}{t02}
\dcurve{t11}{t21}
\dcurve{t31}{t11}
\dcurve{t12}{t31}
\ediag
\bdiags
\dtext{0}{$(1 + \Perm{ijab}{jiba})$}
\dTdv{2}{t0}
\dWs{t11}{t12}
\dAmp[$T$]{}{1}{t2}
\dAmp[$T$]{}{1}{t3}
\dAmp[$T$]{}{2}{t4}
\dcurve{t01}{t41}
\dcurve{t21}{t01}
\dcurve{t02}{t42}
\dcurve{t42}{t02}
\dcurve{t11}{t21}
\dcurve{t31}{t11}
\dcurve{t12}{t31}
\dcurve{t41}{t12}
\ediag
\bdiags
\dtext{0}{$(1 + \Perm{ijab}{jiba})$}
\dTdv{2}{t0}
\dWs{t11}{t12}
\dAmp[$T$]{}{1}{t2}
\dAmp[$T$]{}{2}{t3}
\dcurve{t01}{t12}
\dcurve{t32}{t01}
\dcurve{t02}{t31}
\dcurve{t21}{t02}
\dcurve{t11}{t21}
\dcurve{t31}{t11}
\dcurve{t12}{t32}
\ediag
\bdiags
\dtext{0}{$(1 + \Perm{ijab}{jiba})$}
\dTdv{2}{t0}
\dWs{t11}{t12}
\dAmp[$T$]{}{1}{t2}
\dAmp[$T$]{}{1}{t3}
\dAmp[$T$]{}{2}{t4}
\dcurve{t01}{t31}
\dcurve{t41}{t01}
\dcurve{t02}{t42}
\dcurve{t42}{t02}
\dcurve{t11}{t21}
\dcurve{t31}{t11}
\dcurve{t12}{t41}
\dcurve{t21}{t12}
\ediag
\bdiags
\dtext{0}{$(1 + \Perm{ijab}{jiba})$}
\dTdv{2}{t0}
\dWs{t11}{t12}
\dAmp[$T$]{}{1}{t2}
\dAmp[$T$]{}{1}{t3}
\dAmp[$T$]{}{2}{t4}
\dcurve{t01}{t31}
\dcurve{t21}{t01}
\dcurve{t02}{t42}
\dcurve{t41}{t02}
\dcurve{t11}{t21}
\dcurve{t31}{t11}
\dcurve{t12}{t41}
\dcurve{t42}{t12}
\ediag
\bdiags
\dTdv{2}{t0}
\dWs{t11}{t12}
\dAmp[$T$]{}{1}{t2}
\dAmp[$T$]{}{1}{t3}
\dAmp[$T$]{}{1}{t4}
\dAmp[$T$]{}{1}{t5}
\dcurve{t01}{t31}
\dcurve{t21}{t01}
\dcurve{t02}{t51}
\dcurve{t41}{t02}
\dcurve{t11}{t21}
\dcurve{t31}{t11}
\dcurve{t12}{t41}
\dcurve{t51}{t12}
\ediag
\bdiags
\dtext{0}{$(-1 - \Perm{ijab}{jiba})$}
\dTdv{2}{t0}
\dWs{t11}{t12}
\dAmp[$T$]{}{1}{t2}
\dAmp[$T$]{}{1}{t3}
\dcurve{t01}{t12}
\dcurve{t12}{t01}
\dcurve{t02}{t31}
\dcurve{t21}{t02}
\dcurve{t11}{t21}
\dcurve{t31}{t11}
\ediag
\bdiags
\dtext{0}{$(-1 - \Perm{ijab}{jiba})$}
\dTdv{2}{t0}
\dWs{t11}{t12}
\dAmp[$T$]{}{1}{t2}
\dAmp[$T$]{}{2}{t3}
\dcurve{t01}{t31}
\dcurve{t12}{t01}
\dcurve{t02}{t32}
\dcurve{t32}{t02}
\dcurve{t11}{t21}
\dcurve{t31}{t11}
\dcurve{t21}{t12}
\ediag
\bdiags
\dtext{0}{$(-1 - \Perm{ijab}{jiba})$}
\dTdv{2}{t0}
\dWs{t11}{t12}
\dAmp[$T$]{}{1}{t2}
\dAmp[$T$]{}{2}{t3}
\dcurve{t01}{t32}
\dcurve{t12}{t01}
\dcurve{t02}{t31}
\dcurve{t21}{t02}
\dcurve{t11}{t21}
\dcurve{t31}{t11}
\dcurve{t32}{t12}
\ediag
\bdiags
\dtext{0}{$(-1 - \Perm{ijab}{jiba})$}
\dTdv{2}{t0}
\dWs{t11}{t12}
\dAmp[$T$]{}{1}{t2}
\dAmp[$T$]{}{1}{t3}
\dAmp[$T$]{}{1}{t4}
\dcurve{t01}{t41}
\dcurve{t12}{t01}
\dcurve{t02}{t31}
\dcurve{t21}{t02}
\dcurve{t11}{t21}
\dcurve{t31}{t11}
\dcurve{t41}{t12}
\ediag
\bdiags
\dTdv{2}{t0}
\dWs{t11}{t12}
\dAmp[$T$]{}{1}{t2}
\dAmp[$T$]{}{1}{t3}
\dAmp[$T$]{}{2}{t4}
\dcurve{t01}{t41}
\dcurve{t21}{t01}
\dcurve{t02}{t42}
\dcurve{t31}{t02}
\dcurve{t11}{t21}
\dcurve{t41}{t11}
\dcurve{t12}{t31}
\dcurve{t42}{t12}
\ediag
\bdiags
\dtext{0}{$(1 + \Perm{ijab}{jiba})$}
\dTdv{2}{t0}
\dWs{t11}{t12}
\dAmp[$T$]{}{1}{t2}
\dAmp[$T$]{}{1}{t3}
\dAmp[$T$]{}{2}{t4}
\dcurve{t01}{t31}
\dcurve{t21}{t01}
\dcurve{t02}{t42}
\dcurve{t42}{t02}
\dcurve{t11}{t21}
\dcurve{t41}{t11}
\dcurve{t12}{t41}
\dcurve{t31}{t12}
\ediag
\bdiags
\dtext{0}{$(1 + \Perm{ijab}{jiba})$}
\dTdv{2}{t0}
\dWs{t11}{t12}
\dAmp[$T$]{}{1}{t2}
\dAmp[$T$]{}{1}{t3}
\dAmp[$T$]{}{2}{t4}
\dcurve{t01}{t41}
\dcurve{t21}{t01}
\dcurve{t02}{t31}
\dcurve{t42}{t02}
\dcurve{t11}{t21}
\dcurve{t41}{t11}
\dcurve{t12}{t42}
\dcurve{t31}{t12}
\ediag
\bdiags
\dtext{0}{$(1 + \Perm{ijab}{jiba})$}
\dTdv{2}{t0}
\dWs{t11}{t12}
\dAmp[$T$]{}{1}{t2}
\dAmp[$T$]{}{2}{t3}
\dcurve{t01}{t11}
\dcurve{t31}{t01}
\dcurve{t02}{t21}
\dcurve{t32}{t02}
\dcurve{t11}{t31}
\dcurve{t12}{t32}
\dcurve{t21}{t12}
\ediag
\bdiags
\dtext{0}{$(-1 - \Perm{ijab}{jiba})$}
\dTdv{2}{t0}
\dWs{t11}{t12}
\dAmp[$T$]{}{1}{t2}
\dAmp[$T$]{}{2}{t3}
\dcurve{t01}{t21}
\dcurve{t12}{t01}
\dcurve{t02}{t32}
\dcurve{t32}{t02}
\dcurve{t11}{t31}
\dcurve{t21}{t11}
\dcurve{t31}{t12}
\ediag
\bdiags
\dtext{0}{$(-1 - \Perm{ijab}{jiba})$}
\dTdv{2}{t0}
\dWs{t11}{t12}
\dAmp[$T$]{}{1}{t2}
\dAmp[$T$]{}{2}{t3}
\dcurve{t01}{t32}
\dcurve{t12}{t01}
\dcurve{t02}{t21}
\dcurve{t31}{t02}
\dcurve{t11}{t31}
\dcurve{t21}{t11}
\dcurve{t32}{t12}
\ediag
\bdiags
\dtext{0}{$(-1 - \Perm{ijab}{jiba})$}
\dTdv{2}{t0}
\dWs{t11}{t12}
\dAmp[$T$]{}{1}{t2}
\dAmp[$T$]{}{2}{t3}
\dcurve{t01}{t21}
\dcurve{t12}{t01}
\dcurve{t02}{t32}
\dcurve{t31}{t02}
\dcurve{t11}{t31}
\dcurve{t32}{t11}
\dcurve{t21}{t12}
\ediag
\bdiags
\dTdv{2}{t0}
\dWs{t11}{t12}
\dAmp[$T$]{}{1}{t2}
\dAmp[$T$]{}{1}{t3}
\dAmp[$T$]{}{2}{t4}
\dcurve{t01}{t21}
\dcurve{t41}{t01}
\dcurve{t02}{t31}
\dcurve{t42}{t02}
\dcurve{t11}{t41}
\dcurve{t21}{t11}
\dcurve{t12}{t42}
\dcurve{t31}{t12}
\ediag
\bdiags
\dTdv{2}{t0}
\dWs{t11}{t12}
\dcurve{t01}{t11}
\dcurve{t11}{t01}
\dcurve{t02}{t12}
\dcurve{t12}{t02}
\ediag
\bdiags
\dtext{0}{$(1 + \Perm{ijab}{jiba})$}
\dTdv{2}{t0}
\dWs{t11}{t12}
\dAmp[$T$]{}{1}{t2}
\dcurve{t01}{t11}
\dcurve{t11}{t01}
\dcurve{t02}{t21}
\dcurve{t12}{t02}
\dcurve{t21}{t12}
\ediag
\bdiags
\dTdv{2}{t0}
\dWs{t11}{t12}
\dAmp[$T$]{}{2}{t2}
\dcurve{t01}{t21}
\dcurve{t11}{t01}
\dcurve{t02}{t22}
\dcurve{t12}{t02}
\dcurve{t21}{t11}
\dcurve{t22}{t12}
\ediag
\bdiags
\dTdv{2}{t0}
\dWs{t11}{t12}
\dAmp[$T$]{}{1}{t2}
\dAmp[$T$]{}{1}{t3}
\dcurve{t01}{t21}
\dcurve{t11}{t01}
\dcurve{t02}{t31}
\dcurve{t12}{t02}
\dcurve{t21}{t11}
\dcurve{t31}{t12}
\ediag

CCSD singles amplitude equation:
\beq
&&\bracs \op H (1+\op T_1 + \half \op T_1 \op T_1 + \frac{1}{6}\op T_1 \op T_1 \op T_1 + \frac{1}{24}\op T_1 \op T_1 \op T_1 \op T_1)(1 +\op T_2 ) |0>_C
=\nl
4*1\sum_{jkbc}\tnsr \intg{jb}{kc}\tnsr T^{j}_{b}\tnsr T^{ki}_{ca} + 2*1\sum_{jb}\tnsr f_{jb}\tnsr T^{ji}_{ba} + (-2*1)\sum_{jj_{1}b_{1}}\tnsr \intg{ji}{j_{1}b_{1}}\tnsr T^{jj_{1}}_{ab_{1}}\nl
 + (-2*1)\sum_{jkc}\tnsr \intg{ji}{kc}\tnsr T^{j}_{a}\tnsr T^{k}_{c} + (-2*1)\sum_{jkbc_{1}}\tnsr \intg{jb}{kc_{1}}\tnsr T^{j}_{b}\tnsr T^{ki}_{ac_{1}} + (-2*1)\sum_{jkbd}\tnsr \intg{jb}{kd}\tnsr T^{j}_{b}\tnsr T^{k}_{a}\tnsr T^{i}_{d}\nl
 + 2*1\sum_{jb}\tnsr \intg{jb}{ai}\tnsr T^{j}_{b} + 2*1\sum_{jbb_{1}}\tnsr \intg{jb}{ab_{1}}\tnsr T^{ji}_{bb_{1}} + 2*1\sum_{jbc}\tnsr \intg{jb}{ac}\tnsr T^{j}_{b}\tnsr T^{i}_{c}\nl
 + (-2*1)\sum_{jkbc}\tnsr \intg{jc}{kb}\tnsr T^{j}_{b}\tnsr T^{ki}_{ca} + (-2*1)\sum_{jk_{1}cc_{1}}\tnsr \intg{jc}{k_{1}c_{1}}\tnsr T^{j}_{a}\tnsr T^{ik_{1}}_{cc_{1}}\nl
 + (-2*1)\sum_{kk_{1}bc_{1}}\tnsr \intg{kb}{k_{1}c_{1}}\tnsr T^{i}_{b}\tnsr T^{kk_{1}}_{ac_{1}} + (-1)\sum_{j}\tnsr f_{ji}\tnsr T^{j}_{a} + (-1)\sum_{jb_{1}}\tnsr f_{jb_{1}}\tnsr T^{ji}_{ab_{1}} + (-1)\sum_{jc}\tnsr f_{jc}\tnsr T^{j}_{a}\tnsr T^{i}_{c}\nl
 + \tnsr f_{ai} + \sum_{b}\tnsr f_{ab}\tnsr T^{i}_{b} + \sum_{jj_{1}b}\tnsr \intg{ji}{j_{1}b}\tnsr T^{jj_{1}}_{ba} + \sum_{jkb}\tnsr \intg{ji}{kb}\tnsr T^{j}_{b}\tnsr T^{k}_{a} + (-1)\sum_{jb}\tnsr \intg{ji}{ab}\tnsr T^{j}_{b}\nl
 + (-1)\sum_{jbb_{1}}\tnsr \intg{jb_{1}}{ab}\tnsr T^{ji}_{bb_{1}} + \sum_{jkcc_{1}}\tnsr \intg{jc}{kc_{1}}\tnsr T^{j}_{a}\tnsr T^{ki}_{cc_{1}} + \sum_{jkcd}\tnsr \intg{jc}{kd}\tnsr T^{j}_{a}\tnsr T^{k}_{c}\tnsr T^{i}_{d}\nl
 + \sum_{jk_{1}bc}\tnsr \intg{jc}{k_{1}b}\tnsr T^{j}_{b}\tnsr T^{ik_{1}}_{ca} + (-1)\sum_{jbc}\tnsr \intg{jc}{ab}\tnsr T^{j}_{b}\tnsr T^{i}_{c} + \sum_{kk_{1}bc}\tnsr \intg{kb}{k_{1}c}\tnsr T^{i}_{b}\tnsr T^{kk_{1}}_{ca}
\eeq
 Diagrams: 

\bdiags
\dtext{0}{$(4*1)$}
\dTdv{1}{t0}
\dWs{t11}{t12}
\dAmp[$T$]{}{1}{t2}
\dAmp[$T$]{}{2}{t3}
\dcurve{t01}{t32}
\dcurve{t32}{t01}
\dcurve{t11}{t21}
\dcurve{t21}{t11}
\dcurve{t12}{t31}
\dcurve{t31}{t12}
\ediag
\bdiags
\dtext{0}{$(2*1)$}
\dTdv{1}{t0}
\dFs{t1}
\dAmp[$T$]{}{2}{t2}
\dcurve{t01}{t22}
\dcurve{t22}{t01}
\dcurve{t11}{t21}
\dcurve{t21}{t11}
\ediag
\bdiags
\dtext{0}{$(-2*1)$}
\dTdv{1}{t0}
\dWs{t11}{t12}
\dAmp[$T$]{}{2}{t2}
\dcurve{t01}{t11}
\dcurve{t21}{t01}
\dcurve{t11}{t21}
\dcurve{t12}{t22}
\dcurve{t22}{t12}
\ediag
\bdiags
\dtext{0}{$(-2*1)$}
\dTdv{1}{t0}
\dWs{t11}{t12}
\dAmp[$T$]{}{1}{t2}
\dAmp[$T$]{}{1}{t3}
\dcurve{t01}{t11}
\dcurve{t21}{t01}
\dcurve{t11}{t21}
\dcurve{t12}{t31}
\dcurve{t31}{t12}
\ediag
\bdiags
\dtext{0}{$(-2*1)$}
\dTdv{1}{t0}
\dWs{t11}{t12}
\dAmp[$T$]{}{1}{t2}
\dAmp[$T$]{}{2}{t3}
\dcurve{t01}{t32}
\dcurve{t31}{t01}
\dcurve{t11}{t21}
\dcurve{t21}{t11}
\dcurve{t12}{t31}
\dcurve{t32}{t12}
\ediag
\bdiags
\dtext{0}{$(-2*1)$}
\dTdv{1}{t0}
\dWs{t11}{t12}
\dAmp[$T$]{}{1}{t2}
\dAmp[$T$]{}{1}{t3}
\dAmp[$T$]{}{1}{t4}
\dcurve{t01}{t41}
\dcurve{t31}{t01}
\dcurve{t11}{t21}
\dcurve{t21}{t11}
\dcurve{t12}{t31}
\dcurve{t41}{t12}
\ediag
\bdiags
\dtext{0}{$(2*1)$}
\dTdv{1}{t0}
\dWs{t11}{t12}
\dAmp[$T$]{}{1}{t2}
\dcurve{t01}{t12}
\dcurve{t12}{t01}
\dcurve{t11}{t21}
\dcurve{t21}{t11}
\ediag
\bdiags
\dtext{0}{$(2*1)$}
\dTdv{1}{t0}
\dWs{t11}{t12}
\dAmp[$T$]{}{2}{t2}
\dcurve{t01}{t22}
\dcurve{t12}{t01}
\dcurve{t11}{t21}
\dcurve{t21}{t11}
\dcurve{t22}{t12}
\ediag
\bdiags
\dtext{0}{$(2*1)$}
\dTdv{1}{t0}
\dWs{t11}{t12}
\dAmp[$T$]{}{1}{t2}
\dAmp[$T$]{}{1}{t3}
\dcurve{t01}{t31}
\dcurve{t12}{t01}
\dcurve{t11}{t21}
\dcurve{t21}{t11}
\dcurve{t31}{t12}
\ediag
\bdiags
\dtext{0}{$(-2*1)$}
\dTdv{1}{t0}
\dWs{t11}{t12}
\dAmp[$T$]{}{1}{t2}
\dAmp[$T$]{}{2}{t3}
\dcurve{t01}{t32}
\dcurve{t32}{t01}
\dcurve{t11}{t21}
\dcurve{t31}{t11}
\dcurve{t12}{t31}
\dcurve{t21}{t12}
\ediag
\bdiags
\dtext{0}{$(-2*1)$}
\dTdv{1}{t0}
\dWs{t11}{t12}
\dAmp[$T$]{}{1}{t2}
\dAmp[$T$]{}{2}{t3}
\dcurve{t01}{t31}
\dcurve{t21}{t01}
\dcurve{t11}{t21}
\dcurve{t31}{t11}
\dcurve{t12}{t32}
\dcurve{t32}{t12}
\ediag
\bdiags
\dtext{0}{$(-2*1)$}
\dTdv{1}{t0}
\dWs{t11}{t12}
\dAmp[$T$]{}{1}{t2}
\dAmp[$T$]{}{2}{t3}
\dcurve{t01}{t21}
\dcurve{t31}{t01}
\dcurve{t11}{t31}
\dcurve{t21}{t11}
\dcurve{t12}{t32}
\dcurve{t32}{t12}
\ediag
\bdiags
\dtext{0}{$(-1)$}
\dTdv{1}{t0}
\dFs{t1}
\dAmp[$T$]{}{1}{t2}
\dcurve{t01}{t11}
\dcurve{t21}{t01}
\dcurve{t11}{t21}
\ediag
\bdiags
\dtext{0}{$(-1)$}
\dTdv{1}{t0}
\dFs{t1}
\dAmp[$T$]{}{2}{t2}
\dcurve{t01}{t22}
\dcurve{t21}{t01}
\dcurve{t11}{t21}
\dcurve{t22}{t11}
\ediag
\bdiags
\dtext{0}{$(-1)$}
\dTdv{1}{t0}
\dFs{t1}
\dAmp[$T$]{}{1}{t2}
\dAmp[$T$]{}{1}{t3}
\dcurve{t01}{t31}
\dcurve{t21}{t01}
\dcurve{t11}{t21}
\dcurve{t31}{t11}
\ediag
\bdiags
\dTdv{1}{t0}
\dFs{t1}
\dcurve{t01}{t11}
\dcurve{t11}{t01}
\ediag
\bdiags
\dTdv{1}{t0}
\dFs{t1}
\dAmp[$T$]{}{1}{t2}
\dcurve{t01}{t21}
\dcurve{t11}{t01}
\dcurve{t21}{t11}
\ediag
\bdiags
\dTdv{1}{t0}
\dWs{t11}{t12}
\dAmp[$T$]{}{2}{t2}
\dcurve{t01}{t11}
\dcurve{t22}{t01}
\dcurve{t11}{t21}
\dcurve{t12}{t22}
\dcurve{t21}{t12}
\ediag
\bdiags
\dTdv{1}{t0}
\dWs{t11}{t12}
\dAmp[$T$]{}{1}{t2}
\dAmp[$T$]{}{1}{t3}
\dcurve{t01}{t11}
\dcurve{t31}{t01}
\dcurve{t11}{t21}
\dcurve{t12}{t31}
\dcurve{t21}{t12}
\ediag
\bdiags
\dtext{0}{$(-1)$}
\dTdv{1}{t0}
\dWs{t11}{t12}
\dAmp[$T$]{}{1}{t2}
\dcurve{t01}{t11}
\dcurve{t12}{t01}
\dcurve{t11}{t21}
\dcurve{t21}{t12}
\ediag
\bdiags
\dtext{0}{$(-1)$}
\dTdv{1}{t0}
\dWs{t11}{t12}
\dAmp[$T$]{}{2}{t2}
\dcurve{t01}{t22}
\dcurve{t12}{t01}
\dcurve{t11}{t21}
\dcurve{t22}{t11}
\dcurve{t21}{t12}
\ediag
\bdiags
\dTdv{1}{t0}
\dWs{t11}{t12}
\dAmp[$T$]{}{1}{t2}
\dAmp[$T$]{}{2}{t3}
\dcurve{t01}{t32}
\dcurve{t21}{t01}
\dcurve{t11}{t21}
\dcurve{t31}{t11}
\dcurve{t12}{t31}
\dcurve{t32}{t12}
\ediag
\bdiags
\dTdv{1}{t0}
\dWs{t11}{t12}
\dAmp[$T$]{}{1}{t2}
\dAmp[$T$]{}{1}{t3}
\dAmp[$T$]{}{1}{t4}
\dcurve{t01}{t41}
\dcurve{t21}{t01}
\dcurve{t11}{t21}
\dcurve{t31}{t11}
\dcurve{t12}{t31}
\dcurve{t41}{t12}
\ediag
\bdiags
\dTdv{1}{t0}
\dWs{t11}{t12}
\dAmp[$T$]{}{1}{t2}
\dAmp[$T$]{}{2}{t3}
\dcurve{t01}{t31}
\dcurve{t32}{t01}
\dcurve{t11}{t21}
\dcurve{t31}{t11}
\dcurve{t12}{t32}
\dcurve{t21}{t12}
\ediag
\bdiags
\dtext{0}{$(-1)$}
\dTdv{1}{t0}
\dWs{t11}{t12}
\dAmp[$T$]{}{1}{t2}
\dAmp[$T$]{}{1}{t3}
\dcurve{t01}{t31}
\dcurve{t12}{t01}
\dcurve{t11}{t21}
\dcurve{t31}{t11}
\dcurve{t21}{t12}
\ediag
\bdiags
\dTdv{1}{t0}
\dWs{t11}{t12}
\dAmp[$T$]{}{1}{t2}
\dAmp[$T$]{}{2}{t3}
\dcurve{t01}{t21}
\dcurve{t32}{t01}
\dcurve{t11}{t31}
\dcurve{t21}{t11}
\dcurve{t12}{t32}
\dcurve{t31}{t12}
\ediag

Energy
\beq
&&<0| \op H (1+\op T_1 + \half \op T_1 \op T_1 + \frac{1}{6}\op T_1 \op T_1 \op T_1 + \frac{1}{24}\op T_1 \op T_1 \op T_1 \op T_1)(1 +\op T_2 ) |0>_C
=\nl
2*1\sum_{ii_{1}aa_{1}}\tnsr \intg{ia}{i_{1}a_{1}}\tnsr T^{ii_{1}}_{aa_{1}} + 2*1\sum_{ijab}\tnsr \intg{ia}{jb}\tnsr T^{i}_{a}\tnsr T^{j}_{b} + 2*1\sum_{ia}\tnsr f_{ia}\tnsr T^{i}_{a} + (-1)\sum_{ii_{1}aa_{1}}\tnsr \intg{ia_{1}}{i_{1}a}\tnsr T^{ii_{1}}_{aa_{1}}\nl
 + (-1)\sum_{ijab}\tnsr \intg{ib}{ja}\tnsr T^{i}_{a}\tnsr T^{j}_{b}
\eeq
 Diagrams: 

\bdiags
\dtext{0}{$(2*1)$}
\dWs{t01}{t02}
\dAmp[$T$]{}{2}{t1}
\dcurve{t01}{t11}
\dcurve{t11}{t01}
\dcurve{t02}{t12}
\dcurve{t12}{t02}
\ediag
\bdiags
\dtext{0}{$(2*1)$}
\dWs{t01}{t02}
\dAmp[$T$]{}{1}{t1}
\dAmp[$T$]{}{1}{t2}
\dcurve{t01}{t11}
\dcurve{t11}{t01}
\dcurve{t02}{t21}
\dcurve{t21}{t02}
\ediag
\bdiags
\dtext{0}{$(2*1)$}
\dFs{t0}
\dAmp[$T$]{}{1}{t1}
\dcurve{t01}{t11}
\dcurve{t11}{t01}
\ediag
\bdiags
\dtext{0}{$(-1)$}
\dWs{t01}{t02}
\dAmp[$T$]{}{2}{t1}
\dcurve{t01}{t11}
\dcurve{t12}{t01}
\dcurve{t02}{t12}
\dcurve{t11}{t02}
\ediag
\bdiags
\dtext{0}{$(-1)$}
\dWs{t01}{t02}
\dAmp[$T$]{}{1}{t1}
\dAmp[$T$]{}{1}{t2}
\dcurve{t01}{t11}
\dcurve{t21}{t01}
\dcurve{t02}{t21}
\dcurve{t11}{t02}
\ediag

MP2 from variational CC2

\beq
&&<0| \op \tau^\dg_{\mu_2} (\op W + \op F \op T_2) |0>_C
=\nl
(-2*1 + \Perm{ii_{1}}{i_{1}i} + \Perm{aa_{1}}{a_{1}a} - 2*\Perm{ii_{1}aa_{1}}{i_{1}ia_{1}a})\sum_{j}\tnsr f_{ji}\tnsr T^{ji_{1}}_{aa_{1}} + (2*1 - \Perm{ii_{1}}{i_{1}i} - \Perm{aa_{1}}{a_{1}a} \newpg
\eeq
\beq
&& + 2*\Perm{ii_{1}aa_{1}}{i_{1}ia_{1}a})\sum_{b}\tnsr f_{ab}\tnsr T^{ii_{1}}_{ba_{1}} + (2*1 - \Perm{aa_{1}}{a_{1}a})\tnsr \intg{ai}{a_{1}i_{1}}
\eeq
 Diagrams: 

\bdiags
\dtext{0}{$(-2*1 + \Perm{ii_{1}}{i_{1}i} + \Perm{aa_{1}}{a_{1}a} - 2*\Perm{ii_{1}aa_{1}}{i_{1}ia_{1}a})$}
\dTdv{2}{t0}
\dFs{t1}
\dAmp[$T$]{}{2}{t2}
\dcurve{t01}{t11}
\dcurve{t21}{t01}
\dcurve{t02}{t22}
\dcurve{t22}{t02}
\dcurve{t11}{t21}
\ediag
\bdiags
\dtext{0}{$(2*1 - \Perm{ii_{1}}{i_{1}i} - \Perm{aa_{1}}{a_{1}a} + 2*\Perm{ii_{1}aa_{1}}{i_{1}ia_{1}a})$}
\dTdv{2}{t0}
\dFs{t1}
\dAmp[$T$]{}{2}{t2}
\dcurve{t01}{t21}
\dcurve{t11}{t01}
\dcurve{t02}{t22}
\dcurve{t22}{t02}
\dcurve{t21}{t11}
\ediag
\bdiags
\dtext{0}{$(2*1 - \Perm{aa_{1}}{a_{1}a})$}
\dTdv{2}{t0}
\dWs{t11}{t12}
\dcurve{t01}{t11}
\dcurve{t11}{t01}
\dcurve{t02}{t12}
\dcurve{t12}{t02}
\ediag
