

\beq
&&<0| (\op T_1^\dg (\op H \op T_1)_C)_D \op T_2 |0>_C
=\nl
8*1\sum_{ijkabc}\tnsr T^{{\snam{\dg}}a}_{i}\tnsr \intg{jb}{kc}\tnsr T^{j}_{b}\tnsr T^{ki}_{ca} + (-4*1)\sum_{ijkabc_{1}}\tnsr T^{{\snam{\dg}}a}_{i}\tnsr \intg{jb}{kc_{1}}\tnsr T^{j}_{b}\tnsr T^{ki}_{ac_{1}}\nl
 + (-4*1)\sum_{ijkabc}\tnsr T^{{\snam{\dg}}a}_{i}\tnsr \intg{jc}{kb}\tnsr T^{j}_{b}\tnsr T^{ki}_{ca} + 2*1\sum_{ijk_{1}abc}\tnsr T^{{\snam{\dg}}a}_{i}\tnsr \intg{jc}{k_{1}b}\tnsr T^{j}_{b}\tnsr T^{ik_{1}}_{ca}
\eeq

\beq
&&\sum_{\mu_1}\tnsr T^{\dg}_{\mu_1}<0| (\op \tau_{\mu_1}^\dg (\op H \op T_1)_C)_D \op T_2 |0>_C
=\nl
8*1\sum_{ijkabc}\tnsr T^{{\snam{\dg}}a}_{i}\tnsr \intg{jb}{kc}\tnsr T^{j}_{b}\tnsr T^{ki}_{ca} + (-4*1)\sum_{ijkabc_{1}}\tnsr T^{{\snam{\dg}}a}_{i}\tnsr \intg{jb}{kc_{1}}\tnsr T^{j}_{b}\tnsr T^{ki}_{ac_{1}}\nl
 + (-4*1)\sum_{ijkabc}\tnsr T^{{\snam{\dg}}a}_{i}\tnsr \intg{jc}{kb}\tnsr T^{j}_{b}\tnsr T^{ki}_{ca} + 2*1\sum_{ijk_{1}abc}\tnsr T^{{\snam{\dg}}a}_{i}\tnsr \intg{jc}{k_{1}b}\tnsr T^{j}_{b}\tnsr T^{ik_{1}}_{ca}
\eeq
