oovv = ints2(EC,"oovv")
@tensoropt (b=>10*x,a=>10*x,c=>10*x,i=>x,j=>x,k=>x,l=>x,m=>x,e=>10*x,d=>10*x) begin
X[b,a,c,i,j,k] := oovv[l,m,e,d] * T2[d,a,i,j] * T3[e,b,c,m,l,k]
R3[b,a,c,i,j,k] += 0.5 * X[b,a,c,i,j,k]
R3[b,c,a,i,k,j] += 0.5 * X[b,a,c,i,j,k]
R3[a,b,c,i,j,k] += 0.5 * X[b,a,c,j,i,k]
R3[b,c,a,k,i,j] += 0.5 * X[c,a,b,i,j,k]
R3[a,b,c,i,k,j] += 0.5 * X[c,a,b,j,i,k]
R3[b,a,c,k,i,j] += 0.5 * X[c,a,b,j,i,k]
end
@tensoropt (b=>10*x,a=>10*x,c=>10*x,i=>x,j=>x,k=>x,l=>x,m=>x,e=>10*x,d=>10*x) begin
X[b,a,c,i,j,k] := oovv[l,m,e,d] * T2[d,a,i,j] * T3[b,c,e,m,l,k]
R3[b,a,c,i,j,k] += 0.5 * X[b,a,c,i,j,k]
R3[b,c,a,i,k,j] += 0.5 * X[b,a,c,i,j,k]
R3[a,b,c,i,j,k] += 0.5 * X[b,a,c,j,i,k]
R3[b,c,a,k,i,j] += 0.5 * X[c,a,b,i,j,k]
R3[a,b,c,i,k,j] += 0.5 * X[c,a,b,j,i,k]
R3[b,a,c,k,i,j] += 0.5 * X[c,a,b,j,i,k]
end
@tensoropt (a=>10*x,b=>10*x,c=>10*x,j=>x,i=>x,k=>x,m=>x,l=>x,d=>10*x,e=>10*x) begin
X[a,b,c,j,i,k] := oovv[m,l,d,e] * T2[a,b,l,i] * T3[e,d,c,m,j,k]
R3[a,b,c,j,i,k] += 0.5 * X[a,b,c,j,i,k]
R3[a,c,b,j,k,i] += 0.5 * X[a,b,c,j,i,k]
R3[a,b,c,i,j,k] += 0.5 * X[b,a,c,j,i,k]
R3[c,a,b,j,k,i] += 0.5 * X[a,b,c,k,i,j]
R3[a,c,b,i,j,k] += 0.5 * X[b,a,c,k,i,j]
R3[c,a,b,j,i,k] += 0.5 * X[b,a,c,k,i,j]
end
@tensoropt (a=>10*x,b=>10*x,c=>10*x,j=>x,i=>x,k=>x,m=>x,l=>x,d=>10*x,e=>10*x) begin
X[a,b,c,j,i,k] := oovv[m,l,d,e] * T2[a,b,l,i] * T3[e,c,d,j,m,k]
R3[a,b,c,j,i,k] += 0.5 * X[a,b,c,j,i,k]
R3[a,c,b,j,k,i] += 0.5 * X[a,b,c,j,i,k]
R3[a,b,c,i,j,k] += 0.5 * X[b,a,c,j,i,k]
R3[c,a,b,j,k,i] += 0.5 * X[a,b,c,k,i,j]
R3[a,c,b,i,j,k] += 0.5 * X[b,a,c,k,i,j]
R3[c,a,b,j,i,k] += 0.5 * X[b,a,c,k,i,j]
end
@tensoropt (a=>10*x,b=>10*x,c=>10*x,i=>x,j=>x,k=>x,m=>x,l=>x,e=>10*x,d=>10*x) begin
X[a,b,c,i,j,k] := oovv[m,l,e,d] * T2[a,d,l,i] * T3[b,e,c,m,j,k]
R3[a,b,c,i,j,k] += X[a,b,c,i,j,k]
R3[a,b,c,i,j,k] += X[a,c,b,i,k,j]
R3[b,a,c,j,i,k] += X[a,b,c,i,j,k]
R3[b,a,c,j,i,k] += X[a,c,b,i,k,j]
R3[b,c,a,j,k,i] += X[a,b,c,i,j,k]
R3[b,c,a,j,k,i] += X[a,c,b,i,k,j]
end
@tensoropt (a=>10*x,b=>10*x,c=>10*x,i=>x,j=>x,k=>x,m=>x,l=>x,d=>10*x,e=>10*x) begin
X[a,b,c,i,j,k] := oovv[m,l,d,e] * T2[d,e,l,i] * T3[a,b,c,m,j,k]
R3[a,b,c,i,j,k] += 0.5 * X[a,b,c,i,j,k]
R3[a,b,c,j,i,k] += 0.5 * X[b,a,c,i,j,k]
R3[a,b,c,j,k,i] += 0.5 * X[c,a,b,i,j,k]
end
@tensoropt (a=>10*x,b=>10*x,c=>10*x,i=>x,j=>x,k=>x,m=>x,l=>x,e=>10*x,d=>10*x) begin
X[a,b,c,i,j,k] := oovv[m,l,e,d] * T2[a,d,l,m] * T3[e,b,c,i,j,k]
R3[a,b,c,i,j,k] += 0.5 * X[a,b,c,i,j,k]
R3[b,a,c,i,j,k] += 0.5 * X[a,b,c,j,i,k]
R3[b,c,a,i,j,k] += 0.5 * X[a,b,c,k,i,j]
end
@tensoropt (b=>10*x,a=>10*x,c=>10*x,i=>x,j=>x,k=>x,l=>x,m=>x,e=>10*x,d=>10*x) begin
X[b,a,c,i,j,k] := oovv[l,m,e,d] * T2[d,a,i,j] * T3[b,e,c,m,l,k]
R3[b,a,c,i,j,k] -= X[b,a,c,i,j,k]
R3[b,c,a,i,k,j] -= X[b,a,c,i,j,k]
R3[a,b,c,i,j,k] -= X[b,a,c,j,i,k]
R3[b,c,a,k,i,j] -= X[c,a,b,i,j,k]
R3[a,b,c,i,k,j] -= X[c,a,b,j,i,k]
R3[b,a,c,k,i,j] -= X[c,a,b,j,i,k]
end
@tensoropt (a=>10*x,b=>10*x,c=>10*x,j=>x,i=>x,k=>x,m=>x,l=>x,d=>10*x,e=>10*x) begin
X[a,b,c,j,i,k] := oovv[m,l,d,e] * T2[a,b,l,i] * T3[e,d,c,j,m,k]
R3[a,b,c,j,i,k] -= X[a,b,c,j,i,k]
R3[a,c,b,j,k,i] -= X[a,b,c,j,i,k]
R3[a,b,c,i,j,k] -= X[b,a,c,j,i,k]
R3[c,a,b,j,k,i] -= X[a,b,c,k,i,j]
R3[a,c,b,i,j,k] -= X[b,a,c,k,i,j]
R3[c,a,b,j,i,k] -= X[b,a,c,k,i,j]
end
@tensoropt (a=>10*x,b=>10*x,c=>10*x,i=>x,j=>x,k=>x,m=>x,l=>x,e=>10*x,d=>10*x) begin
X[a,b,c,i,j,k] := oovv[m,l,e,d] * T2[a,d,l,i] * T3[e,b,c,m,j,k]
R3[a,b,c,i,j,k] -= 2 * X[a,b,c,i,j,k]
R3[b,a,c,j,i,k] -= 2 * X[a,b,c,i,j,k]
R3[b,c,a,j,k,i] -= 2 * X[a,b,c,i,j,k]
end
@tensoropt (a=>10*x,b=>10*x,c=>10*x,i=>x,j=>x,k=>x,m=>x,l=>x,e=>10*x,d=>10*x) begin
X[a,b,c,i,j,k] := oovv[m,l,e,d] * T2[d,a,l,i] * T3[b,e,c,m,j,k]
R3[a,b,c,i,j,k] -= 2 * X[a,b,c,i,j,k]
R3[a,b,c,i,j,k] -= 2 * X[a,c,b,i,k,j]
R3[b,a,c,j,i,k] -= 2 * X[a,b,c,i,j,k]
R3[b,a,c,j,i,k] -= 2 * X[a,c,b,i,k,j]
R3[b,c,a,j,k,i] -= 2 * X[a,b,c,i,j,k]
R3[b,c,a,j,k,i] -= 2 * X[a,c,b,i,k,j]
end
@tensoropt (a=>10*x,b=>10*x,c=>10*x,i=>x,j=>x,k=>x,m=>x,l=>x,e=>10*x,d=>10*x) begin
X[a,b,c,i,j,k] := oovv[m,l,e,d] * T2[d,e,l,i] * T3[a,b,c,m,j,k]
R3[a,b,c,i,j,k] -= X[a,b,c,i,j,k]
R3[a,b,c,j,i,k] -= X[b,a,c,i,j,k]
R3[a,b,c,j,k,i] -= X[c,a,b,i,j,k]
end
@tensoropt (a=>10*x,b=>10*x,c=>10*x,i=>x,j=>x,k=>x,m=>x,l=>x,e=>10*x,d=>10*x) begin
X[a,b,c,i,j,k] := oovv[m,l,e,d] * T2[d,a,l,m] * T3[e,b,c,i,j,k]
R3[a,b,c,i,j,k] -= X[a,b,c,i,j,k]
R3[b,a,c,i,j,k] -= X[a,b,c,j,i,k]
R3[b,c,a,i,j,k] -= X[a,b,c,k,i,j]
end
@tensoropt (a=>10*x,b=>10*x,c=>10*x,i=>x,j=>x,k=>x,m=>x,l=>x,e=>10*x,d=>10*x) begin
X[a,b,c,i,j,k] := oovv[m,l,e,d] * T2[d,a,l,i] * T3[e,b,c,m,j,k]
R3[a,b,c,i,j,k] += 4 * X[a,b,c,i,j,k]
R3[b,a,c,j,i,k] += 4 * X[a,b,c,i,j,k]
R3[b,c,a,j,k,i] += 4 * X[a,b,c,i,j,k]
end
oovv = nothing
