oovv = ints2(EC,"oovv")
@tensoropt R3[b,a,c,k,i,j] += 0.5 * oovv[l,m,e,d] * T2[d,a,j,i] * T3[e,c,b,m,l,k]
@tensoropt R3[a,b,c,i,k,j] += 0.5 * oovv[l,m,e,d] * T2[d,a,j,i] * T3[e,c,b,m,l,k]
@tensoropt R3[b,c,a,k,i,j] += 0.5 * oovv[l,m,e,d] * T2[d,a,i,j] * T3[e,c,b,m,l,k]
@tensoropt R3[a,b,c,i,j,k] += 0.5 * oovv[l,m,e,d] * T2[d,a,j,i] * T3[e,b,c,m,l,k]
@tensoropt R3[b,c,a,i,k,j] += 0.5 * oovv[l,m,e,d] * T2[d,a,i,j] * T3[e,b,c,m,l,k]
@tensoropt R3[b,a,c,i,j,k] += 0.5 * oovv[l,m,e,d] * T2[d,a,i,j] * T3[e,b,c,m,l,k]
@tensoropt R3[b,a,c,k,i,j] += 0.5 * oovv[l,m,e,d] * T2[d,a,j,i] * T3[c,b,e,m,l,k]
@tensoropt R3[a,b,c,i,k,j] += 0.5 * oovv[l,m,e,d] * T2[d,a,j,i] * T3[c,b,e,m,l,k]
@tensoropt R3[b,c,a,k,i,j] += 0.5 * oovv[l,m,e,d] * T2[d,a,i,j] * T3[c,b,e,m,l,k]
@tensoropt R3[a,b,c,i,j,k] += 0.5 * oovv[l,m,e,d] * T2[d,a,j,i] * T3[b,c,e,m,l,k]
@tensoropt R3[b,c,a,i,k,j] += 0.5 * oovv[l,m,e,d] * T2[d,a,i,j] * T3[b,c,e,m,l,k]
@tensoropt R3[b,a,c,i,j,k] += 0.5 * oovv[l,m,e,d] * T2[d,a,i,j] * T3[b,c,e,m,l,k]
@tensoropt R3[c,a,b,j,i,k] += 0.5 * oovv[m,l,d,e] * T2[b,a,l,i] * T3[e,d,c,m,k,j]
@tensoropt R3[a,c,b,i,j,k] += 0.5 * oovv[m,l,d,e] * T2[b,a,l,i] * T3[e,d,c,m,k,j]
@tensoropt R3[c,a,b,j,k,i] += 0.5 * oovv[m,l,d,e] * T2[a,b,l,i] * T3[e,d,c,m,k,j]
@tensoropt R3[a,b,c,i,j,k] += 0.5 * oovv[m,l,d,e] * T2[b,a,l,i] * T3[e,d,c,m,j,k]
@tensoropt R3[a,c,b,j,k,i] += 0.5 * oovv[m,l,d,e] * T2[a,b,l,i] * T3[e,d,c,m,j,k]
@tensoropt R3[a,b,c,j,i,k] += 0.5 * oovv[m,l,d,e] * T2[a,b,l,i] * T3[e,d,c,m,j,k]
@tensoropt R3[c,a,b,j,i,k] += 0.5 * oovv[m,l,d,e] * T2[b,a,l,i] * T3[e,c,d,k,m,j]
@tensoropt R3[a,c,b,i,j,k] += 0.5 * oovv[m,l,d,e] * T2[b,a,l,i] * T3[e,c,d,k,m,j]
@tensoropt R3[c,a,b,j,k,i] += 0.5 * oovv[m,l,d,e] * T2[a,b,l,i] * T3[e,c,d,k,m,j]
@tensoropt R3[a,b,c,i,j,k] += 0.5 * oovv[m,l,d,e] * T2[b,a,l,i] * T3[e,c,d,j,m,k]
@tensoropt R3[a,c,b,j,k,i] += 0.5 * oovv[m,l,d,e] * T2[a,b,l,i] * T3[e,c,d,j,m,k]
@tensoropt R3[a,b,c,j,i,k] += 0.5 * oovv[m,l,d,e] * T2[a,b,l,i] * T3[e,c,d,j,m,k]
@tensoropt R3[b,c,a,j,k,i] += oovv[m,l,e,d] * T2[a,d,l,i] * T3[c,e,b,m,k,j]
@tensoropt R3[b,c,a,j,k,i] += oovv[m,l,e,d] * T2[a,d,l,i] * T3[b,e,c,m,j,k]
@tensoropt R3[b,a,c,j,i,k] += oovv[m,l,e,d] * T2[a,d,l,i] * T3[c,e,b,m,k,j]
@tensoropt R3[b,a,c,j,i,k] += oovv[m,l,e,d] * T2[a,d,l,i] * T3[b,e,c,m,j,k]
@tensoropt R3[a,b,c,i,j,k] += oovv[m,l,e,d] * T2[a,d,l,i] * T3[c,e,b,m,k,j]
@tensoropt R3[a,b,c,i,j,k] += oovv[m,l,e,d] * T2[a,d,l,i] * T3[b,e,c,m,j,k]
@tensoropt R3[a,b,c,j,k,i] += 0.5 * oovv[m,l,d,e] * T2[d,e,l,i] * T3[c,a,b,m,j,k]
@tensoropt R3[a,b,c,j,i,k] += 0.5 * oovv[m,l,d,e] * T2[d,e,l,i] * T3[b,a,c,m,j,k]
@tensoropt R3[a,b,c,i,j,k] += 0.5 * oovv[m,l,d,e] * T2[d,e,l,i] * T3[a,b,c,m,j,k]
@tensoropt R3[b,c,a,i,j,k] += 0.5 * oovv[m,l,e,d] * T2[a,d,l,m] * T3[e,b,c,k,i,j]
@tensoropt R3[b,a,c,i,j,k] += 0.5 * oovv[m,l,e,d] * T2[a,d,l,m] * T3[e,b,c,j,i,k]
@tensoropt R3[a,b,c,i,j,k] += 0.5 * oovv[m,l,e,d] * T2[a,d,l,m] * T3[e,b,c,i,j,k]
@tensoropt R3[b,a,c,k,i,j] -= oovv[l,m,e,d] * T2[d,a,j,i] * T3[c,e,b,m,l,k]
@tensoropt R3[a,b,c,i,k,j] -= oovv[l,m,e,d] * T2[d,a,j,i] * T3[c,e,b,m,l,k]
@tensoropt R3[b,c,a,k,i,j] -= oovv[l,m,e,d] * T2[d,a,i,j] * T3[c,e,b,m,l,k]
@tensoropt R3[a,b,c,i,j,k] -= oovv[l,m,e,d] * T2[d,a,j,i] * T3[b,e,c,m,l,k]
@tensoropt R3[b,c,a,i,k,j] -= oovv[l,m,e,d] * T2[d,a,i,j] * T3[b,e,c,m,l,k]
@tensoropt R3[b,a,c,i,j,k] -= oovv[l,m,e,d] * T2[d,a,i,j] * T3[b,e,c,m,l,k]
@tensoropt R3[c,a,b,j,i,k] -= oovv[m,l,d,e] * T2[b,a,l,i] * T3[e,d,c,k,m,j]
@tensoropt R3[a,c,b,i,j,k] -= oovv[m,l,d,e] * T2[b,a,l,i] * T3[e,d,c,k,m,j]
@tensoropt R3[c,a,b,j,k,i] -= oovv[m,l,d,e] * T2[a,b,l,i] * T3[e,d,c,k,m,j]
@tensoropt R3[a,b,c,i,j,k] -= oovv[m,l,d,e] * T2[b,a,l,i] * T3[e,d,c,j,m,k]
@tensoropt R3[a,c,b,j,k,i] -= oovv[m,l,d,e] * T2[a,b,l,i] * T3[e,d,c,j,m,k]
@tensoropt R3[a,b,c,j,i,k] -= oovv[m,l,d,e] * T2[a,b,l,i] * T3[e,d,c,j,m,k]
@tensoropt R3[b,c,a,j,k,i] -= 2 * oovv[m,l,e,d] * T2[a,d,l,i] * T3[e,b,c,m,j,k]
@tensoropt R3[b,a,c,j,i,k] -= 2 * oovv[m,l,e,d] * T2[a,d,l,i] * T3[e,b,c,m,j,k]
@tensoropt R3[a,b,c,i,j,k] -= 2 * oovv[m,l,e,d] * T2[a,d,l,i] * T3[e,b,c,m,j,k]
@tensoropt R3[b,c,a,j,k,i] -= 2 * oovv[m,l,e,d] * T2[d,a,l,i] * T3[c,e,b,m,k,j]
@tensoropt R3[b,c,a,j,k,i] -= 2 * oovv[m,l,e,d] * T2[d,a,l,i] * T3[b,e,c,m,j,k]
@tensoropt R3[b,a,c,j,i,k] -= 2 * oovv[m,l,e,d] * T2[d,a,l,i] * T3[c,e,b,m,k,j]
@tensoropt R3[b,a,c,j,i,k] -= 2 * oovv[m,l,e,d] * T2[d,a,l,i] * T3[b,e,c,m,j,k]
@tensoropt R3[a,b,c,i,j,k] -= 2 * oovv[m,l,e,d] * T2[d,a,l,i] * T3[c,e,b,m,k,j]
@tensoropt R3[a,b,c,i,j,k] -= 2 * oovv[m,l,e,d] * T2[d,a,l,i] * T3[b,e,c,m,j,k]
@tensoropt R3[a,b,c,j,k,i] -= oovv[m,l,e,d] * T2[d,e,l,i] * T3[c,a,b,m,j,k]
@tensoropt R3[a,b,c,j,i,k] -= oovv[m,l,e,d] * T2[d,e,l,i] * T3[b,a,c,m,j,k]
@tensoropt R3[a,b,c,i,j,k] -= oovv[m,l,e,d] * T2[d,e,l,i] * T3[a,b,c,m,j,k]
@tensoropt R3[b,c,a,i,j,k] -= oovv[m,l,e,d] * T2[d,a,l,m] * T3[e,b,c,k,i,j]
@tensoropt R3[b,a,c,i,j,k] -= oovv[m,l,e,d] * T2[d,a,l,m] * T3[e,b,c,j,i,k]
@tensoropt R3[a,b,c,i,j,k] -= oovv[m,l,e,d] * T2[d,a,l,m] * T3[e,b,c,i,j,k]
@tensoropt R3[b,c,a,j,k,i] += 4 * oovv[m,l,e,d] * T2[d,a,l,i] * T3[e,b,c,m,j,k]
@tensoropt R3[b,a,c,j,i,k] += 4 * oovv[m,l,e,d] * T2[d,a,l,i] * T3[e,b,c,m,j,k]
@tensoropt R3[a,b,c,i,j,k] += 4 * oovv[m,l,e,d] * T2[d,a,l,i] * T3[e,b,c,m,j,k]
oovv = nothing
