\beq
&&<\Phi_{i}^{a}| \op H |0>                                           
=\nl
2*1\tnsr f_{ai}
\eeq
\beq
&&<0| \op H |0>                                           
=\nl
(-2*1)\sum_{ij}\tnsr \intg{ii}{jj} + (-2*1)\sum_{itu}\tnsr \intg{tu}{ii}\tnsr \gamma^{t}_{u} + (-1)\sum_{tuvw}\tnsr \intg{vw}{tu}\tnsr \gamma^{t}_{u}\tnsr \gamma^{v}_{w}\nl
 + 0.5*1\sum_{tuvw}\tnsr \intg{tu}{vw}\tnsr \gamma^{vt}_{wu} + 2*1\sum_{i}\tnsr f_{ii} + \sum_{tu}\tnsr f_{tu}\tnsr \gamma^{t}_{u} + \sum_{ij}\tnsr \intg{ij}{ji} + \sum_{itu}\tnsr \intg{it}{ui}\tnsr \gamma^{u}_{t}\nl
 + 0.5*1\sum_{tuvw}\tnsr \intg{vu}{tw}\tnsr \gamma^{t}_{u}\tnsr \gamma^{v}_{w}
\eeq
