\beq
&&(\frac{8}{9}*1 - \frac{4}{9}*\Perm{ii_{1}}{i_{1}i} - \frac{4}{9}*\Perm{aa_{1}}{a_{1}a} - \frac{8}{9}*\Perm{aa_{2}}{a_{2}a} - \frac{8}{9}*\Perm{a_{1}a_{2}}{a_{2}a_{1}} + \frac{8}{9}*\Perm{aa_{1}a_{2}}{a_{1}a_{2}a} + \frac{4}{9}*\Perm{aa_{1}a_{2}}{a_{2}aa_{1}}\nl
 + \frac{8}{9}*\Perm{ii_{1}aa_{1}}{i_{1}ia_{1}a} + \frac{4}{9}*\Perm{ii_{1}aa_{2}}{i_{1}ia_{2}a} + \frac{8}{9}*\Perm{ii_{1}a_{1}a_{2}}{i_{1}ia_{2}a_{1}} - \frac{8}{9}*\Perm{ii_{1}aa_{1}a_{2}}{i_{1}ia_{1}a_{2}a}\nl
 - \frac{8}{9}*\Perm{ii_{1}aa_{1}a_{2}}{i_{1}ia_{2}aa_{1}})\sum_{jb}\prm \intg{jb}{ai}\prm T^{{+1}ji_{1}}_{ba_{1}a_{2}} + (-\frac{4}{9}*1 + \frac{2}{9}*\Perm{ii_{1}}{i_{1}i} + \frac{2}{9}*\Perm{aa_{1}}{a_{1}a} + \frac{4}{9}*\Perm{aa_{2}}{a_{2}a}\nl
 + \frac{4}{9}*\Perm{a_{1}a_{2}}{a_{2}a_{1}} - \frac{4}{9}*\Perm{aa_{1}a_{2}}{a_{1}a_{2}a} - \frac{2}{9}*\Perm{aa_{1}a_{2}}{a_{2}aa_{1}} - \frac{4}{9}*\Perm{ii_{1}aa_{1}}{i_{1}ia_{1}a} - \frac{2}{9}*\Perm{ii_{1}aa_{2}}{i_{1}ia_{2}a}\nl
 - \frac{4}{9}*\Perm{ii_{1}a_{1}a_{2}}{i_{1}ia_{2}a_{1}} + \frac{4}{9}*\Perm{ii_{1}aa_{1}a_{2}}{i_{1}ia_{1}a_{2}a} + \frac{4}{9}*\Perm{ii_{1}aa_{1}a_{2}}{i_{1}ia_{2}aa_{1}})\sum_{j}\prm f_{ji}\prm T^{{+1}ji_{1}}_{aa_{1}a_{2}} + (\frac{4}{9}*1\nl
 - \frac{2}{9}*\Perm{ii_{1}}{i_{1}i} - \frac{2}{9}*\Perm{aa_{1}}{a_{1}a} - \frac{4}{9}*\Perm{aa_{2}}{a_{2}a} - \frac{4}{9}*\Perm{a_{1}a_{2}}{a_{2}a_{1}} + \frac{4}{9}*\Perm{aa_{1}a_{2}}{a_{1}a_{2}a} + \frac{2}{9}*\Perm{aa_{1}a_{2}}{a_{2}aa_{1}}\nl
 + \frac{4}{9}*\Perm{ii_{1}aa_{1}}{i_{1}ia_{1}a} + \frac{2}{9}*\Perm{ii_{1}aa_{2}}{i_{1}ia_{2}a} + \frac{4}{9}*\Perm{ii_{1}a_{1}a_{2}}{i_{1}ia_{2}a_{1}} - \frac{4}{9}*\Perm{ii_{1}aa_{1}a_{2}}{i_{1}ia_{1}a_{2}a}\nl
 - \frac{4}{9}*\Perm{ii_{1}aa_{1}a_{2}}{i_{1}ia_{2}aa_{1}})\sum_{b}\prm f_{ab}\prm T^{{+1}ii_{1}}_{ba_{1}a_{2}} + (-\frac{4}{9}*1 + \frac{4}{9}*\Perm{aa_{1}}{a_{1}a} + \frac{4}{9}*\Perm{aa_{2}}{a_{2}a} + \frac{2}{9}*\Perm{a_{1}a_{2}}{a_{2}a_{1}}\nl
 - \frac{2}{9}*\Perm{aa_{1}a_{2}}{a_{1}a_{2}a} - \frac{4}{9}*\Perm{aa_{1}a_{2}}{a_{2}aa_{1}})\sum_{b_{2}}\prm f_{ab_{2}}\prm T^{{+1}i_{1}i}_{a_{1}a_{2}b_{2}} + (\frac{4}{9}*1 - \frac{2}{9}*\Perm{aa_{1}}{a_{1}a} - \frac{4}{9}*\Perm{aa_{2}}{a_{2}a}\nl
 - \frac{4}{9}*\Perm{a_{1}a_{2}}{a_{2}a_{1}} + \frac{4}{9}*\Perm{aa_{1}a_{2}}{a_{1}a_{2}a} + \frac{2}{9}*\Perm{aa_{1}a_{2}}{a_{2}aa_{1}})\sum_{jj_{1}}\prm \intg{ji}{j_{1}i_{1}}\prm T^{{+1}jj_{1}}_{aa_{1}a_{2}} + (-\frac{4}{9}*1 + \frac{2}{9}*\Perm{ii_{1}}{i_{1}i}\nl
 + \frac{2}{9}*\Perm{aa_{1}}{a_{1}a} + \frac{4}{9}*\Perm{aa_{2}}{a_{2}a} + \frac{4}{9}*\Perm{a_{1}a_{2}}{a_{2}a_{1}} - \frac{4}{9}*\Perm{aa_{1}a_{2}}{a_{1}a_{2}a} - \frac{2}{9}*\Perm{aa_{1}a_{2}}{a_{2}aa_{1}} - \frac{4}{9}*\Perm{ii_{1}aa_{1}}{i_{1}ia_{1}a}\nl
 - \frac{2}{9}*\Perm{ii_{1}aa_{2}}{i_{1}ia_{2}a} - \frac{4}{9}*\Perm{ii_{1}a_{1}a_{2}}{i_{1}ia_{2}a_{1}} + \frac{4}{9}*\Perm{ii_{1}aa_{1}a_{2}}{i_{1}ia_{1}a_{2}a}\nl
 + \frac{4}{9}*\Perm{ii_{1}aa_{1}a_{2}}{i_{1}ia_{2}aa_{1}})\sum_{jb}\prm \intg{ji}{ab}\prm T^{{+1}ji_{1}}_{ba_{1}a_{2}} + (-\frac{4}{9}*1 + \frac{4}{9}*\Perm{ii_{1}}{i_{1}i} + \frac{4}{9}*\Perm{aa_{1}}{a_{1}a} + \frac{4}{9}*\Perm{aa_{2}}{a_{2}a}\nl
 + \frac{2}{9}*\Perm{a_{1}a_{2}}{a_{2}a_{1}} - \frac{2}{9}*\Perm{aa_{1}a_{2}}{a_{1}a_{2}a} - \frac{4}{9}*\Perm{aa_{1}a_{2}}{a_{2}aa_{1}} - \frac{2}{9}*\Perm{ii_{1}aa_{1}}{i_{1}ia_{1}a} - \frac{4}{9}*\Perm{ii_{1}aa_{2}}{i_{1}ia_{2}a}\nl
 - \frac{4}{9}*\Perm{ii_{1}a_{1}a_{2}}{i_{1}ia_{2}a_{1}} + \frac{4}{9}*\Perm{ii_{1}aa_{1}a_{2}}{i_{1}ia_{1}a_{2}a} + \frac{2}{9}*\Perm{ii_{1}aa_{1}a_{2}}{i_{1}ia_{2}aa_{1}})\sum_{jb_{1}}\prm \intg{ji}{ab_{1}}\prm T^{{+1}ji_{1}}_{a_{2}b_{1}a_{1}} + (\frac{4}{9}*1\nl
 - \frac{2}{9}*\Perm{ii_{1}}{i_{1}i} - \frac{4}{9}*\Perm{aa_{1}}{a_{1}a} - \frac{4}{9}*\Perm{aa_{2}}{a_{2}a} - \frac{2}{9}*\Perm{a_{1}a_{2}}{a_{2}a_{1}} + \frac{2}{9}*\Perm{aa_{1}a_{2}}{a_{1}a_{2}a} + \frac{4}{9}*\Perm{aa_{1}a_{2}}{a_{2}aa_{1}}\nl
 + \frac{4}{9}*\Perm{ii_{1}aa_{1}}{i_{1}ia_{1}a} + \frac{2}{9}*\Perm{ii_{1}aa_{2}}{i_{1}ia_{2}a} + \frac{4}{9}*\Perm{ii_{1}a_{1}a_{2}}{i_{1}ia_{2}a_{1}} - \frac{4}{9}*\Perm{ii_{1}aa_{1}a_{2}}{i_{1}ia_{1}a_{2}a}\nl
 - \frac{4}{9}*\Perm{ii_{1}aa_{1}a_{2}}{i_{1}ia_{2}aa_{1}})\sum_{jb_{2}}\prm \intg{ji}{ab_{2}}\prm T^{{+1}ji_{1}}_{a_{2}a_{1}b_{2}} + (-\frac{4}{9}*1 + \frac{2}{9}*\Perm{ii_{1}}{i_{1}i} + \frac{2}{9}*\Perm{aa_{1}}{a_{1}a} + \frac{4}{9}*\Perm{aa_{2}}{a_{2}a}\nl
 + \frac{4}{9}*\Perm{a_{1}a_{2}}{a_{2}a_{1}} - \frac{4}{9}*\Perm{aa_{1}a_{2}}{a_{1}a_{2}a} - \frac{2}{9}*\Perm{aa_{1}a_{2}}{a_{2}aa_{1}} - \frac{4}{9}*\Perm{ii_{1}aa_{1}}{i_{1}ia_{1}a} - \frac{2}{9}*\Perm{ii_{1}aa_{2}}{i_{1}ia_{2}a}\nl
 - \frac{4}{9}*\Perm{ii_{1}a_{1}a_{2}}{i_{1}ia_{2}a_{1}} + \frac{4}{9}*\Perm{ii_{1}aa_{1}a_{2}}{i_{1}ia_{1}a_{2}a} + \frac{4}{9}*\Perm{ii_{1}aa_{1}a_{2}}{i_{1}ia_{2}aa_{1}})\sum_{jb_{1}}\prm \intg{jb_{1}}{ai}\prm T^{{+1}ji_{1}}_{a_{1}b_{1}a_{2}} + (\frac{4}{9}*1\nl
 - \frac{4}{9}*\Perm{ii_{1}}{i_{1}i} - \frac{2}{9}*\Perm{aa_{1}}{a_{1}a} - \frac{4}{9}*\Perm{aa_{2}}{a_{2}a} - \frac{4}{9}*\Perm{a_{1}a_{2}}{a_{2}a_{1}} + \frac{4}{9}*\Perm{aa_{1}a_{2}}{a_{1}a_{2}a} + \frac{2}{9}*\Perm{aa_{1}a_{2}}{a_{2}aa_{1}}\nl
 + \frac{4}{9}*\Perm{ii_{1}aa_{1}}{i_{1}ia_{1}a} + \frac{4}{9}*\Perm{ii_{1}aa_{2}}{i_{1}ia_{2}a} + \frac{2}{9}*\Perm{ii_{1}a_{1}a_{2}}{i_{1}ia_{2}a_{1}} - \frac{2}{9}*\Perm{ii_{1}aa_{1}a_{2}}{i_{1}ia_{1}a_{2}a} \newpg
\eeq
\beq
&& - \frac{4}{9}*\Perm{ii_{1}aa_{1}a_{2}}{i_{1}ia_{2}aa_{1}})\sum_{jb_{2}}\prm \intg{jb_{2}}{ai}\prm T^{{+1}ji_{1}}_{a_{1}a_{2}b_{2}} + (\frac{4}{9}*1 - \frac{2}{9}*\Perm{aa_{1}}{a_{1}a} - \frac{4}{9}*\Perm{aa_{2}}{a_{2}a} - \frac{4}{9}*\Perm{a_{1}a_{2}}{a_{2}a_{1}}\nl
 + \frac{4}{9}*\Perm{aa_{1}a_{2}}{a_{1}a_{2}a} + \frac{2}{9}*\Perm{aa_{1}a_{2}}{a_{2}aa_{1}})\sum_{bb_{1}}\prm \intg{ab}{a_{1}b_{1}}\prm T^{{+1}ii_{1}}_{bb_{1}a_{2}} + (-\frac{4}{9}*1 + \frac{4}{9}*\Perm{ii_{1}}{i_{1}i} + \frac{2}{9}*\Perm{aa_{1}}{a_{1}a}\nl
 + \frac{4}{9}*\Perm{aa_{2}}{a_{2}a} + \frac{4}{9}*\Perm{a_{1}a_{2}}{a_{2}a_{1}} - \frac{4}{9}*\Perm{aa_{1}a_{2}}{a_{1}a_{2}a} - \frac{2}{9}*\Perm{aa_{1}a_{2}}{a_{2}aa_{1}} - \frac{4}{9}*\Perm{ii_{1}aa_{1}}{i_{1}ia_{1}a}\nl
 - \frac{4}{9}*\Perm{ii_{1}aa_{2}}{i_{1}ia_{2}a} - \frac{2}{9}*\Perm{ii_{1}a_{1}a_{2}}{i_{1}ia_{2}a_{1}} + \frac{2}{9}*\Perm{ii_{1}aa_{1}a_{2}}{i_{1}ia_{1}a_{2}a}\nl
 + \frac{4}{9}*\Perm{ii_{1}aa_{1}a_{2}}{i_{1}ia_{2}aa_{1}})\sum_{bb_{2}}\prm \intg{ab}{a_{1}b_{2}}\prm T^{{+1}ii_{1}}_{ba_{2}b_{2}}
\eeq
