
MP2 Lagrangian

\beq
&&\sum_{\mu_2} \tnsr \Lambda_{\mu_2}<\mu_2| \op W + \op F \op T_2 |0>_C
=\nl
(-4*1)\sum_{ii_{1}jaa_{1}}\tnsr \Lambda^{ii_{1}}_{aa_{1}}\tnsr f_{ji}\tnsr T^{ji_{1}}_{aa_{1}} + 4*1\sum_{ii_{1}aa_{1}b}\tnsr \Lambda^{ii_{1}}_{aa_{1}}\tnsr f_{ab}\tnsr T^{ii_{1}}_{ba_{1}} + 2*1\sum_{ii_{1}aa_{1}}\tnsr \Lambda^{ii_{1}}_{aa_{1}}\tnsr \intg{ai}{a_{1}i_{1}}\nl
 + 2*1\sum_{ii_{1}jaa_{1}}\tnsr \Lambda^{ii_{1}}_{aa_{1}}\tnsr f_{ji_{1}}\tnsr T^{ji}_{aa_{1}} + (-2*1)\sum_{ii_{1}aa_{1}b}\tnsr \Lambda^{ii_{1}}_{aa_{1}}\tnsr f_{a_{1}b}\tnsr T^{ii_{1}}_{ba} + (-1)\sum_{ii_{1}aa_{1}}\tnsr \Lambda^{ii_{1}}_{aa_{1}}\tnsr \intg{a_{1}i}{ai_{1}}
\eeq
