prog,nobrafac=1
prog,spinintegr=0
prog,explspin=1
prog,algo=1
output,level=2

\beq
&&<\Phi^{{a\alpha}{b\alpha}}_{{i\alpha}{j\alpha}} |-6 \op U_{3^{ppp}_{ppp}} (1+\op T_2 + \half \op T_2 \op T_2)| 0>_C
=\nl
(0.5*1 - 0.5*\Perm{{i\alpha}{j\alpha}}{{j\alpha}{i\alpha}} - 0.5*\Perm{{a\alpha}{b\alpha}}{{b\alpha}{a\alpha}} + 0.5*\Perm{{i\alpha}{j\alpha}{a\alpha}{b\alpha}}{{j\alpha}{i\alpha}{b\alpha}{a\alpha}})\sum_{{k\alpha}{k_{1}\alpha}{l\alpha}{c_{1}\alpha}{d\alpha}}{}{\tnsr U^{{i\alpha}{c_{1}\alpha}{d\alpha}}_{{k\alpha}{k_{1}\alpha}{l\alpha}}}{\tnsr T^{{k\alpha}{k_{1}\alpha}}_{{a\alpha}{c_{1}\alpha}}}{\tnsr T^{{j\alpha}{l\alpha}}_{{b\alpha}{d\alpha}}}\nl
 + (0.5*1 - 0.5*\Perm{{i\alpha}{j\alpha}}{{j\alpha}{i\alpha}} - 0.5*\Perm{{a\alpha}{b\alpha}}{{b\alpha}{a\alpha}} + 0.5*\Perm{{i\alpha}{j\alpha}{a\alpha}{b\alpha}}{{j\alpha}{i\alpha}{b\alpha}{a\alpha}})\sum_{{k\alpha}{k_{1}\alpha}{l\beta}{c_{1}\alpha}{d\beta}}{}{\tnsr U^{{i\alpha}{c_{1}\alpha}{d\beta}}_{{k\alpha}{k_{1}\alpha}{l\beta}}}{\tnsr T^{{k\alpha}{k_{1}\alpha}}_{{a\alpha}{c_{1}\alpha}}}{\tnsr T^{{j\alpha}{l\beta}}_{{b\alpha}{d\beta}}}\nl
 + (1 - \Perm{{i\alpha}{j\alpha}}{{j\alpha}{i\alpha}} - \Perm{{a\alpha}{b\alpha}}{{b\alpha}{a\alpha}} + \Perm{{i\alpha}{j\alpha}{a\alpha}{b\alpha}}{{j\alpha}{i\alpha}{b\alpha}{a\alpha}})\sum_{{k\alpha}{k_{1}\beta}{l\alpha}{c_{1}\beta}{d\alpha}}{}{\tnsr U^{{i\alpha}{c_{1}\beta}{d\alpha}}_{{k\alpha}{k_{1}\beta}{l\alpha}}}{\tnsr T^{{k\alpha}{k_{1}\beta}}_{{a\alpha}{c_{1}\beta}}}{\tnsr T^{{j\alpha}{l\alpha}}_{{b\alpha}{d\alpha}}} + (1 - \Perm{{i\alpha}{j\alpha}}{{j\alpha}{i\alpha}}\nl
 - \Perm{{a\alpha}{b\alpha}}{{b\alpha}{a\alpha}} + \Perm{{i\alpha}{j\alpha}{a\alpha}{b\alpha}}{{j\alpha}{i\alpha}{b\alpha}{a\alpha}})\sum_{{k\alpha}{k_{1}\beta}{l\beta}{c_{1}\beta}{d\beta}}{}{\tnsr U^{{i\alpha}{c_{1}\beta}{d\beta}}_{{k\alpha}{k_{1}\beta}{l\beta}}}{\tnsr T^{{k\alpha}{k_{1}\beta}}_{{a\alpha}{c_{1}\beta}}}{\tnsr T^{{j\alpha}{l\beta}}_{{b\alpha}{d\beta}}} + (-0.25*1\nl
 + 0.25*\Perm{{i\alpha}{j\alpha}}{{j\alpha}{i\alpha}})\sum_{{k\alpha}{l\alpha}{l_{1}\alpha}{d\alpha}{d_{1}\alpha}}{}{\tnsr U^{{i\alpha}{d\alpha}{d_{1}\alpha}}_{{k\alpha}{l\alpha}{l_{1}\alpha}}}{\tnsr T^{{j\alpha}{k\alpha}}_{{a\alpha}{b\alpha}}}{\tnsr T^{{l\alpha}{l_{1}\alpha}}_{{d\alpha}{d_{1}\alpha}}} + (-1 + \Perm{{i\alpha}{j\alpha}}{{j\alpha}{i\alpha}})\sum_{{k\alpha}{l\alpha}{l_{1}\beta}{d\alpha}{d_{1}\beta}}{}{\tnsr U^{{i\alpha}{d\alpha}{d_{1}\beta}}_{{k\alpha}{l\alpha}{l_{1}\beta}}}{\tnsr T^{{j\alpha}{k\alpha}}_{{a\alpha}{b\alpha}}}{\tnsr T^{{l\alpha}{l_{1}\beta}}_{{d\alpha}{d_{1}\beta}}}\nl
 + (-0.25*1 + 0.25*\Perm{{i\alpha}{j\alpha}}{{j\alpha}{i\alpha}})\sum_{{k\alpha}{l\beta}{l_{1}\beta}{d\beta}{d_{1}\beta}}{}{\tnsr U^{{i\alpha}{d\beta}{d_{1}\beta}}_{{k\alpha}{l\beta}{l_{1}\beta}}}{\tnsr T^{{j\alpha}{k\alpha}}_{{a\alpha}{b\alpha}}}{\tnsr T^{{l\beta}{l_{1}\beta}}_{{d\beta}{d_{1}\beta}}} + (-0.5*1 + 0.5*\Perm{{i\alpha}{j\alpha}}{{j\alpha}{i\alpha}}\nl
 + 0.5*\Perm{{a\alpha}{b\alpha}}{{b\alpha}{a\alpha}} - 0.5*\Perm{{i\alpha}{j\alpha}{a\alpha}{b\alpha}}{{j\alpha}{i\alpha}{b\alpha}{a\alpha}})\sum_{{k\alpha}{k_{1}\alpha}{l\alpha}{c\alpha}{d\alpha}}{}{\tnsr U^{{c\alpha}{i\alpha}{d\alpha}}_{{k\alpha}{k_{1}\alpha}{l\alpha}}}{\tnsr T^{{k\alpha}{k_{1}\alpha}}_{{a\alpha}{c\alpha}}}{\tnsr T^{{j\alpha}{l\alpha}}_{{b\alpha}{d\alpha}}} + (-0.5*1 + 0.5*\Perm{{i\alpha}{j\alpha}}{{j\alpha}{i\alpha}}\nl
 + 0.5*\Perm{{a\alpha}{b\alpha}}{{b\alpha}{a\alpha}} - 0.5*\Perm{{i\alpha}{j\alpha}{a\alpha}{b\alpha}}{{j\alpha}{i\alpha}{b\alpha}{a\alpha}})\sum_{{k\alpha}{k_{1}\alpha}{l\beta}{c\alpha}{d\beta}}{}{\tnsr U^{{c\alpha}{i\alpha}{d\beta}}_{{k\alpha}{k_{1}\alpha}{l\beta}}}{\tnsr T^{{k\alpha}{k_{1}\alpha}}_{{a\alpha}{c\alpha}}}{\tnsr T^{{j\alpha}{l\beta}}_{{b\alpha}{d\beta}}} + (0.25*1\nl
 - 0.25*\Perm{{a\alpha}{b\alpha}}{{b\alpha}{a\alpha}})\sum_{{k\alpha}{k_{1}\alpha}{c\alpha}{c_{1}\alpha}{d\alpha}}{}{\tnsr U^{{c\alpha}{c_{1}\alpha}{d\alpha}}_{{k\alpha}{k_{1}\alpha}{a\alpha}}}{\tnsr T^{{k\alpha}{k_{1}\alpha}}_{{c\alpha}{c_{1}\alpha}}}{\tnsr T^{{i\alpha}{j\alpha}}_{{b\alpha}{d\alpha}}} + (1 - \Perm{{a\alpha}{b\alpha}}{{b\alpha}{a\alpha}})\sum_{{k\alpha}{k_{1}\beta}{c\alpha}{c_{1}\beta}{d\alpha}}{}{\tnsr U^{{c\alpha}{c_{1}\beta}{d\alpha}}_{{k\alpha}{k_{1}\beta}{a\alpha}}}{\tnsr T^{{k\alpha}{k_{1}\beta}}_{{c\alpha}{c_{1}\beta}}}{\tnsr T^{{i\alpha}{j\alpha}}_{{b\alpha}{d\alpha}}}\nl
 + (0.5*1 - 0.5*\Perm{{i\alpha}{j\alpha}}{{j\alpha}{i\alpha}} - 0.5*\Perm{{a\alpha}{b\alpha}}{{b\alpha}{a\alpha}} + 0.5*\Perm{{i\alpha}{j\alpha}{a\alpha}{b\alpha}}{{j\alpha}{i\alpha}{b\alpha}{a\alpha}})\sum_{{k\alpha}{l\alpha}{c\alpha}{c_{1}\alpha}{d\alpha}}{}{\tnsr U^{{c\alpha}{d\alpha}{c_{1}\alpha}}_{{k\alpha}{l\alpha}{a\alpha}}}{\tnsr T^{{i\alpha}{k\alpha}}_{{c\alpha}{c_{1}\alpha}}}{\tnsr T^{{j\alpha}{l\alpha}}_{{b\alpha}{d\alpha}}}\nl
 + (0.5*1 - 0.5*\Perm{{i\alpha}{j\alpha}}{{j\alpha}{i\alpha}} - 0.5*\Perm{{a\alpha}{b\alpha}}{{b\alpha}{a\alpha}} + 0.5*\Perm{{i\alpha}{j\alpha}{a\alpha}{b\alpha}}{{j\alpha}{i\alpha}{b\alpha}{a\alpha}})\sum_{{k\alpha}{l\beta}{c\alpha}{c_{1}\alpha}{d\beta}}{}{\tnsr U^{{c\alpha}{d\beta}{c_{1}\alpha}}_{{k\alpha}{l\beta}{a\alpha}}}{\tnsr T^{{i\alpha}{k\alpha}}_{{c\alpha}{c_{1}\alpha}}}{\tnsr T^{{j\alpha}{l\beta}}_{{b\alpha}{d\beta}}}\nl
 + (-0.5*1 + 0.5*\Perm{{i\alpha}{j\alpha}}{{j\alpha}{i\alpha}} + 0.5*\Perm{{a\alpha}{b\alpha}}{{b\alpha}{a\alpha}} - 0.5*\Perm{{i\alpha}{j\alpha}{a\alpha}{b\alpha}}{{j\alpha}{i\alpha}{b\alpha}{a\alpha}})\sum_{{k\alpha}{l_{1}\alpha}{c\alpha}{d\alpha}{d_{1}\alpha}}{}{\tnsr U^{{c\alpha}{d_{1}\alpha}{d\alpha}}_{{k\alpha}{l_{1}\alpha}{a\alpha}}}{\tnsr T^{{j\alpha}{k\alpha}}_{{b\alpha}{c\alpha}}}{\tnsr T^{{i\alpha}{l_{1}\alpha}}_{{d\alpha}{d_{1}\alpha}}}\nl
 + (-1 + \Perm{{i\alpha}{j\alpha}}{{j\alpha}{i\alpha}} + \Perm{{a\alpha}{b\alpha}}{{b\alpha}{a\alpha}} - \Perm{{i\alpha}{j\alpha}{a\alpha}{b\alpha}}{{j\alpha}{i\alpha}{b\alpha}{a\alpha}})\sum_{{k\alpha}{l_{1}\beta}{c\alpha}{d\alpha}{d_{1}\beta}}{}{\tnsr U^{{c\alpha}{d_{1}\beta}{d\alpha}}_{{k\alpha}{l_{1}\beta}{a\alpha}}}{\tnsr T^{{j\alpha}{k\alpha}}_{{b\alpha}{c\alpha}}}{\tnsr T^{{i\alpha}{l_{1}\beta}}_{{d\alpha}{d_{1}\beta}}} + (0.25*1\nl
 - 0.25*\Perm{{a\alpha}{b\alpha}}{{b\alpha}{a\alpha}})\sum_{{k\beta}{k_{1}\beta}{c\beta}{c_{1}\beta}{d\alpha}}{}{\tnsr U^{{c\beta}{c_{1}\beta}{d\alpha}}_{{k\beta}{k_{1}\beta}{a\alpha}}}{\tnsr T^{{k\beta}{k_{1}\beta}}_{{c\beta}{c_{1}\beta}}}{\tnsr T^{{i\alpha}{j\alpha}}_{{b\alpha}{d\alpha}}} + (-1 + \Perm{{i\alpha}{j\alpha}}{{j\alpha}{i\alpha}} + \Perm{{a\alpha}{b\alpha}}{{b\alpha}{a\alpha}}\nl
 - \Perm{{i\alpha}{j\alpha}{a\alpha}{b\alpha}}{{j\alpha}{i\alpha}{b\alpha}{a\alpha}})\sum_{{k\beta}{l\beta}{c\beta}{c_{1}\alpha}{d\beta}}{}{\tnsr U^{{c\beta}{d\beta}{c_{1}\alpha}}_{{k\beta}{l\beta}{a\alpha}}}{\tnsr T^{{i\alpha}{k\beta}}_{{c_{1}\alpha}{c\beta}}}{\tnsr T^{{j\alpha}{l\beta}}_{{b\alpha}{d\beta}}} + (-0.5*1 + 0.5*\Perm{{i\alpha}{j\alpha}}{{j\alpha}{i\alpha}} + 0.5*\Perm{{a\alpha}{b\alpha}}{{b\alpha}{a\alpha}}\nl
 - 0.5*\Perm{{i\alpha}{j\alpha}{a\alpha}{b\alpha}}{{j\alpha}{i\alpha}{b\alpha}{a\alpha}})\sum_{{k\beta}{l_{1}\alpha}{c\beta}{d\alpha}{d_{1}\alpha}}{}{\tnsr U^{{c\beta}{d_{1}\alpha}{d\alpha}}_{{k\beta}{l_{1}\alpha}{a\alpha}}}{\tnsr T^{{j\alpha}{k\beta}}_{{b\alpha}{c\beta}}}{\tnsr T^{{i\alpha}{l_{1}\alpha}}_{{d\alpha}{d_{1}\alpha}}} + (0.5*1\nl
 - 0.5*\Perm{{i\alpha}{j\alpha}}{{j\alpha}{i\alpha}})\sum_{{k\alpha}{k_{1}\alpha}{l\alpha}{c\alpha}{c_{1}\alpha}}{}{\tnsr U^{{i\alpha}{c_{1}\alpha}{c\alpha}}_{{k\alpha}{k_{1}\alpha}{l\alpha}}}{\tnsr T^{{k\alpha}{k_{1}\alpha}}_{{c\alpha}{c_{1}\alpha}}}{\tnsr T^{{j\alpha}{l\alpha}}_{{a\alpha}{b\alpha}}} + (0.5*1 - 0.5*\Perm{{i\alpha}{j\alpha}}{{j\alpha}{i\alpha}} - 0.5*\Perm{{a\alpha}{b\alpha}}{{b\alpha}{a\alpha}} \newpg
\eeq
\beq
&& + 0.5*\Perm{{i\alpha}{j\alpha}{a\alpha}{b\alpha}}{{j\alpha}{i\alpha}{b\alpha}{a\alpha}})\sum_{{k\alpha}{k_{1}\alpha}{c_{1}\alpha}}{}{\tnsr U^{{i\alpha}{c_{1}\alpha}{j\alpha}}_{{k\alpha}{k_{1}\alpha}{b\alpha}}}{\tnsr T^{{k\alpha}{k_{1}\alpha}}_{{a\alpha}{c_{1}\alpha}}} + (-0.5*1 + 0.5*\Perm{{i\alpha}{j\alpha}}{{j\alpha}{i\alpha}} + 0.5*\Perm{{a\alpha}{b\alpha}}{{b\alpha}{a\alpha}}\nl
 - 0.5*\Perm{{i\alpha}{j\alpha}{a\alpha}{b\alpha}}{{j\alpha}{i\alpha}{b\alpha}{a\alpha}})\sum_{{k\alpha}{k_{1}\alpha}{l\alpha}{c_{1}\alpha}{d\alpha}}{}{\tnsr U^{{i\alpha}{d\alpha}{c_{1}\alpha}}_{{k\alpha}{k_{1}\alpha}{l\alpha}}}{\tnsr T^{{k\alpha}{k_{1}\alpha}}_{{a\alpha}{c_{1}\alpha}}}{\tnsr T^{{j\alpha}{l\alpha}}_{{b\alpha}{d\alpha}}} + (-0.25*1 + 0.25*\Perm{{i\alpha}{j\alpha}}{{j\alpha}{i\alpha}}\nl
 + 0.25*\Perm{{a\alpha}{b\alpha}}{{b\alpha}{a\alpha}} - 0.25*\Perm{{i\alpha}{j\alpha}{a\alpha}{b\alpha}}{{j\alpha}{i\alpha}{b\alpha}{a\alpha}})\sum_{{k\alpha}{k_{1}\alpha}{l_{1}\alpha}{d\alpha}{d_{1}\alpha}}{}{\tnsr U^{{i\alpha}{d\alpha}{d_{1}\alpha}}_{{k\alpha}{k_{1}\alpha}{l_{1}\alpha}}}{\tnsr T^{{k\alpha}{k_{1}\alpha}}_{{a\alpha}{b\alpha}}}{\tnsr T^{{j\alpha}{l_{1}\alpha}}_{{d\alpha}{d_{1}\alpha}}} + (-0.5*1 + 0.5*\Perm{{i\alpha}{j\alpha}}{{j\alpha}{i\alpha}}\nl
 + 0.5*\Perm{{a\alpha}{b\alpha}}{{b\alpha}{a\alpha}} - 0.5*\Perm{{i\alpha}{j\alpha}{a\alpha}{b\alpha}}{{j\alpha}{i\alpha}{b\alpha}{a\alpha}})\sum_{{k\alpha}{k_{1}\alpha}{l_{1}\beta}{d\alpha}{d_{1}\beta}}{}{\tnsr U^{{i\alpha}{d\alpha}{d_{1}\beta}}_{{k\alpha}{k_{1}\alpha}{l_{1}\beta}}}{\tnsr T^{{k\alpha}{k_{1}\alpha}}_{{a\alpha}{b\alpha}}}{\tnsr T^{{j\alpha}{l_{1}\beta}}_{{d\alpha}{d_{1}\beta}}} + (0.25*1 - 0.25*\Perm{{i\alpha}{j\alpha}}{{j\alpha}{i\alpha}}\nl
 - 0.25*\Perm{{a\alpha}{b\alpha}}{{b\alpha}{a\alpha}} + 0.25*\Perm{{i\alpha}{j\alpha}{a\alpha}{b\alpha}}{{j\alpha}{i\alpha}{b\alpha}{a\alpha}})\sum_{{k\alpha}{k_{1}\alpha}{l\alpha}{d\alpha}{d_{1}\alpha}}{}{\tnsr U^{{i\alpha}{d_{1}\alpha}{d\alpha}}_{{k\alpha}{k_{1}\alpha}{l\alpha}}}{\tnsr T^{{k\alpha}{k_{1}\alpha}}_{{a\alpha}{b\alpha}}}{\tnsr T^{{j\alpha}{l\alpha}}_{{d\alpha}{d_{1}\alpha}}} + (1\nl
 - \Perm{{i\alpha}{j\alpha}}{{j\alpha}{i\alpha}})\sum_{{k\alpha}{k_{1}\beta}{l\alpha}{c\alpha}{c_{1}\beta}}{}{\tnsr U^{{i\alpha}{c_{1}\beta}{c\alpha}}_{{k\alpha}{k_{1}\beta}{l\alpha}}}{\tnsr T^{{k\alpha}{k_{1}\beta}}_{{c\alpha}{c_{1}\beta}}}{\tnsr T^{{j\alpha}{l\alpha}}_{{a\alpha}{b\alpha}}} + (1 - \Perm{{i\alpha}{j\alpha}}{{j\alpha}{i\alpha}} - \Perm{{a\alpha}{b\alpha}}{{b\alpha}{a\alpha}}\nl
 + \Perm{{i\alpha}{j\alpha}{a\alpha}{b\alpha}}{{j\alpha}{i\alpha}{b\alpha}{a\alpha}})\sum_{{k\alpha}{k_{1}\beta}{c_{1}\beta}}{}{\tnsr U^{{i\alpha}{c_{1}\beta}{j\alpha}}_{{k\alpha}{k_{1}\beta}{b\alpha}}}{\tnsr T^{{k\alpha}{k_{1}\beta}}_{{a\alpha}{c_{1}\beta}}} + (-1 + \Perm{{i\alpha}{j\alpha}}{{j\alpha}{i\alpha}} + \Perm{{a\alpha}{b\alpha}}{{b\alpha}{a\alpha}}\nl
 - \Perm{{i\alpha}{j\alpha}{a\alpha}{b\alpha}}{{j\alpha}{i\alpha}{b\alpha}{a\alpha}})\sum_{{k\alpha}{k_{1}\beta}{l\beta}{c_{1}\beta}{d\beta}}{}{\tnsr U^{{i\alpha}{d\beta}{c_{1}\beta}}_{{k\alpha}{k_{1}\beta}{l\beta}}}{\tnsr T^{{k\alpha}{k_{1}\beta}}_{{a\alpha}{c_{1}\beta}}}{\tnsr T^{{j\alpha}{l\beta}}_{{b\alpha}{d\beta}}} + (-0.5*1 + 0.5*\Perm{{i\alpha}{j\alpha}}{{j\alpha}{i\alpha}} + 0.5*\Perm{{a\alpha}{b\alpha}}{{b\alpha}{a\alpha}}\nl
 - 0.5*\Perm{{i\alpha}{j\alpha}{a\alpha}{b\alpha}}{{j\alpha}{i\alpha}{b\alpha}{a\alpha}})\sum_{{k\alpha}{l\alpha}{l_{1}\alpha}{c\alpha}{d_{1}\alpha}}{}{\tnsr U^{{i\alpha}{c\alpha}{d_{1}\alpha}}_{{k\alpha}{l\alpha}{l_{1}\alpha}}}{\tnsr T^{{j\alpha}{k\alpha}}_{{b\alpha}{c\alpha}}}{\tnsr T^{{l\alpha}{l_{1}\alpha}}_{{a\alpha}{d_{1}\alpha}}} + (-1 + \Perm{{i\alpha}{j\alpha}}{{j\alpha}{i\alpha}} + \Perm{{a\alpha}{b\alpha}}{{b\alpha}{a\alpha}}\nl
 - \Perm{{i\alpha}{j\alpha}{a\alpha}{b\alpha}}{{j\alpha}{i\alpha}{b\alpha}{a\alpha}})\sum_{{k\alpha}{l\alpha}{l_{1}\beta}{c\alpha}{d_{1}\beta}}{}{\tnsr U^{{i\alpha}{c\alpha}{d_{1}\beta}}_{{k\alpha}{l\alpha}{l_{1}\beta}}}{\tnsr T^{{j\alpha}{k\alpha}}_{{b\alpha}{c\alpha}}}{\tnsr T^{{l\alpha}{l_{1}\beta}}_{{a\alpha}{d_{1}\beta}}} + (0.5*1 - 0.5*\Perm{{i\alpha}{j\alpha}}{{j\alpha}{i\alpha}} - 0.5*\Perm{{a\alpha}{b\alpha}}{{b\alpha}{a\alpha}}\nl
 + 0.5*\Perm{{i\alpha}{j\alpha}{a\alpha}{b\alpha}}{{j\alpha}{i\alpha}{b\alpha}{a\alpha}})\sum_{{k\alpha}{l\alpha}{l_{1}\alpha}{c\alpha}{d\alpha}}{}{\tnsr U^{{i\alpha}{d\alpha}{c\alpha}}_{{k\alpha}{l\alpha}{l_{1}\alpha}}}{\tnsr T^{{j\alpha}{k\alpha}}_{{b\alpha}{c\alpha}}}{\tnsr T^{{l\alpha}{l_{1}\alpha}}_{{a\alpha}{d\alpha}}} + (0.25*1\nl
 - 0.25*\Perm{{i\alpha}{j\alpha}}{{j\alpha}{i\alpha}})\sum_{{k\alpha}{l\alpha}{l_{1}\alpha}{d\alpha}{d_{1}\alpha}}{}{\tnsr U^{{i\alpha}{d_{1}\alpha}{d\alpha}}_{{k\alpha}{l\alpha}{l_{1}\alpha}}}{\tnsr T^{{j\alpha}{k\alpha}}_{{a\alpha}{b\alpha}}}{\tnsr T^{{l\alpha}{l_{1}\alpha}}_{{d\alpha}{d_{1}\alpha}}} + (0.25*1\nl
 - 0.25*\Perm{{i\alpha}{j\alpha}}{{j\alpha}{i\alpha}})\sum_{{k\alpha}{l\beta}{l_{1}\beta}{d\beta}{d_{1}\beta}}{}{\tnsr U^{{i\alpha}{d_{1}\beta}{d\beta}}_{{k\alpha}{l\beta}{l_{1}\beta}}}{\tnsr T^{{j\alpha}{k\alpha}}_{{a\alpha}{b\alpha}}}{\tnsr T^{{l\beta}{l_{1}\beta}}_{{d\beta}{d_{1}\beta}}} + (-0.5*1 + 0.5*\Perm{{i\alpha}{j\alpha}}{{j\alpha}{i\alpha}} + 0.5*\Perm{{a\alpha}{b\alpha}}{{b\alpha}{a\alpha}}\nl
 - 0.5*\Perm{{i\alpha}{j\alpha}{a\alpha}{b\alpha}}{{j\alpha}{i\alpha}{b\alpha}{a\alpha}})\sum_{{k\alpha}{k_{1}\alpha}{c\alpha}}{}{\tnsr U^{{c\alpha}{i\alpha}{j\alpha}}_{{k\alpha}{k_{1}\alpha}{b\alpha}}}{\tnsr T^{{k\alpha}{k_{1}\alpha}}_{{a\alpha}{c\alpha}}} + (-0.5*1 + 0.5*\Perm{{a\alpha}{b\alpha}}{{b\alpha}{a\alpha}})\sum_{{k\alpha}{k_{1}\alpha}{c\alpha}{c_{1}\alpha}{d\alpha}}{}{\tnsr U^{{c\alpha}{d\alpha}{c_{1}\alpha}}_{{k\alpha}{k_{1}\alpha}{a\alpha}}}{\tnsr T^{{k\alpha}{k_{1}\alpha}}_{{c\alpha}{c_{1}\alpha}}}{\tnsr T^{{i\alpha}{j\alpha}}_{{b\alpha}{d\alpha}}}\nl
 + (0.25*1 - 0.25*\Perm{{i\alpha}{j\alpha}}{{j\alpha}{i\alpha}} - 0.25*\Perm{{a\alpha}{b\alpha}}{{b\alpha}{a\alpha}}\nl
 + 0.25*\Perm{{i\alpha}{j\alpha}{a\alpha}{b\alpha}}{{j\alpha}{i\alpha}{b\alpha}{a\alpha}})\sum_{{k\alpha}{k_{1}\alpha}{c\alpha}{d\alpha}{d_{1}\alpha}}{}{\tnsr U^{{c\alpha}{d\alpha}{d_{1}\alpha}}_{{k\alpha}{k_{1}\alpha}{a\alpha}}}{\tnsr T^{{k\alpha}{k_{1}\alpha}}_{{b\alpha}{c\alpha}}}{\tnsr T^{{i\alpha}{j\alpha}}_{{d\alpha}{d_{1}\alpha}}} + (-0.5*1 + 0.5*\Perm{{i\alpha}{j\alpha}}{{j\alpha}{i\alpha}} + 0.5*\Perm{{a\alpha}{b\alpha}}{{b\alpha}{a\alpha}}\nl
 - 0.5*\Perm{{i\alpha}{j\alpha}{a\alpha}{b\alpha}}{{j\alpha}{i\alpha}{b\alpha}{a\alpha}})\sum_{{k\alpha}{l\alpha}{c\alpha}{c_{1}\alpha}{d\alpha}}{}{\tnsr U^{{c\alpha}{c_{1}\alpha}{d\alpha}}_{{k\alpha}{l\alpha}{a\alpha}}}{\tnsr T^{{i\alpha}{k\alpha}}_{{c\alpha}{c_{1}\alpha}}}{\tnsr T^{{j\alpha}{l\alpha}}_{{b\alpha}{d\alpha}}} + (0.5*1 - 0.5*\Perm{{i\alpha}{j\alpha}}{{j\alpha}{i\alpha}} - 0.5*\Perm{{a\alpha}{b\alpha}}{{b\alpha}{a\alpha}}\nl
 + 0.5*\Perm{{i\alpha}{j\alpha}{a\alpha}{b\alpha}}{{j\alpha}{i\alpha}{b\alpha}{a\alpha}})\sum_{{k\alpha}{c\alpha}{c_{1}\alpha}}{}{\tnsr U^{{c\alpha}{i\alpha}{c_{1}\alpha}}_{{k\alpha}{a\alpha}{b\alpha}}}{\tnsr T^{{j\alpha}{k\alpha}}_{{c\alpha}{c_{1}\alpha}}} + (-0.25*1\nl
 + 0.25*\Perm{{a\alpha}{b\alpha}}{{b\alpha}{a\alpha}})\sum_{{k\alpha}{k_{1}\alpha}{c\alpha}{c_{1}\alpha}{d\alpha}}{}{\tnsr U^{{c_{1}\alpha}{c\alpha}{d\alpha}}_{{k\alpha}{k_{1}\alpha}{a\alpha}}}{\tnsr T^{{k\alpha}{k_{1}\alpha}}_{{c\alpha}{c_{1}\alpha}}}{\tnsr T^{{i\alpha}{j\alpha}}_{{b\alpha}{d\alpha}}} + (0.5*1 - 0.5*\Perm{{i\alpha}{j\alpha}}{{j\alpha}{i\alpha}} - 0.5*\Perm{{a\alpha}{b\alpha}}{{b\alpha}{a\alpha}}\nl
 + 0.5*\Perm{{i\alpha}{j\alpha}{a\alpha}{b\alpha}}{{j\alpha}{i\alpha}{b\alpha}{a\alpha}})\sum_{{k\alpha}{k_{1}\alpha}{l\alpha}{c\alpha}{d\alpha}}{}{\tnsr U^{{d\alpha}{i\alpha}{c\alpha}}_{{k\alpha}{k_{1}\alpha}{l\alpha}}}{\tnsr T^{{k\alpha}{k_{1}\alpha}}_{{a\alpha}{c\alpha}}}{\tnsr T^{{j\alpha}{l\alpha}}_{{b\alpha}{d\alpha}}} + (-0.25*1 + 0.25*\Perm{{i\alpha}{j\alpha}}{{j\alpha}{i\alpha}}\nl
 + 0.25*\Perm{{a\alpha}{b\alpha}}{{b\alpha}{a\alpha}} - 0.25*\Perm{{i\alpha}{j\alpha}{a\alpha}{b\alpha}}{{j\alpha}{i\alpha}{b\alpha}{a\alpha}})\sum_{{k\alpha}{k_{1}\alpha}{c_{1}\alpha}{d\alpha}{d_{1}\alpha}}{}{\tnsr U^{{d\alpha}{c_{1}\alpha}{d_{1}\alpha}}_{{k\alpha}{k_{1}\alpha}{a\alpha}}}{\tnsr T^{{k\alpha}{k_{1}\alpha}}_{{b\alpha}{c_{1}\alpha}}}{\tnsr T^{{i\alpha}{j\alpha}}_{{d\alpha}{d_{1}\alpha}}} + (-0.5*1 + 0.5*\Perm{{i\alpha}{j\alpha}}{{j\alpha}{i\alpha}}\nl
 + 0.5*\Perm{{a\alpha}{b\alpha}}{{b\alpha}{a\alpha}} - 0.5*\Perm{{i\alpha}{j\alpha}{a\alpha}{b\alpha}}{{j\alpha}{i\alpha}{b\alpha}{a\alpha}})\sum_{{k\alpha}{k_{1}\beta}{c_{1}\beta}{d\alpha}{d_{1}\alpha}}{}{\tnsr U^{{d\alpha}{c_{1}\beta}{d_{1}\alpha}}_{{k\alpha}{k_{1}\beta}{a\alpha}}}{\tnsr T^{{k\alpha}{k_{1}\beta}}_{{b\alpha}{c_{1}\beta}}}{\tnsr T^{{i\alpha}{j\alpha}}_{{d\alpha}{d_{1}\alpha}}} + (-0.5*1 + 0.5*\Perm{{i\alpha}{j\alpha}}{{j\alpha}{i\alpha}}\nl
 + 0.5*\Perm{{a\alpha}{b\alpha}}{{b\alpha}{a\alpha}} - 0.5*\Perm{{i\alpha}{j\alpha}{a\alpha}{b\alpha}}{{j\alpha}{i\alpha}{b\alpha}{a\alpha}})\sum_{{k\alpha}{l\alpha}{c\alpha}{c_{1}\alpha}{d\alpha}}{}{\tnsr U^{{d\alpha}{c\alpha}{c_{1}\alpha}}_{{k\alpha}{l\alpha}{a\alpha}}}{\tnsr T^{{i\alpha}{k\alpha}}_{{c\alpha}{c_{1}\alpha}}}{\tnsr T^{{j\alpha}{l\alpha}}_{{b\alpha}{d\alpha}}} + (0.5*1 - 0.5*\Perm{{i\alpha}{j\alpha}}{{j\alpha}{i\alpha}}\nl
 - 0.5*\Perm{{a\alpha}{b\alpha}}{{b\alpha}{a\alpha}} + 0.5*\Perm{{i\alpha}{j\alpha}{a\alpha}{b\alpha}}{{j\alpha}{i\alpha}{b\alpha}{a\alpha}})\sum_{{k\alpha}{l_{1}\alpha}{c\alpha}{d\alpha}{d_{1}\alpha}}{}{\tnsr U^{{d\alpha}{d_{1}\alpha}{c\alpha}}_{{k\alpha}{l_{1}\alpha}{a\alpha}}}{\tnsr T^{{j\alpha}{k\alpha}}_{{b\alpha}{c\alpha}}}{\tnsr T^{{i\alpha}{l_{1}\alpha}}_{{d\alpha}{d_{1}\alpha}}} + (1 - \Perm{{i\alpha}{j\alpha}}{{j\alpha}{i\alpha}} - \Perm{{a\alpha}{b\alpha}}{{b\alpha}{a\alpha}}\nl
 + \Perm{{i\alpha}{j\alpha}{a\alpha}{b\alpha}}{{j\alpha}{i\alpha}{b\alpha}{a\alpha}})\sum_{{k\alpha}{l_{1}\beta}{c\alpha}{d\alpha}{d_{1}\beta}}{}{\tnsr U^{{d\alpha}{d_{1}\beta}{c\alpha}}_{{k\alpha}{l_{1}\beta}{a\alpha}}}{\tnsr T^{{j\alpha}{k\alpha}}_{{b\alpha}{c\alpha}}}{\tnsr T^{{i\alpha}{l_{1}\beta}}_{{d\alpha}{d_{1}\beta}}} + (0.5*1 - 0.5*\Perm{{i\alpha}{j\alpha}}{{j\alpha}{i\alpha}} - 0.5*\Perm{{a\alpha}{b\alpha}}{{b\alpha}{a\alpha}}\nl
 + 0.5*\Perm{{i\alpha}{j\alpha}{a\alpha}{b\alpha}}{{j\alpha}{i\alpha}{b\alpha}{a\alpha}})\sum_{{k\alpha}{l_{1}\alpha}{c\alpha}{d\alpha}{d_{1}\alpha}}{}{\tnsr U^{{d_{1}\alpha}{c\alpha}{d\alpha}}_{{k\alpha}{l_{1}\alpha}{a\alpha}}}{\tnsr T^{{j\alpha}{k\alpha}}_{{b\alpha}{c\alpha}}}{\tnsr T^{{i\alpha}{l_{1}\alpha}}_{{d\alpha}{d_{1}\alpha}}} + (-1 + \Perm{{a\alpha}{b\alpha}}{{b\alpha}{a\alpha}})\sum_{{k\beta}{k_{1}\alpha}{c\beta}{c_{1}\alpha}{d\alpha}}{}{\tnsr U^{{c\beta}{d\alpha}{c_{1}\alpha}}_{{k\beta}{k_{1}\alpha}{a\alpha}}}{\tnsr T^{{k\beta}{k_{1}\alpha}}_{{c\beta}{c_{1}\alpha}}}{\tnsr T^{{i\alpha}{j\alpha}}_{{b\alpha}{d\alpha}}} \newpg
\eeq
\beq
&& + (-1 + \Perm{{i\alpha}{j\alpha}}{{j\alpha}{i\alpha}} + \Perm{{a\alpha}{b\alpha}}{{b\alpha}{a\alpha}} - \Perm{{i\alpha}{j\alpha}{a\alpha}{b\alpha}}{{j\alpha}{i\alpha}{b\alpha}{a\alpha}})\sum_{{k\beta}{c\beta}{c_{1}\alpha}}{}{\tnsr U^{{c\beta}{i\alpha}{c_{1}\alpha}}_{{k\beta}{a\alpha}{b\alpha}}}{\tnsr T^{{j\alpha}{k\beta}}_{{c_{1}\alpha}{c\beta}}} + (-0.25*1\nl
 + 0.25*\Perm{{a\alpha}{b\alpha}}{{b\alpha}{a\alpha}})\sum_{{k\beta}{k_{1}\beta}{c\beta}{c_{1}\beta}{d\alpha}}{}{\tnsr U^{{c_{1}\beta}{c\beta}{d\alpha}}_{{k\beta}{k_{1}\beta}{a\alpha}}}{\tnsr T^{{k\beta}{k_{1}\beta}}_{{c\beta}{c_{1}\beta}}}{\tnsr T^{{i\alpha}{j\alpha}}_{{b\alpha}{d\alpha}}} + (1 - \Perm{{i\alpha}{j\alpha}}{{j\alpha}{i\alpha}} - \Perm{{a\alpha}{b\alpha}}{{b\alpha}{a\alpha}}\nl
 + \Perm{{i\alpha}{j\alpha}{a\alpha}{b\alpha}}{{j\alpha}{i\alpha}{b\alpha}{a\alpha}})\sum_{{k\beta}{l\beta}{c\beta}{c_{1}\alpha}{d\beta}}{}{\tnsr U^{{d\beta}{c\beta}{c_{1}\alpha}}_{{k\beta}{l\beta}{a\alpha}}}{\tnsr T^{{i\alpha}{k\beta}}_{{c_{1}\alpha}{c\beta}}}{\tnsr T^{{j\alpha}{l\beta}}_{{b\alpha}{d\beta}}} + (-0.5*1 + 0.5*\Perm{{i\alpha}{j\alpha}}{{j\alpha}{i\alpha}} + 0.5*\Perm{{a\alpha}{b\alpha}}{{b\alpha}{a\alpha}}\nl
 - 0.5*\Perm{{i\alpha}{j\alpha}{a\alpha}{b\alpha}}{{j\alpha}{i\alpha}{b\alpha}{a\alpha}})\sum_{{k_{1}\alpha}{c\alpha}{c_{1}\alpha}}{}{\tnsr U^{{c_{1}\alpha}{i\alpha}{c\alpha}}_{{k_{1}\alpha}{a\alpha}{b\alpha}}}{\tnsr T^{{j\alpha}{k_{1}\alpha}}_{{c\alpha}{c_{1}\alpha}}} + (0.5*1 - 0.5*\Perm{{i\alpha}{j\alpha}}{{j\alpha}{i\alpha}} - 0.5*\Perm{{a\alpha}{b\alpha}}{{b\alpha}{a\alpha}}\nl
 + 0.5*\Perm{{i\alpha}{j\alpha}{a\alpha}{b\alpha}}{{j\alpha}{i\alpha}{b\alpha}{a\alpha}})\sum_{{k\alpha}{k_{1}\alpha}{c\alpha}}{}{\tnsr U^{{i\alpha}{j\alpha}{c\alpha}}_{{k\alpha}{k_{1}\alpha}{a\alpha}}}{\tnsr T^{{k\alpha}{k_{1}\alpha}}_{{b\alpha}{c\alpha}}} + (-0.5*1 + 0.5*\Perm{{i\alpha}{j\alpha}}{{j\alpha}{i\alpha}})\sum_{{k\alpha}{k_{1}\alpha}{l\alpha}{c\alpha}{c_{1}\alpha}}{}{\tnsr U^{{i\alpha}{c\alpha}{c_{1}\alpha}}_{{k\alpha}{k_{1}\alpha}{l\alpha}}}{\tnsr T^{{k\alpha}{k_{1}\alpha}}_{{c\alpha}{c_{1}\alpha}}}{\tnsr T^{{j\alpha}{l\alpha}}_{{a\alpha}{b\alpha}}}\nl
 + (-0.25*1 + 0.25*\Perm{{i\alpha}{j\alpha}}{{j\alpha}{i\alpha}} + 0.25*\Perm{{a\alpha}{b\alpha}}{{b\alpha}{a\alpha}}\nl
 - 0.25*\Perm{{i\alpha}{j\alpha}{a\alpha}{b\alpha}}{{j\alpha}{i\alpha}{b\alpha}{a\alpha}})\sum_{{k\alpha}{l\alpha}{l_{1}\alpha}{c\alpha}{c_{1}\alpha}}{}{\tnsr U^{{i\alpha}{c\alpha}{c_{1}\alpha}}_{{k\alpha}{l\alpha}{l_{1}\alpha}}}{\tnsr T^{{j\alpha}{k\alpha}}_{{c\alpha}{c_{1}\alpha}}}{\tnsr T^{{l\alpha}{l_{1}\alpha}}_{{a\alpha}{b\alpha}}} + (-0.5*1 + 0.5*\Perm{{i\alpha}{j\alpha}}{{j\alpha}{i\alpha}} + 0.5*\Perm{{a\alpha}{b\alpha}}{{b\alpha}{a\alpha}}\nl
 - 0.5*\Perm{{i\alpha}{j\alpha}{a\alpha}{b\alpha}}{{j\alpha}{i\alpha}{b\alpha}{a\alpha}})\sum_{{k\alpha}{c\alpha}{c_{1}\alpha}}{}{\tnsr U^{{i\alpha}{c\alpha}{c_{1}\alpha}}_{{k\alpha}{a\alpha}{b\alpha}}}{\tnsr T^{{j\alpha}{k\alpha}}_{{c\alpha}{c_{1}\alpha}}} + (0.5*1 - 0.5*\Perm{{a\alpha}{b\alpha}}{{b\alpha}{a\alpha}})\sum_{{k\alpha}{k_{1}\alpha}{c\alpha}{c_{1}\alpha}{d\alpha}}{}{\tnsr U^{{c_{1}\alpha}{d\alpha}{c\alpha}}_{{k\alpha}{k_{1}\alpha}{a\alpha}}}{\tnsr T^{{k\alpha}{k_{1}\alpha}}_{{c\alpha}{c_{1}\alpha}}}{\tnsr T^{{i\alpha}{j\alpha}}_{{b\alpha}{d\alpha}}}\nl
 + (0.25*1 - 0.25*\Perm{{i\alpha}{j\alpha}}{{j\alpha}{i\alpha}} - 0.25*\Perm{{a\alpha}{b\alpha}}{{b\alpha}{a\alpha}}\nl
 + 0.25*\Perm{{i\alpha}{j\alpha}{a\alpha}{b\alpha}}{{j\alpha}{i\alpha}{b\alpha}{a\alpha}})\sum_{{k\alpha}{k_{1}\alpha}{c\alpha}{d\alpha}{d_{1}\alpha}}{}{\tnsr U^{{d\alpha}{d_{1}\alpha}{c\alpha}}_{{k\alpha}{k_{1}\alpha}{a\alpha}}}{\tnsr T^{{k\alpha}{k_{1}\alpha}}_{{b\alpha}{c\alpha}}}{\tnsr T^{{i\alpha}{j\alpha}}_{{d\alpha}{d_{1}\alpha}}}
\eeq
\beq
&&<\Phi^{{a\beta}{b\beta}}_{{i\beta}{j\beta}} |-6 \op U_{3^{ppp}_{ppp}} (1+\op T_2 + \half \op T_2 \op T_2)| 0>_C
=\nl
(0.25*1 - 0.25*\Perm{{a\beta}{b\beta}}{{b\beta}{a\beta}})\sum_{{k\alpha}{k_{1}\alpha}{c\alpha}{c_{1}\alpha}{d\beta}}{}{\tnsr U^{{c\alpha}{c_{1}\alpha}{d\beta}}_{{k\alpha}{k_{1}\alpha}{a\beta}}}{\tnsr T^{{k\alpha}{k_{1}\alpha}}_{{c\alpha}{c_{1}\alpha}}}{\tnsr T^{{i\beta}{j\beta}}_{{b\beta}{d\beta}}} + (1 - \Perm{{i\beta}{j\beta}}{{j\beta}{i\beta}} - \Perm{{a\beta}{b\beta}}{{b\beta}{a\beta}}\nl
 + \Perm{{i\beta}{j\beta}{a\beta}{b\beta}}{{j\beta}{i\beta}{b\beta}{a\beta}})\sum_{{k\alpha}{k_{1}\beta}{l\alpha}{c\alpha}{d\alpha}}{}{\tnsr U^{{c\alpha}{i\beta}{d\alpha}}_{{k\alpha}{k_{1}\beta}{l\alpha}}}{\tnsr T^{{k\alpha}{k_{1}\beta}}_{{c\alpha}{a\beta}}}{\tnsr T^{{j\beta}{l\alpha}}_{{b\beta}{d\alpha}}} + (1 - \Perm{{i\beta}{j\beta}}{{j\beta}{i\beta}} - \Perm{{a\beta}{b\beta}}{{b\beta}{a\beta}}\nl
 + \Perm{{i\beta}{j\beta}{a\beta}{b\beta}}{{j\beta}{i\beta}{b\beta}{a\beta}})\sum_{{k\alpha}{k_{1}\beta}{l\beta}{c\alpha}{d\beta}}{}{\tnsr U^{{c\alpha}{i\beta}{d\beta}}_{{k\alpha}{k_{1}\beta}{l\beta}}}{\tnsr T^{{k\alpha}{k_{1}\beta}}_{{c\alpha}{a\beta}}}{\tnsr T^{{j\beta}{l\beta}}_{{b\beta}{d\beta}}} + (1 - \Perm{{a\beta}{b\beta}}{{b\beta}{a\beta}})\sum_{{k\alpha}{k_{1}\beta}{c\alpha}{c_{1}\beta}{d\beta}}{}{\tnsr U^{{c\alpha}{c_{1}\beta}{d\beta}}_{{k\alpha}{k_{1}\beta}{a\beta}}}{\tnsr T^{{k\alpha}{k_{1}\beta}}_{{c\alpha}{c_{1}\beta}}}{\tnsr T^{{i\beta}{j\beta}}_{{b\beta}{d\beta}}} + (-1\nl
 + \Perm{{i\beta}{j\beta}}{{j\beta}{i\beta}} + \Perm{{a\beta}{b\beta}}{{b\beta}{a\beta}} - \Perm{{i\beta}{j\beta}{a\beta}{b\beta}}{{j\beta}{i\beta}{b\beta}{a\beta}})\sum_{{k\alpha}{l\alpha}{c\alpha}{c_{1}\beta}{d\alpha}}{}{\tnsr U^{{c\alpha}{d\alpha}{c_{1}\beta}}_{{k\alpha}{l\alpha}{a\beta}}}{\tnsr T^{{i\beta}{k\alpha}}_{{c_{1}\beta}{c\alpha}}}{\tnsr T^{{j\beta}{l\alpha}}_{{b\beta}{d\alpha}}} + (-1 + \Perm{{i\beta}{j\beta}}{{j\beta}{i\beta}}\nl
 + \Perm{{a\beta}{b\beta}}{{b\beta}{a\beta}} - \Perm{{i\beta}{j\beta}{a\beta}{b\beta}}{{j\beta}{i\beta}{b\beta}{a\beta}})\sum_{{k\alpha}{l\beta}{c\alpha}{c_{1}\beta}{d\beta}}{}{\tnsr U^{{c\alpha}{d\beta}{c_{1}\beta}}_{{k\alpha}{l\beta}{a\beta}}}{\tnsr T^{{i\beta}{k\alpha}}_{{c_{1}\beta}{c\alpha}}}{\tnsr T^{{j\beta}{l\beta}}_{{b\beta}{d\beta}}} + (-0.5*1 + 0.5*\Perm{{i\beta}{j\beta}}{{j\beta}{i\beta}}\nl
 + 0.5*\Perm{{a\beta}{b\beta}}{{b\beta}{a\beta}} - 0.5*\Perm{{i\beta}{j\beta}{a\beta}{b\beta}}{{j\beta}{i\beta}{b\beta}{a\beta}})\sum_{{k\alpha}{l_{1}\beta}{c\alpha}{d\beta}{d_{1}\beta}}{}{\tnsr U^{{c\alpha}{d_{1}\beta}{d\beta}}_{{k\alpha}{l_{1}\beta}{a\beta}}}{\tnsr T^{{j\beta}{k\alpha}}_{{b\beta}{c\alpha}}}{\tnsr T^{{i\beta}{l_{1}\beta}}_{{d\beta}{d_{1}\beta}}} + (0.5*1 - 0.5*\Perm{{i\beta}{j\beta}}{{j\beta}{i\beta}}\nl
 - 0.5*\Perm{{a\beta}{b\beta}}{{b\beta}{a\beta}} + 0.5*\Perm{{i\beta}{j\beta}{a\beta}{b\beta}}{{j\beta}{i\beta}{b\beta}{a\beta}})\sum_{{k\beta}{k_{1}\beta}{l\alpha}{c_{1}\beta}{d\alpha}}{}{\tnsr U^{{i\beta}{c_{1}\beta}{d\alpha}}_{{k\beta}{k_{1}\beta}{l\alpha}}}{\tnsr T^{{k\beta}{k_{1}\beta}}_{{a\beta}{c_{1}\beta}}}{\tnsr T^{{j\beta}{l\alpha}}_{{b\beta}{d\alpha}}} + (0.5*1 - 0.5*\Perm{{i\beta}{j\beta}}{{j\beta}{i\beta}}\nl
 - 0.5*\Perm{{a\beta}{b\beta}}{{b\beta}{a\beta}} + 0.5*\Perm{{i\beta}{j\beta}{a\beta}{b\beta}}{{j\beta}{i\beta}{b\beta}{a\beta}})\sum_{{k\beta}{k_{1}\beta}{l\beta}{c_{1}\beta}{d\beta}}{}{\tnsr U^{{i\beta}{c_{1}\beta}{d\beta}}_{{k\beta}{k_{1}\beta}{l\beta}}}{\tnsr T^{{k\beta}{k_{1}\beta}}_{{a\beta}{c_{1}\beta}}}{\tnsr T^{{j\beta}{l\beta}}_{{b\beta}{d\beta}}} + (-0.25*1\nl
 + 0.25*\Perm{{i\beta}{j\beta}}{{j\beta}{i\beta}})\sum_{{k\beta}{l\alpha}{l_{1}\alpha}{d\alpha}{d_{1}\alpha}}{}{\tnsr U^{{i\beta}{d\alpha}{d_{1}\alpha}}_{{k\beta}{l\alpha}{l_{1}\alpha}}}{\tnsr T^{{j\beta}{k\beta}}_{{a\beta}{b\beta}}}{\tnsr T^{{l\alpha}{l_{1}\alpha}}_{{d\alpha}{d_{1}\alpha}}} + (-1 + \Perm{{i\beta}{j\beta}}{{j\beta}{i\beta}})\sum_{{k\beta}{l\alpha}{l_{1}\beta}{d\alpha}{d_{1}\beta}}{}{\tnsr U^{{i\beta}{d\alpha}{d_{1}\beta}}_{{k\beta}{l\alpha}{l_{1}\beta}}}{\tnsr T^{{j\beta}{k\beta}}_{{a\beta}{b\beta}}}{\tnsr T^{{l\alpha}{l_{1}\beta}}_{{d\alpha}{d_{1}\beta}}}\nl
 + (-0.25*1 + 0.25*\Perm{{i\beta}{j\beta}}{{j\beta}{i\beta}})\sum_{{k\beta}{l\beta}{l_{1}\beta}{d\beta}{d_{1}\beta}}{}{\tnsr U^{{i\beta}{d\beta}{d_{1}\beta}}_{{k\beta}{l\beta}{l_{1}\beta}}}{\tnsr T^{{j\beta}{k\beta}}_{{a\beta}{b\beta}}}{\tnsr T^{{l\beta}{l_{1}\beta}}_{{d\beta}{d_{1}\beta}}} + (-0.5*1 + 0.5*\Perm{{i\beta}{j\beta}}{{j\beta}{i\beta}}\nl
 + 0.5*\Perm{{a\beta}{b\beta}}{{b\beta}{a\beta}} - 0.5*\Perm{{i\beta}{j\beta}{a\beta}{b\beta}}{{j\beta}{i\beta}{b\beta}{a\beta}})\sum_{{k\beta}{k_{1}\beta}{l\alpha}{c\beta}{d\alpha}}{}{\tnsr U^{{c\beta}{i\beta}{d\alpha}}_{{k\beta}{k_{1}\beta}{l\alpha}}}{\tnsr T^{{k\beta}{k_{1}\beta}}_{{a\beta}{c\beta}}}{\tnsr T^{{j\beta}{l\alpha}}_{{b\beta}{d\alpha}}} + (-0.5*1 + 0.5*\Perm{{i\beta}{j\beta}}{{j\beta}{i\beta}}\nl
 + 0.5*\Perm{{a\beta}{b\beta}}{{b\beta}{a\beta}} - 0.5*\Perm{{i\beta}{j\beta}{a\beta}{b\beta}}{{j\beta}{i\beta}{b\beta}{a\beta}})\sum_{{k\beta}{k_{1}\beta}{l\beta}{c\beta}{d\beta}}{}{\tnsr U^{{c\beta}{i\beta}{d\beta}}_{{k\beta}{k_{1}\beta}{l\beta}}}{\tnsr T^{{k\beta}{k_{1}\beta}}_{{a\beta}{c\beta}}}{\tnsr T^{{j\beta}{l\beta}}_{{b\beta}{d\beta}}} + (0.25*1\nl
 - 0.25*\Perm{{a\beta}{b\beta}}{{b\beta}{a\beta}})\sum_{{k\beta}{k_{1}\beta}{c\beta}{c_{1}\beta}{d\beta}}{}{\tnsr U^{{c\beta}{c_{1}\beta}{d\beta}}_{{k\beta}{k_{1}\beta}{a\beta}}}{\tnsr T^{{k\beta}{k_{1}\beta}}_{{c\beta}{c_{1}\beta}}}{\tnsr T^{{i\beta}{j\beta}}_{{b\beta}{d\beta}}} + (0.5*1 - 0.5*\Perm{{i\beta}{j\beta}}{{j\beta}{i\beta}} - 0.5*\Perm{{a\beta}{b\beta}}{{b\beta}{a\beta}}\nl
 + 0.5*\Perm{{i\beta}{j\beta}{a\beta}{b\beta}}{{j\beta}{i\beta}{b\beta}{a\beta}})\sum_{{k\beta}{l\alpha}{c\beta}{c_{1}\beta}{d\alpha}}{}{\tnsr U^{{c\beta}{d\alpha}{c_{1}\beta}}_{{k\beta}{l\alpha}{a\beta}}}{\tnsr T^{{i\beta}{k\beta}}_{{c\beta}{c_{1}\beta}}}{\tnsr T^{{j\beta}{l\alpha}}_{{b\beta}{d\alpha}}} + (0.5*1 - 0.5*\Perm{{i\beta}{j\beta}}{{j\beta}{i\beta}} - 0.5*\Perm{{a\beta}{b\beta}}{{b\beta}{a\beta}}\nl
 + 0.5*\Perm{{i\beta}{j\beta}{a\beta}{b\beta}}{{j\beta}{i\beta}{b\beta}{a\beta}})\sum_{{k\beta}{l\beta}{c\beta}{c_{1}\beta}{d\beta}}{}{\tnsr U^{{c\beta}{d\beta}{c_{1}\beta}}_{{k\beta}{l\beta}{a\beta}}}{\tnsr T^{{i\beta}{k\beta}}_{{c\beta}{c_{1}\beta}}}{\tnsr T^{{j\beta}{l\beta}}_{{b\beta}{d\beta}}} + (-0.5*1 + 0.5*\Perm{{i\beta}{j\beta}}{{j\beta}{i\beta}} + 0.5*\Perm{{a\beta}{b\beta}}{{b\beta}{a\beta}}\nl
 - 0.5*\Perm{{i\beta}{j\beta}{a\beta}{b\beta}}{{j\beta}{i\beta}{b\beta}{a\beta}})\sum_{{k\beta}{l_{1}\beta}{c\beta}{d\beta}{d_{1}\beta}}{}{\tnsr U^{{c\beta}{d_{1}\beta}{d\beta}}_{{k\beta}{l_{1}\beta}{a\beta}}}{\tnsr T^{{j\beta}{k\beta}}_{{b\beta}{c\beta}}}{\tnsr T^{{i\beta}{l_{1}\beta}}_{{d\beta}{d_{1}\beta}}} + (1 - \Perm{{i\beta}{j\beta}}{{j\beta}{i\beta}} - \Perm{{a\beta}{b\beta}}{{b\beta}{a\beta}}\nl
 + \Perm{{i\beta}{j\beta}{a\beta}{b\beta}}{{j\beta}{i\beta}{b\beta}{a\beta}})\sum_{{k\alpha}{k_{1}\beta}{c\alpha}}{}{\tnsr U^{{c\alpha}{i\beta}{j\beta}}_{{k\alpha}{k_{1}\beta}{b\beta}}}{\tnsr T^{{k\alpha}{k_{1}\beta}}_{{c\alpha}{a\beta}}} + (-1 + \Perm{{a\beta}{b\beta}}{{b\beta}{a\beta}})\sum_{{k\alpha}{k_{1}\beta}{c\alpha}{c_{1}\beta}{d\beta}}{}{\tnsr U^{{c\alpha}{d\beta}{c_{1}\beta}}_{{k\alpha}{k_{1}\beta}{a\beta}}}{\tnsr T^{{k\alpha}{k_{1}\beta}}_{{c\alpha}{c_{1}\beta}}}{\tnsr T^{{i\beta}{j\beta}}_{{b\beta}{d\beta}}} + (-0.5*1 \newpg
\eeq
\beq
&& + 0.5*\Perm{{i\beta}{j\beta}}{{j\beta}{i\beta}} + 0.5*\Perm{{a\beta}{b\beta}}{{b\beta}{a\beta}} - 0.5*\Perm{{i\beta}{j\beta}{a\beta}{b\beta}}{{j\beta}{i\beta}{b\beta}{a\beta}})\sum_{{k\alpha}{k_{1}\beta}{c\alpha}{d\beta}{d_{1}\beta}}{}{\tnsr U^{{c\alpha}{d\beta}{d_{1}\beta}}_{{k\alpha}{k_{1}\beta}{a\beta}}}{\tnsr T^{{k\alpha}{k_{1}\beta}}_{{c\alpha}{b\beta}}}{\tnsr T^{{i\beta}{j\beta}}_{{d\beta}{d_{1}\beta}}} + (1\nl
 - \Perm{{i\beta}{j\beta}}{{j\beta}{i\beta}} - \Perm{{a\beta}{b\beta}}{{b\beta}{a\beta}} + \Perm{{i\beta}{j\beta}{a\beta}{b\beta}}{{j\beta}{i\beta}{b\beta}{a\beta}})\sum_{{k\alpha}{l\beta}{c\alpha}{c_{1}\beta}{d\beta}}{}{\tnsr U^{{c\alpha}{c_{1}\beta}{d\beta}}_{{k\alpha}{l\beta}{a\beta}}}{\tnsr T^{{i\beta}{k\alpha}}_{{c_{1}\beta}{c\alpha}}}{\tnsr T^{{j\beta}{l\beta}}_{{b\beta}{d\beta}}} + (-1 + \Perm{{i\beta}{j\beta}}{{j\beta}{i\beta}}\nl
 + \Perm{{a\beta}{b\beta}}{{b\beta}{a\beta}} - \Perm{{i\beta}{j\beta}{a\beta}{b\beta}}{{j\beta}{i\beta}{b\beta}{a\beta}})\sum_{{k\alpha}{c\alpha}{c_{1}\beta}}{}{\tnsr U^{{c\alpha}{i\beta}{c_{1}\beta}}_{{k\alpha}{a\beta}{b\beta}}}{\tnsr T^{{j\beta}{k\alpha}}_{{c_{1}\beta}{c\alpha}}} + (-0.25*1\nl
 + 0.25*\Perm{{a\beta}{b\beta}}{{b\beta}{a\beta}})\sum_{{k\alpha}{k_{1}\alpha}{c\alpha}{c_{1}\alpha}{d\beta}}{}{\tnsr U^{{c_{1}\alpha}{c\alpha}{d\beta}}_{{k\alpha}{k_{1}\alpha}{a\beta}}}{\tnsr T^{{k\alpha}{k_{1}\alpha}}_{{c\alpha}{c_{1}\alpha}}}{\tnsr T^{{i\beta}{j\beta}}_{{b\beta}{d\beta}}} + (-1 + \Perm{{i\beta}{j\beta}}{{j\beta}{i\beta}} + \Perm{{a\beta}{b\beta}}{{b\beta}{a\beta}}\nl
 - \Perm{{i\beta}{j\beta}{a\beta}{b\beta}}{{j\beta}{i\beta}{b\beta}{a\beta}})\sum_{{k\alpha}{k_{1}\beta}{l\alpha}{c\alpha}{d\alpha}}{}{\tnsr U^{{d\alpha}{i\beta}{c\alpha}}_{{k\alpha}{k_{1}\beta}{l\alpha}}}{\tnsr T^{{k\alpha}{k_{1}\beta}}_{{c\alpha}{a\beta}}}{\tnsr T^{{j\beta}{l\alpha}}_{{b\beta}{d\alpha}}} + (1 - \Perm{{i\beta}{j\beta}}{{j\beta}{i\beta}} - \Perm{{a\beta}{b\beta}}{{b\beta}{a\beta}}\nl
 + \Perm{{i\beta}{j\beta}{a\beta}{b\beta}}{{j\beta}{i\beta}{b\beta}{a\beta}})\sum_{{k\alpha}{l\alpha}{c\alpha}{c_{1}\beta}{d\alpha}}{}{\tnsr U^{{d\alpha}{c\alpha}{c_{1}\beta}}_{{k\alpha}{l\alpha}{a\beta}}}{\tnsr T^{{i\beta}{k\alpha}}_{{c_{1}\beta}{c\alpha}}}{\tnsr T^{{j\beta}{l\alpha}}_{{b\beta}{d\alpha}}} + (1 - \Perm{{i\beta}{j\beta}}{{j\beta}{i\beta}})\sum_{{k\beta}{k_{1}\alpha}{l\beta}{c\beta}{c_{1}\alpha}}{}{\tnsr U^{{i\beta}{c_{1}\alpha}{c\beta}}_{{k\beta}{k_{1}\alpha}{l\beta}}}{\tnsr T^{{k\beta}{k_{1}\alpha}}_{{c\beta}{c_{1}\alpha}}}{\tnsr T^{{j\beta}{l\beta}}_{{a\beta}{b\beta}}}\nl
 + (0.5*1 - 0.5*\Perm{{i\beta}{j\beta}}{{j\beta}{i\beta}})\sum_{{k\beta}{k_{1}\beta}{l\beta}{c\beta}{c_{1}\beta}}{}{\tnsr U^{{i\beta}{c_{1}\beta}{c\beta}}_{{k\beta}{k_{1}\beta}{l\beta}}}{\tnsr T^{{k\beta}{k_{1}\beta}}_{{c\beta}{c_{1}\beta}}}{\tnsr T^{{j\beta}{l\beta}}_{{a\beta}{b\beta}}} + (0.5*1 - 0.5*\Perm{{i\beta}{j\beta}}{{j\beta}{i\beta}}\nl
 - 0.5*\Perm{{a\beta}{b\beta}}{{b\beta}{a\beta}} + 0.5*\Perm{{i\beta}{j\beta}{a\beta}{b\beta}}{{j\beta}{i\beta}{b\beta}{a\beta}})\sum_{{k\beta}{k_{1}\beta}{c_{1}\beta}}{}{\tnsr U^{{i\beta}{c_{1}\beta}{j\beta}}_{{k\beta}{k_{1}\beta}{b\beta}}}{\tnsr T^{{k\beta}{k_{1}\beta}}_{{a\beta}{c_{1}\beta}}} + (-0.5*1 + 0.5*\Perm{{i\beta}{j\beta}}{{j\beta}{i\beta}}\nl
 + 0.5*\Perm{{a\beta}{b\beta}}{{b\beta}{a\beta}} - 0.5*\Perm{{i\beta}{j\beta}{a\beta}{b\beta}}{{j\beta}{i\beta}{b\beta}{a\beta}})\sum_{{k\beta}{k_{1}\beta}{l\beta}{c_{1}\beta}{d\beta}}{}{\tnsr U^{{i\beta}{d\beta}{c_{1}\beta}}_{{k\beta}{k_{1}\beta}{l\beta}}}{\tnsr T^{{k\beta}{k_{1}\beta}}_{{a\beta}{c_{1}\beta}}}{\tnsr T^{{j\beta}{l\beta}}_{{b\beta}{d\beta}}} + (-0.5*1 + 0.5*\Perm{{i\beta}{j\beta}}{{j\beta}{i\beta}}\nl
 + 0.5*\Perm{{a\beta}{b\beta}}{{b\beta}{a\beta}} - 0.5*\Perm{{i\beta}{j\beta}{a\beta}{b\beta}}{{j\beta}{i\beta}{b\beta}{a\beta}})\sum_{{k\beta}{k_{1}\beta}{l_{1}\alpha}{d\beta}{d_{1}\alpha}}{}{\tnsr U^{{i\beta}{d\beta}{d_{1}\alpha}}_{{k\beta}{k_{1}\beta}{l_{1}\alpha}}}{\tnsr T^{{k\beta}{k_{1}\beta}}_{{a\beta}{b\beta}}}{\tnsr T^{{j\beta}{l_{1}\alpha}}_{{d\beta}{d_{1}\alpha}}} + (-0.25*1 + 0.25*\Perm{{i\beta}{j\beta}}{{j\beta}{i\beta}}\nl
 + 0.25*\Perm{{a\beta}{b\beta}}{{b\beta}{a\beta}} - 0.25*\Perm{{i\beta}{j\beta}{a\beta}{b\beta}}{{j\beta}{i\beta}{b\beta}{a\beta}})\sum_{{k\beta}{k_{1}\beta}{l_{1}\beta}{d\beta}{d_{1}\beta}}{}{\tnsr U^{{i\beta}{d\beta}{d_{1}\beta}}_{{k\beta}{k_{1}\beta}{l_{1}\beta}}}{\tnsr T^{{k\beta}{k_{1}\beta}}_{{a\beta}{b\beta}}}{\tnsr T^{{j\beta}{l_{1}\beta}}_{{d\beta}{d_{1}\beta}}} + (0.25*1\nl
 - 0.25*\Perm{{i\beta}{j\beta}}{{j\beta}{i\beta}} - 0.25*\Perm{{a\beta}{b\beta}}{{b\beta}{a\beta}} + 0.25*\Perm{{i\beta}{j\beta}{a\beta}{b\beta}}{{j\beta}{i\beta}{b\beta}{a\beta}})\sum_{{k\beta}{k_{1}\beta}{l\beta}{d\beta}{d_{1}\beta}}{}{\tnsr U^{{i\beta}{d_{1}\beta}{d\beta}}_{{k\beta}{k_{1}\beta}{l\beta}}}{\tnsr T^{{k\beta}{k_{1}\beta}}_{{a\beta}{b\beta}}}{\tnsr T^{{j\beta}{l\beta}}_{{d\beta}{d_{1}\beta}}} + (-1\nl
 + \Perm{{i\beta}{j\beta}}{{j\beta}{i\beta}} + \Perm{{a\beta}{b\beta}}{{b\beta}{a\beta}} - \Perm{{i\beta}{j\beta}{a\beta}{b\beta}}{{j\beta}{i\beta}{b\beta}{a\beta}})\sum_{{k\beta}{l\alpha}{l_{1}\beta}{c\beta}{d\alpha}}{}{\tnsr U^{{i\beta}{d\alpha}{c\beta}}_{{k\beta}{l\alpha}{l_{1}\beta}}}{\tnsr T^{{j\beta}{k\beta}}_{{b\beta}{c\beta}}}{\tnsr T^{{l\alpha}{l_{1}\beta}}_{{d\alpha}{a\beta}}} + (0.25*1\nl
 - 0.25*\Perm{{i\beta}{j\beta}}{{j\beta}{i\beta}})\sum_{{k\beta}{l\alpha}{l_{1}\alpha}{d\alpha}{d_{1}\alpha}}{}{\tnsr U^{{i\beta}{d_{1}\alpha}{d\alpha}}_{{k\beta}{l\alpha}{l_{1}\alpha}}}{\tnsr T^{{j\beta}{k\beta}}_{{a\beta}{b\beta}}}{\tnsr T^{{l\alpha}{l_{1}\alpha}}_{{d\alpha}{d_{1}\alpha}}} + (-0.5*1 + 0.5*\Perm{{i\beta}{j\beta}}{{j\beta}{i\beta}} + 0.5*\Perm{{a\beta}{b\beta}}{{b\beta}{a\beta}}\nl
 - 0.5*\Perm{{i\beta}{j\beta}{a\beta}{b\beta}}{{j\beta}{i\beta}{b\beta}{a\beta}})\sum_{{k\beta}{l\beta}{l_{1}\beta}{c\beta}{d_{1}\beta}}{}{\tnsr U^{{i\beta}{c\beta}{d_{1}\beta}}_{{k\beta}{l\beta}{l_{1}\beta}}}{\tnsr T^{{j\beta}{k\beta}}_{{b\beta}{c\beta}}}{\tnsr T^{{l\beta}{l_{1}\beta}}_{{a\beta}{d_{1}\beta}}} + (0.5*1 - 0.5*\Perm{{i\beta}{j\beta}}{{j\beta}{i\beta}} - 0.5*\Perm{{a\beta}{b\beta}}{{b\beta}{a\beta}}\nl
 + 0.5*\Perm{{i\beta}{j\beta}{a\beta}{b\beta}}{{j\beta}{i\beta}{b\beta}{a\beta}})\sum_{{k\beta}{l\beta}{l_{1}\beta}{c\beta}{d\beta}}{}{\tnsr U^{{i\beta}{d\beta}{c\beta}}_{{k\beta}{l\beta}{l_{1}\beta}}}{\tnsr T^{{j\beta}{k\beta}}_{{b\beta}{c\beta}}}{\tnsr T^{{l\beta}{l_{1}\beta}}_{{a\beta}{d\beta}}} + (0.25*1\nl
 - 0.25*\Perm{{i\beta}{j\beta}}{{j\beta}{i\beta}})\sum_{{k\beta}{l\beta}{l_{1}\beta}{d\beta}{d_{1}\beta}}{}{\tnsr U^{{i\beta}{d_{1}\beta}{d\beta}}_{{k\beta}{l\beta}{l_{1}\beta}}}{\tnsr T^{{j\beta}{k\beta}}_{{a\beta}{b\beta}}}{\tnsr T^{{l\beta}{l_{1}\beta}}_{{d\beta}{d_{1}\beta}}} + (-0.5*1 + 0.5*\Perm{{i\beta}{j\beta}}{{j\beta}{i\beta}} + 0.5*\Perm{{a\beta}{b\beta}}{{b\beta}{a\beta}}\nl
 - 0.5*\Perm{{i\beta}{j\beta}{a\beta}{b\beta}}{{j\beta}{i\beta}{b\beta}{a\beta}})\sum_{{k\beta}{k_{1}\beta}{c\beta}}{}{\tnsr U^{{c\beta}{i\beta}{j\beta}}_{{k\beta}{k_{1}\beta}{b\beta}}}{\tnsr T^{{k\beta}{k_{1}\beta}}_{{a\beta}{c\beta}}} + (-0.5*1 + 0.5*\Perm{{a\beta}{b\beta}}{{b\beta}{a\beta}})\sum_{{k\beta}{k_{1}\beta}{c\beta}{c_{1}\beta}{d\beta}}{}{\tnsr U^{{c\beta}{d\beta}{c_{1}\beta}}_{{k\beta}{k_{1}\beta}{a\beta}}}{\tnsr T^{{k\beta}{k_{1}\beta}}_{{c\beta}{c_{1}\beta}}}{\tnsr T^{{i\beta}{j\beta}}_{{b\beta}{d\beta}}}\nl
 + (0.25*1 - 0.25*\Perm{{i\beta}{j\beta}}{{j\beta}{i\beta}} - 0.25*\Perm{{a\beta}{b\beta}}{{b\beta}{a\beta}}\nl
 + 0.25*\Perm{{i\beta}{j\beta}{a\beta}{b\beta}}{{j\beta}{i\beta}{b\beta}{a\beta}})\sum_{{k\beta}{k_{1}\beta}{c\beta}{d\beta}{d_{1}\beta}}{}{\tnsr U^{{c\beta}{d\beta}{d_{1}\beta}}_{{k\beta}{k_{1}\beta}{a\beta}}}{\tnsr T^{{k\beta}{k_{1}\beta}}_{{b\beta}{c\beta}}}{\tnsr T^{{i\beta}{j\beta}}_{{d\beta}{d_{1}\beta}}} + (-0.5*1 + 0.5*\Perm{{i\beta}{j\beta}}{{j\beta}{i\beta}} + 0.5*\Perm{{a\beta}{b\beta}}{{b\beta}{a\beta}}\nl
 - 0.5*\Perm{{i\beta}{j\beta}{a\beta}{b\beta}}{{j\beta}{i\beta}{b\beta}{a\beta}})\sum_{{k\beta}{l\beta}{c\beta}{c_{1}\beta}{d\beta}}{}{\tnsr U^{{c\beta}{c_{1}\beta}{d\beta}}_{{k\beta}{l\beta}{a\beta}}}{\tnsr T^{{i\beta}{k\beta}}_{{c\beta}{c_{1}\beta}}}{\tnsr T^{{j\beta}{l\beta}}_{{b\beta}{d\beta}}} + (0.5*1 - 0.5*\Perm{{i\beta}{j\beta}}{{j\beta}{i\beta}} - 0.5*\Perm{{a\beta}{b\beta}}{{b\beta}{a\beta}}\nl
 + 0.5*\Perm{{i\beta}{j\beta}{a\beta}{b\beta}}{{j\beta}{i\beta}{b\beta}{a\beta}})\sum_{{k\beta}{c\beta}{c_{1}\beta}}{}{\tnsr U^{{c\beta}{i\beta}{c_{1}\beta}}_{{k\beta}{a\beta}{b\beta}}}{\tnsr T^{{j\beta}{k\beta}}_{{c\beta}{c_{1}\beta}}} + (-0.25*1\nl
 + 0.25*\Perm{{a\beta}{b\beta}}{{b\beta}{a\beta}})\sum_{{k\beta}{k_{1}\beta}{c\beta}{c_{1}\beta}{d\beta}}{}{\tnsr U^{{c_{1}\beta}{c\beta}{d\beta}}_{{k\beta}{k_{1}\beta}{a\beta}}}{\tnsr T^{{k\beta}{k_{1}\beta}}_{{c\beta}{c_{1}\beta}}}{\tnsr T^{{i\beta}{j\beta}}_{{b\beta}{d\beta}}} + (0.5*1 - 0.5*\Perm{{i\beta}{j\beta}}{{j\beta}{i\beta}} - 0.5*\Perm{{a\beta}{b\beta}}{{b\beta}{a\beta}}\nl
 + 0.5*\Perm{{i\beta}{j\beta}{a\beta}{b\beta}}{{j\beta}{i\beta}{b\beta}{a\beta}})\sum_{{k\beta}{k_{1}\beta}{l\beta}{c\beta}{d\beta}}{}{\tnsr U^{{d\beta}{i\beta}{c\beta}}_{{k\beta}{k_{1}\beta}{l\beta}}}{\tnsr T^{{k\beta}{k_{1}\beta}}_{{a\beta}{c\beta}}}{\tnsr T^{{j\beta}{l\beta}}_{{b\beta}{d\beta}}} + (-0.25*1 + 0.25*\Perm{{i\beta}{j\beta}}{{j\beta}{i\beta}}\nl
 + 0.25*\Perm{{a\beta}{b\beta}}{{b\beta}{a\beta}} - 0.25*\Perm{{i\beta}{j\beta}{a\beta}{b\beta}}{{j\beta}{i\beta}{b\beta}{a\beta}})\sum_{{k\beta}{k_{1}\beta}{c_{1}\beta}{d\beta}{d_{1}\beta}}{}{\tnsr U^{{d\beta}{c_{1}\beta}{d_{1}\beta}}_{{k\beta}{k_{1}\beta}{a\beta}}}{\tnsr T^{{k\beta}{k_{1}\beta}}_{{b\beta}{c_{1}\beta}}}{\tnsr T^{{i\beta}{j\beta}}_{{d\beta}{d_{1}\beta}}} + (-0.5*1 + 0.5*\Perm{{i\beta}{j\beta}}{{j\beta}{i\beta}}\nl
 + 0.5*\Perm{{a\beta}{b\beta}}{{b\beta}{a\beta}} - 0.5*\Perm{{i\beta}{j\beta}{a\beta}{b\beta}}{{j\beta}{i\beta}{b\beta}{a\beta}})\sum_{{k\beta}{l\beta}{c\beta}{c_{1}\beta}{d\beta}}{}{\tnsr U^{{d\beta}{c\beta}{c_{1}\beta}}_{{k\beta}{l\beta}{a\beta}}}{\tnsr T^{{i\beta}{k\beta}}_{{c\beta}{c_{1}\beta}}}{\tnsr T^{{j\beta}{l\beta}}_{{b\beta}{d\beta}}} + (0.5*1 - 0.5*\Perm{{i\beta}{j\beta}}{{j\beta}{i\beta}} \newpg
\eeq
\beq
&& - 0.5*\Perm{{a\beta}{b\beta}}{{b\beta}{a\beta}} + 0.5*\Perm{{i\beta}{j\beta}{a\beta}{b\beta}}{{j\beta}{i\beta}{b\beta}{a\beta}})\sum_{{k\beta}{l_{1}\beta}{c\beta}{d\beta}{d_{1}\beta}}{}{\tnsr U^{{d\beta}{d_{1}\beta}{c\beta}}_{{k\beta}{l_{1}\beta}{a\beta}}}{\tnsr T^{{j\beta}{k\beta}}_{{b\beta}{c\beta}}}{\tnsr T^{{i\beta}{l_{1}\beta}}_{{d\beta}{d_{1}\beta}}} + (0.5*1 - 0.5*\Perm{{i\beta}{j\beta}}{{j\beta}{i\beta}}\nl
 - 0.5*\Perm{{a\beta}{b\beta}}{{b\beta}{a\beta}} + 0.5*\Perm{{i\beta}{j\beta}{a\beta}{b\beta}}{{j\beta}{i\beta}{b\beta}{a\beta}})\sum_{{k\beta}{l_{1}\beta}{c\beta}{d\beta}{d_{1}\beta}}{}{\tnsr U^{{d_{1}\beta}{c\beta}{d\beta}}_{{k\beta}{l_{1}\beta}{a\beta}}}{\tnsr T^{{j\beta}{k\beta}}_{{b\beta}{c\beta}}}{\tnsr T^{{i\beta}{l_{1}\beta}}_{{d\beta}{d_{1}\beta}}} + (-0.5*1 + 0.5*\Perm{{i\beta}{j\beta}}{{j\beta}{i\beta}}\nl
 + 0.5*\Perm{{a\beta}{b\beta}}{{b\beta}{a\beta}} - 0.5*\Perm{{i\beta}{j\beta}{a\beta}{b\beta}}{{j\beta}{i\beta}{b\beta}{a\beta}})\sum_{{k_{1}\beta}{c\beta}{c_{1}\beta}}{}{\tnsr U^{{c_{1}\beta}{i\beta}{c\beta}}_{{k_{1}\beta}{a\beta}{b\beta}}}{\tnsr T^{{j\beta}{k_{1}\beta}}_{{c\beta}{c_{1}\beta}}} + (0.5*1 - 0.5*\Perm{{i\beta}{j\beta}}{{j\beta}{i\beta}}\nl
 - 0.5*\Perm{{a\beta}{b\beta}}{{b\beta}{a\beta}} + 0.5*\Perm{{i\beta}{j\beta}{a\beta}{b\beta}}{{j\beta}{i\beta}{b\beta}{a\beta}})\sum_{{k\beta}{k_{1}\beta}{c\beta}}{}{\tnsr U^{{i\beta}{j\beta}{c\beta}}_{{k\beta}{k_{1}\beta}{a\beta}}}{\tnsr T^{{k\beta}{k_{1}\beta}}_{{b\beta}{c\beta}}} + (-0.5*1\nl
 + 0.5*\Perm{{i\beta}{j\beta}}{{j\beta}{i\beta}})\sum_{{k\beta}{k_{1}\beta}{l\beta}{c\beta}{c_{1}\beta}}{}{\tnsr U^{{i\beta}{c\beta}{c_{1}\beta}}_{{k\beta}{k_{1}\beta}{l\beta}}}{\tnsr T^{{k\beta}{k_{1}\beta}}_{{c\beta}{c_{1}\beta}}}{\tnsr T^{{j\beta}{l\beta}}_{{a\beta}{b\beta}}} + (-0.25*1 + 0.25*\Perm{{i\beta}{j\beta}}{{j\beta}{i\beta}} + 0.25*\Perm{{a\beta}{b\beta}}{{b\beta}{a\beta}}\nl
 - 0.25*\Perm{{i\beta}{j\beta}{a\beta}{b\beta}}{{j\beta}{i\beta}{b\beta}{a\beta}})\sum_{{k\beta}{l\beta}{l_{1}\beta}{c\beta}{c_{1}\beta}}{}{\tnsr U^{{i\beta}{c\beta}{c_{1}\beta}}_{{k\beta}{l\beta}{l_{1}\beta}}}{\tnsr T^{{j\beta}{k\beta}}_{{c\beta}{c_{1}\beta}}}{\tnsr T^{{l\beta}{l_{1}\beta}}_{{a\beta}{b\beta}}} + (-0.5*1 + 0.5*\Perm{{i\beta}{j\beta}}{{j\beta}{i\beta}} + 0.5*\Perm{{a\beta}{b\beta}}{{b\beta}{a\beta}}\nl
 - 0.5*\Perm{{i\beta}{j\beta}{a\beta}{b\beta}}{{j\beta}{i\beta}{b\beta}{a\beta}})\sum_{{k\beta}{c\beta}{c_{1}\beta}}{}{\tnsr U^{{i\beta}{c\beta}{c_{1}\beta}}_{{k\beta}{a\beta}{b\beta}}}{\tnsr T^{{j\beta}{k\beta}}_{{c\beta}{c_{1}\beta}}} + (0.5*1 - 0.5*\Perm{{a\beta}{b\beta}}{{b\beta}{a\beta}})\sum_{{k\beta}{k_{1}\beta}{c\beta}{c_{1}\beta}{d\beta}}{}{\tnsr U^{{c_{1}\beta}{d\beta}{c\beta}}_{{k\beta}{k_{1}\beta}{a\beta}}}{\tnsr T^{{k\beta}{k_{1}\beta}}_{{c\beta}{c_{1}\beta}}}{\tnsr T^{{i\beta}{j\beta}}_{{b\beta}{d\beta}}}\nl
 + (0.25*1 - 0.25*\Perm{{i\beta}{j\beta}}{{j\beta}{i\beta}} - 0.25*\Perm{{a\beta}{b\beta}}{{b\beta}{a\beta}}\nl
 + 0.25*\Perm{{i\beta}{j\beta}{a\beta}{b\beta}}{{j\beta}{i\beta}{b\beta}{a\beta}})\sum_{{k\beta}{k_{1}\beta}{c\beta}{d\beta}{d_{1}\beta}}{}{\tnsr U^{{d\beta}{d_{1}\beta}{c\beta}}_{{k\beta}{k_{1}\beta}{a\beta}}}{\tnsr T^{{k\beta}{k_{1}\beta}}_{{b\beta}{c\beta}}}{\tnsr T^{{i\beta}{j\beta}}_{{d\beta}{d_{1}\beta}}}
\eeq
\beq
&&<\Phi^{{a\alpha}{b\beta}}_{{i\alpha}{j\beta}} |-6 \op U_{3^{ppp}_{ppp}} (1+\op T_2 + \half \op T_2 \op T_2)| 0>_C
=\nl
0.5*1\sum_{{k\alpha}{k_{1}\alpha}{l\alpha}{c_{1}\alpha}{d\alpha}}{}{\tnsr U^{{i\alpha}{c_{1}\alpha}{d\alpha}}_{{k\alpha}{k_{1}\alpha}{l\alpha}}}{\tnsr T^{{k\alpha}{k_{1}\alpha}}_{{a\alpha}{c_{1}\alpha}}}{\tnsr T^{{j\beta}{l\alpha}}_{{b\beta}{d\alpha}}} + 0.5*1\sum_{{k\alpha}{k_{1}\alpha}{l\beta}{c_{1}\alpha}{d\beta}}{}{\tnsr U^{{i\alpha}{c_{1}\alpha}{d\beta}}_{{k\alpha}{k_{1}\alpha}{l\beta}}}{\tnsr T^{{k\alpha}{k_{1}\alpha}}_{{a\alpha}{c_{1}\alpha}}}{\tnsr T^{{j\beta}{l\beta}}_{{b\beta}{d\beta}}} + \sum_{{k\alpha}{k_{1}\beta}{l\alpha}{c_{1}\beta}{d\alpha}}{}{\tnsr U^{{i\alpha}{c_{1}\beta}{d\alpha}}_{{k\alpha}{k_{1}\beta}{l\alpha}}}{\tnsr T^{{k\alpha}{k_{1}\beta}}_{{a\alpha}{c_{1}\beta}}}{\tnsr T^{{j\beta}{l\alpha}}_{{b\beta}{d\alpha}}}\nl
 + \sum_{{k\alpha}{k_{1}\beta}{l\beta}{c_{1}\beta}{d\beta}}{}{\tnsr U^{{i\alpha}{c_{1}\beta}{d\beta}}_{{k\alpha}{k_{1}\beta}{l\beta}}}{\tnsr T^{{k\alpha}{k_{1}\beta}}_{{a\alpha}{c_{1}\beta}}}{\tnsr T^{{j\beta}{l\beta}}_{{b\beta}{d\beta}}} + 0.25*1\sum_{{k\alpha}{l\alpha}{l_{1}\alpha}{d\alpha}{d_{1}\alpha}}{}{\tnsr U^{{i\alpha}{d\alpha}{d_{1}\alpha}}_{{k\alpha}{l\alpha}{l_{1}\alpha}}}{\tnsr T^{{k\alpha}{j\beta}}_{{a\alpha}{b\beta}}}{\tnsr T^{{l\alpha}{l_{1}\alpha}}_{{d\alpha}{d_{1}\alpha}}} + \sum_{{k\alpha}{l\alpha}{l_{1}\beta}{d\alpha}{d_{1}\beta}}{}{\tnsr U^{{i\alpha}{d\alpha}{d_{1}\beta}}_{{k\alpha}{l\alpha}{l_{1}\beta}}}{\tnsr T^{{k\alpha}{j\beta}}_{{a\alpha}{b\beta}}}{\tnsr T^{{l\alpha}{l_{1}\beta}}_{{d\alpha}{d_{1}\beta}}}\nl
 + 0.25*1\sum_{{k\alpha}{l\beta}{l_{1}\beta}{d\beta}{d_{1}\beta}}{}{\tnsr U^{{i\alpha}{d\beta}{d_{1}\beta}}_{{k\alpha}{l\beta}{l_{1}\beta}}}{\tnsr T^{{k\alpha}{j\beta}}_{{a\alpha}{b\beta}}}{\tnsr T^{{l\beta}{l_{1}\beta}}_{{d\beta}{d_{1}\beta}}} + (-0.5*1)\sum_{{k\alpha}{k_{1}\alpha}{l\alpha}{c\alpha}{d\alpha}}{}{\tnsr U^{{c\alpha}{i\alpha}{d\alpha}}_{{k\alpha}{k_{1}\alpha}{l\alpha}}}{\tnsr T^{{k\alpha}{k_{1}\alpha}}_{{a\alpha}{c\alpha}}}{\tnsr T^{{j\beta}{l\alpha}}_{{b\beta}{d\alpha}}}\nl
 + (-0.5*1)\sum_{{k\alpha}{k_{1}\alpha}{l\beta}{c\alpha}{d\beta}}{}{\tnsr U^{{c\alpha}{i\alpha}{d\beta}}_{{k\alpha}{k_{1}\alpha}{l\beta}}}{\tnsr T^{{k\alpha}{k_{1}\alpha}}_{{a\alpha}{c\alpha}}}{\tnsr T^{{j\beta}{l\beta}}_{{b\beta}{d\beta}}} + (-0.25*1)\sum_{{k\alpha}{k_{1}\alpha}{c\alpha}{c_{1}\alpha}{d\alpha}}{}{\tnsr U^{{c\alpha}{c_{1}\alpha}{d\alpha}}_{{k\alpha}{k_{1}\alpha}{a\alpha}}}{\tnsr T^{{k\alpha}{k_{1}\alpha}}_{{c\alpha}{c_{1}\alpha}}}{\tnsr T^{{i\alpha}{j\beta}}_{{d\alpha}{b\beta}}}\nl
 + (-1)\sum_{{k\alpha}{k_{1}\beta}{c\alpha}{c_{1}\beta}{d\alpha}}{}{\tnsr U^{{c\alpha}{c_{1}\beta}{d\alpha}}_{{k\alpha}{k_{1}\beta}{a\alpha}}}{\tnsr T^{{k\alpha}{k_{1}\beta}}_{{c\alpha}{c_{1}\beta}}}{\tnsr T^{{i\alpha}{j\beta}}_{{d\alpha}{b\beta}}} + 0.5*1\sum_{{k\alpha}{l\alpha}{c\alpha}{c_{1}\alpha}{d\alpha}}{}{\tnsr U^{{c\alpha}{d\alpha}{c_{1}\alpha}}_{{k\alpha}{l\alpha}{a\alpha}}}{\tnsr T^{{i\alpha}{k\alpha}}_{{c\alpha}{c_{1}\alpha}}}{\tnsr T^{{j\beta}{l\alpha}}_{{b\beta}{d\alpha}}}\nl
 + 0.5*1\sum_{{k\alpha}{l\beta}{c\alpha}{c_{1}\alpha}{d\beta}}{}{\tnsr U^{{c\alpha}{d\beta}{c_{1}\alpha}}_{{k\alpha}{l\beta}{a\alpha}}}{\tnsr T^{{i\alpha}{k\alpha}}_{{c\alpha}{c_{1}\alpha}}}{\tnsr T^{{j\beta}{l\beta}}_{{b\beta}{d\beta}}} + (-0.5*1)\sum_{{k\alpha}{l_{1}\alpha}{c\alpha}{d\alpha}{d_{1}\alpha}}{}{\tnsr U^{{c\alpha}{d_{1}\alpha}{d\alpha}}_{{k\alpha}{l_{1}\alpha}{a\alpha}}}{\tnsr T^{{j\beta}{k\alpha}}_{{b\beta}{c\alpha}}}{\tnsr T^{{i\alpha}{l_{1}\alpha}}_{{d\alpha}{d_{1}\alpha}}}\nl
 + (-1)\sum_{{k\alpha}{l_{1}\beta}{c\alpha}{d\alpha}{d_{1}\beta}}{}{\tnsr U^{{c\alpha}{d_{1}\beta}{d\alpha}}_{{k\alpha}{l_{1}\beta}{a\alpha}}}{\tnsr T^{{j\beta}{k\alpha}}_{{b\beta}{c\alpha}}}{\tnsr T^{{i\alpha}{l_{1}\beta}}_{{d\alpha}{d_{1}\beta}}} + (-0.25*1)\sum_{{k\beta}{k_{1}\beta}{c\beta}{c_{1}\beta}{d\alpha}}{}{\tnsr U^{{c\beta}{c_{1}\beta}{d\alpha}}_{{k\beta}{k_{1}\beta}{a\alpha}}}{\tnsr T^{{k\beta}{k_{1}\beta}}_{{c\beta}{c_{1}\beta}}}{\tnsr T^{{i\alpha}{j\beta}}_{{d\alpha}{b\beta}}}\nl
 + (-1)\sum_{{k\beta}{l\beta}{c\beta}{c_{1}\alpha}{d\beta}}{}{\tnsr U^{{c\beta}{d\beta}{c_{1}\alpha}}_{{k\beta}{l\beta}{a\alpha}}}{\tnsr T^{{i\alpha}{k\beta}}_{{c_{1}\alpha}{c\beta}}}{\tnsr T^{{j\beta}{l\beta}}_{{b\beta}{d\beta}}} + (-0.5*1)\sum_{{k\beta}{l_{1}\alpha}{c\beta}{d\alpha}{d_{1}\alpha}}{}{\tnsr U^{{c\beta}{d_{1}\alpha}{d\alpha}}_{{k\beta}{l_{1}\alpha}{a\alpha}}}{\tnsr T^{{j\beta}{k\beta}}_{{b\beta}{c\beta}}}{\tnsr T^{{i\alpha}{l_{1}\alpha}}_{{d\alpha}{d_{1}\alpha}}}\nl
 + (-0.25*1)\sum_{{k\alpha}{k_{1}\alpha}{c\alpha}{c_{1}\alpha}{d\beta}}{}{\tnsr U^{{c\alpha}{c_{1}\alpha}{d\beta}}_{{k\alpha}{k_{1}\alpha}{b\beta}}}{\tnsr T^{{k\alpha}{k_{1}\alpha}}_{{c\alpha}{c_{1}\alpha}}}{\tnsr T^{{i\alpha}{j\beta}}_{{a\alpha}{d\beta}}} + (-1)\sum_{{k\alpha}{k_{1}\beta}{c\alpha}{c_{1}\beta}{d\beta}}{}{\tnsr U^{{c\alpha}{c_{1}\beta}{d\beta}}_{{k\alpha}{k_{1}\beta}{b\beta}}}{\tnsr T^{{k\alpha}{k_{1}\beta}}_{{c\alpha}{c_{1}\beta}}}{\tnsr T^{{i\alpha}{j\beta}}_{{a\alpha}{d\beta}}}\nl
 + (-0.25*1)\sum_{{k\beta}{k_{1}\beta}{c\beta}{c_{1}\beta}{d\beta}}{}{\tnsr U^{{c\beta}{c_{1}\beta}{d\beta}}_{{k\beta}{k_{1}\beta}{b\beta}}}{\tnsr T^{{k\beta}{k_{1}\beta}}_{{c\beta}{c_{1}\beta}}}{\tnsr T^{{i\alpha}{j\beta}}_{{a\alpha}{d\beta}}} + 0.25*1\sum_{{k\beta}{l\alpha}{l_{1}\alpha}{d\alpha}{d_{1}\alpha}}{}{\tnsr U^{{j\beta}{d\alpha}{d_{1}\alpha}}_{{k\beta}{l\alpha}{l_{1}\alpha}}}{\tnsr T^{{i\alpha}{k\beta}}_{{a\alpha}{b\beta}}}{\tnsr T^{{l\alpha}{l_{1}\alpha}}_{{d\alpha}{d_{1}\alpha}}}\nl
 + \sum_{{k\beta}{l\alpha}{l_{1}\beta}{d\alpha}{d_{1}\beta}}{}{\tnsr U^{{j\beta}{d\alpha}{d_{1}\beta}}_{{k\beta}{l\alpha}{l_{1}\beta}}}{\tnsr T^{{i\alpha}{k\beta}}_{{a\alpha}{b\beta}}}{\tnsr T^{{l\alpha}{l_{1}\beta}}_{{d\alpha}{d_{1}\beta}}} + 0.25*1\sum_{{k\beta}{l\beta}{l_{1}\beta}{d\beta}{d_{1}\beta}}{}{\tnsr U^{{j\beta}{d\beta}{d_{1}\beta}}_{{k\beta}{l\beta}{l_{1}\beta}}}{\tnsr T^{{i\alpha}{k\beta}}_{{a\alpha}{b\beta}}}{\tnsr T^{{l\beta}{l_{1}\beta}}_{{d\beta}{d_{1}\beta}}} + \sum_{{k\alpha}{k_{1}\beta}{l\alpha}{c\alpha}{d\alpha}}{}{\tnsr U^{{c\alpha}{j\beta}{d\alpha}}_{{k\alpha}{k_{1}\beta}{l\alpha}}}{\tnsr T^{{k\alpha}{k_{1}\beta}}_{{c\alpha}{b\beta}}}{\tnsr T^{{i\alpha}{l\alpha}}_{{a\alpha}{d\alpha}}}\nl
 + \sum_{{k\alpha}{k_{1}\beta}{l\beta}{c\alpha}{d\beta}}{}{\tnsr U^{{c\alpha}{j\beta}{d\beta}}_{{k\alpha}{k_{1}\beta}{l\beta}}}{\tnsr T^{{k\alpha}{k_{1}\beta}}_{{c\alpha}{b\beta}}}{\tnsr T^{{i\alpha}{l\beta}}_{{a\alpha}{d\beta}}} + (-1)\sum_{{k\alpha}{l\alpha}{c\alpha}{c_{1}\beta}{d\alpha}}{}{\tnsr U^{{c\alpha}{d\alpha}{c_{1}\beta}}_{{k\alpha}{l\alpha}{b\beta}}}{\tnsr T^{{j\beta}{k\alpha}}_{{c_{1}\beta}{c\alpha}}}{\tnsr T^{{i\alpha}{l\alpha}}_{{a\alpha}{d\alpha}}}\nl
 + (-1)\sum_{{k\alpha}{l\beta}{c\alpha}{c_{1}\beta}{d\beta}}{}{\tnsr U^{{c\alpha}{d\beta}{c_{1}\beta}}_{{k\alpha}{l\beta}{b\beta}}}{\tnsr T^{{j\beta}{k\alpha}}_{{c_{1}\beta}{c\alpha}}}{\tnsr T^{{i\alpha}{l\beta}}_{{a\alpha}{d\beta}}} + (-0.5*1)\sum_{{k\alpha}{l_{1}\beta}{c\alpha}{d\beta}{d_{1}\beta}}{}{\tnsr U^{{c\alpha}{d_{1}\beta}{d\beta}}_{{k\alpha}{l_{1}\beta}{b\beta}}}{\tnsr T^{{i\alpha}{k\alpha}}_{{a\alpha}{c\alpha}}}{\tnsr T^{{j\beta}{l_{1}\beta}}_{{d\beta}{d_{1}\beta}}}\nl
 + 0.5*1\sum_{{k\beta}{k_{1}\beta}{l\alpha}{c_{1}\beta}{d\alpha}}{}{\tnsr U^{{j\beta}{c_{1}\beta}{d\alpha}}_{{k\beta}{k_{1}\beta}{l\alpha}}}{\tnsr T^{{k\beta}{k_{1}\beta}}_{{b\beta}{c_{1}\beta}}}{\tnsr T^{{i\alpha}{l\alpha}}_{{a\alpha}{d\alpha}}} + 0.5*1\sum_{{k\beta}{k_{1}\beta}{l\beta}{c_{1}\beta}{d\beta}}{}{\tnsr U^{{j\beta}{c_{1}\beta}{d\beta}}_{{k\beta}{k_{1}\beta}{l\beta}}}{\tnsr T^{{k\beta}{k_{1}\beta}}_{{b\beta}{c_{1}\beta}}}{\tnsr T^{{i\alpha}{l\beta}}_{{a\alpha}{d\beta}}}\nl
 + (-0.5*1)\sum_{{k\beta}{k_{1}\beta}{l\alpha}{c\beta}{d\alpha}}{}{\tnsr U^{{c\beta}{j\beta}{d\alpha}}_{{k\beta}{k_{1}\beta}{l\alpha}}}{\tnsr T^{{k\beta}{k_{1}\beta}}_{{b\beta}{c\beta}}}{\tnsr T^{{i\alpha}{l\alpha}}_{{a\alpha}{d\alpha}}} + (-0.5*1)\sum_{{k\beta}{k_{1}\beta}{l\beta}{c\beta}{d\beta}}{}{\tnsr U^{{c\beta}{j\beta}{d\beta}}_{{k\beta}{k_{1}\beta}{l\beta}}}{\tnsr T^{{k\beta}{k_{1}\beta}}_{{b\beta}{c\beta}}}{\tnsr T^{{i\alpha}{l\beta}}_{{a\alpha}{d\beta}}}\nl
 + 0.5*1\sum_{{k\beta}{l\alpha}{c\beta}{c_{1}\beta}{d\alpha}}{}{\tnsr U^{{c\beta}{d\alpha}{c_{1}\beta}}_{{k\beta}{l\alpha}{b\beta}}}{\tnsr T^{{j\beta}{k\beta}}_{{c\beta}{c_{1}\beta}}}{\tnsr T^{{i\alpha}{l\alpha}}_{{a\alpha}{d\alpha}}} + 0.5*1\sum_{{k\beta}{l\beta}{c\beta}{c_{1}\beta}{d\beta}}{}{\tnsr U^{{c\beta}{d\beta}{c_{1}\beta}}_{{k\beta}{l\beta}{b\beta}}}{\tnsr T^{{j\beta}{k\beta}}_{{c\beta}{c_{1}\beta}}}{\tnsr T^{{i\alpha}{l\beta}}_{{a\alpha}{d\beta}}}\nl
 + (-0.5*1)\sum_{{k\beta}{l_{1}\beta}{c\beta}{d\beta}{d_{1}\beta}}{}{\tnsr U^{{c\beta}{d_{1}\beta}{d\beta}}_{{k\beta}{l_{1}\beta}{b\beta}}}{\tnsr T^{{i\alpha}{k\beta}}_{{a\alpha}{c\beta}}}{\tnsr T^{{j\beta}{l_{1}\beta}}_{{d\beta}{d_{1}\beta}}} + (-0.5*1)\sum_{{k\alpha}{k_{1}\alpha}{l\alpha}{c\alpha}{c_{1}\alpha}}{}{\tnsr U^{{i\alpha}{c_{1}\alpha}{c\alpha}}_{{k\alpha}{k_{1}\alpha}{l\alpha}}}{\tnsr T^{{k\alpha}{k_{1}\alpha}}_{{c\alpha}{c_{1}\alpha}}}{\tnsr T^{{l\alpha}{j\beta}}_{{a\alpha}{b\beta}}} \newpg
\eeq
\beq
&& + 0.5*1\sum_{{k\alpha}{k_{1}\alpha}{c_{1}\alpha}}{}{\tnsr U^{{i\alpha}{c_{1}\alpha}{j\beta}}_{{k\alpha}{k_{1}\alpha}{b\beta}}}{\tnsr T^{{k\alpha}{k_{1}\alpha}}_{{a\alpha}{c_{1}\alpha}}} + (-0.5*1)\sum_{{k\alpha}{k_{1}\alpha}{l\alpha}{c_{1}\alpha}{d\alpha}}{}{\tnsr U^{{i\alpha}{d\alpha}{c_{1}\alpha}}_{{k\alpha}{k_{1}\alpha}{l\alpha}}}{\tnsr T^{{k\alpha}{k_{1}\alpha}}_{{a\alpha}{c_{1}\alpha}}}{\tnsr T^{{j\beta}{l\alpha}}_{{b\beta}{d\alpha}}}\nl
 + (-1)\sum_{{k\alpha}{k_{1}\beta}{l\alpha}{c\alpha}{c_{1}\beta}}{}{\tnsr U^{{i\alpha}{c_{1}\beta}{c\alpha}}_{{k\alpha}{k_{1}\beta}{l\alpha}}}{\tnsr T^{{k\alpha}{k_{1}\beta}}_{{c\alpha}{c_{1}\beta}}}{\tnsr T^{{l\alpha}{j\beta}}_{{a\alpha}{b\beta}}} + \sum_{{k\alpha}{k_{1}\beta}{c_{1}\beta}}{}{\tnsr U^{{i\alpha}{c_{1}\beta}{j\beta}}_{{k\alpha}{k_{1}\beta}{b\beta}}}{\tnsr T^{{k\alpha}{k_{1}\beta}}_{{a\alpha}{c_{1}\beta}}} + (-1)\sum_{{k\alpha}{k_{1}\beta}{l\beta}{c_{1}\beta}{d\beta}}{}{\tnsr U^{{i\alpha}{d\beta}{c_{1}\beta}}_{{k\alpha}{k_{1}\beta}{l\beta}}}{\tnsr T^{{k\alpha}{k_{1}\beta}}_{{a\alpha}{c_{1}\beta}}}{\tnsr T^{{j\beta}{l\beta}}_{{b\beta}{d\beta}}}\nl
 + (-1)\sum_{{k\alpha}{k_{1}\beta}{l_{1}\alpha}{d\beta}{d_{1}\alpha}}{}{\tnsr U^{{i\alpha}{d\beta}{d_{1}\alpha}}_{{k\alpha}{k_{1}\beta}{l_{1}\alpha}}}{\tnsr T^{{k\alpha}{k_{1}\beta}}_{{a\alpha}{b\beta}}}{\tnsr T^{{j\beta}{l_{1}\alpha}}_{{d\beta}{d_{1}\alpha}}} + (-0.5*1)\sum_{{k\alpha}{k_{1}\beta}{l_{1}\beta}{d\beta}{d_{1}\beta}}{}{\tnsr U^{{i\alpha}{d\beta}{d_{1}\beta}}_{{k\alpha}{k_{1}\beta}{l_{1}\beta}}}{\tnsr T^{{k\alpha}{k_{1}\beta}}_{{a\alpha}{b\beta}}}{\tnsr T^{{j\beta}{l_{1}\beta}}_{{d\beta}{d_{1}\beta}}}\nl
 + 0.5*1\sum_{{k\alpha}{k_{1}\beta}{l\beta}{d\beta}{d_{1}\beta}}{}{\tnsr U^{{i\alpha}{d_{1}\beta}{d\beta}}_{{k\alpha}{k_{1}\beta}{l\beta}}}{\tnsr T^{{k\alpha}{k_{1}\beta}}_{{a\alpha}{b\beta}}}{\tnsr T^{{j\beta}{l\beta}}_{{d\beta}{d_{1}\beta}}} + (-0.5*1)\sum_{{k\alpha}{l\alpha}{l_{1}\alpha}{c\alpha}{d_{1}\alpha}}{}{\tnsr U^{{i\alpha}{c\alpha}{d_{1}\alpha}}_{{k\alpha}{l\alpha}{l_{1}\alpha}}}{\tnsr T^{{j\beta}{k\alpha}}_{{b\beta}{c\alpha}}}{\tnsr T^{{l\alpha}{l_{1}\alpha}}_{{a\alpha}{d_{1}\alpha}}}\nl
 + (-1)\sum_{{k\alpha}{l\alpha}{l_{1}\beta}{c\alpha}{d_{1}\beta}}{}{\tnsr U^{{i\alpha}{c\alpha}{d_{1}\beta}}_{{k\alpha}{l\alpha}{l_{1}\beta}}}{\tnsr T^{{j\beta}{k\alpha}}_{{b\beta}{c\alpha}}}{\tnsr T^{{l\alpha}{l_{1}\beta}}_{{a\alpha}{d_{1}\beta}}} + 0.5*1\sum_{{k\alpha}{l\alpha}{l_{1}\alpha}{c\alpha}{d\alpha}}{}{\tnsr U^{{i\alpha}{d\alpha}{c\alpha}}_{{k\alpha}{l\alpha}{l_{1}\alpha}}}{\tnsr T^{{j\beta}{k\alpha}}_{{b\beta}{c\alpha}}}{\tnsr T^{{l\alpha}{l_{1}\alpha}}_{{a\alpha}{d\alpha}}}\nl
 + (-0.25*1)\sum_{{k\alpha}{l\alpha}{l_{1}\alpha}{d\alpha}{d_{1}\alpha}}{}{\tnsr U^{{i\alpha}{d_{1}\alpha}{d\alpha}}_{{k\alpha}{l\alpha}{l_{1}\alpha}}}{\tnsr T^{{k\alpha}{j\beta}}_{{a\alpha}{b\beta}}}{\tnsr T^{{l\alpha}{l_{1}\alpha}}_{{d\alpha}{d_{1}\alpha}}} + (-0.25*1)\sum_{{k\alpha}{l\beta}{l_{1}\beta}{d\beta}{d_{1}\beta}}{}{\tnsr U^{{i\alpha}{d_{1}\beta}{d\beta}}_{{k\alpha}{l\beta}{l_{1}\beta}}}{\tnsr T^{{k\alpha}{j\beta}}_{{a\alpha}{b\beta}}}{\tnsr T^{{l\beta}{l_{1}\beta}}_{{d\beta}{d_{1}\beta}}}\nl
 + (-0.5*1)\sum_{{k\alpha}{k_{1}\alpha}{c\alpha}}{}{\tnsr U^{{c\alpha}{i\alpha}{j\beta}}_{{k\alpha}{k_{1}\alpha}{b\beta}}}{\tnsr T^{{k\alpha}{k_{1}\alpha}}_{{a\alpha}{c\alpha}}} + 0.5*1\sum_{{k\alpha}{k_{1}\alpha}{c\alpha}{c_{1}\alpha}{d\alpha}}{}{\tnsr U^{{c\alpha}{d\alpha}{c_{1}\alpha}}_{{k\alpha}{k_{1}\alpha}{a\alpha}}}{\tnsr T^{{k\alpha}{k_{1}\alpha}}_{{c\alpha}{c_{1}\alpha}}}{\tnsr T^{{i\alpha}{j\beta}}_{{d\alpha}{b\beta}}} + \sum_{{k\alpha}{k_{1}\beta}{c\alpha}{d\beta}{d_{1}\alpha}}{}{\tnsr U^{{c\alpha}{d\beta}{d_{1}\alpha}}_{{k\alpha}{k_{1}\beta}{a\alpha}}}{\tnsr T^{{k\alpha}{k_{1}\beta}}_{{c\alpha}{b\beta}}}{\tnsr T^{{i\alpha}{j\beta}}_{{d_{1}\alpha}{d\beta}}}\nl
 + (-0.5*1)\sum_{{k\alpha}{l\alpha}{c\alpha}{c_{1}\alpha}{d\alpha}}{}{\tnsr U^{{c\alpha}{c_{1}\alpha}{d\alpha}}_{{k\alpha}{l\alpha}{a\alpha}}}{\tnsr T^{{i\alpha}{k\alpha}}_{{c\alpha}{c_{1}\alpha}}}{\tnsr T^{{j\beta}{l\alpha}}_{{b\beta}{d\alpha}}} + (-1)\sum_{{k\alpha}{c\alpha}{c_{1}\beta}}{}{\tnsr U^{{c\alpha}{i\alpha}{c_{1}\beta}}_{{k\alpha}{a\alpha}{b\beta}}}{\tnsr T^{{j\beta}{k\alpha}}_{{c_{1}\beta}{c\alpha}}}\nl
 + 0.25*1\sum_{{k\alpha}{k_{1}\alpha}{c\alpha}{c_{1}\alpha}{d\alpha}}{}{\tnsr U^{{c_{1}\alpha}{c\alpha}{d\alpha}}_{{k\alpha}{k_{1}\alpha}{a\alpha}}}{\tnsr T^{{k\alpha}{k_{1}\alpha}}_{{c\alpha}{c_{1}\alpha}}}{\tnsr T^{{i\alpha}{j\beta}}_{{d\alpha}{b\beta}}} + 0.5*1\sum_{{k\alpha}{k_{1}\alpha}{l\alpha}{c\alpha}{d\alpha}}{}{\tnsr U^{{d\alpha}{i\alpha}{c\alpha}}_{{k\alpha}{k_{1}\alpha}{l\alpha}}}{\tnsr T^{{k\alpha}{k_{1}\alpha}}_{{a\alpha}{c\alpha}}}{\tnsr T^{{j\beta}{l\alpha}}_{{b\beta}{d\alpha}}}\nl
 + (-0.5*1)\sum_{{k\alpha}{l\alpha}{c\alpha}{c_{1}\alpha}{d\alpha}}{}{\tnsr U^{{d\alpha}{c\alpha}{c_{1}\alpha}}_{{k\alpha}{l\alpha}{a\alpha}}}{\tnsr T^{{i\alpha}{k\alpha}}_{{c\alpha}{c_{1}\alpha}}}{\tnsr T^{{j\beta}{l\alpha}}_{{b\beta}{d\alpha}}} + 0.5*1\sum_{{k\alpha}{l_{1}\alpha}{c\alpha}{d\alpha}{d_{1}\alpha}}{}{\tnsr U^{{d\alpha}{d_{1}\alpha}{c\alpha}}_{{k\alpha}{l_{1}\alpha}{a\alpha}}}{\tnsr T^{{j\beta}{k\alpha}}_{{b\beta}{c\alpha}}}{\tnsr T^{{i\alpha}{l_{1}\alpha}}_{{d\alpha}{d_{1}\alpha}}}\nl
 + \sum_{{k\alpha}{l_{1}\beta}{c\alpha}{d\alpha}{d_{1}\beta}}{}{\tnsr U^{{d\alpha}{d_{1}\beta}{c\alpha}}_{{k\alpha}{l_{1}\beta}{a\alpha}}}{\tnsr T^{{j\beta}{k\alpha}}_{{b\beta}{c\alpha}}}{\tnsr T^{{i\alpha}{l_{1}\beta}}_{{d\alpha}{d_{1}\beta}}} + 0.5*1\sum_{{k\alpha}{l_{1}\alpha}{c\alpha}{d\alpha}{d_{1}\alpha}}{}{\tnsr U^{{d_{1}\alpha}{c\alpha}{d\alpha}}_{{k\alpha}{l_{1}\alpha}{a\alpha}}}{\tnsr T^{{j\beta}{k\alpha}}_{{b\beta}{c\alpha}}}{\tnsr T^{{i\alpha}{l_{1}\alpha}}_{{d\alpha}{d_{1}\alpha}}} + \sum_{{k\beta}{k_{1}\alpha}{c\beta}{c_{1}\alpha}{d\alpha}}{}{\tnsr U^{{c\beta}{d\alpha}{c_{1}\alpha}}_{{k\beta}{k_{1}\alpha}{a\alpha}}}{\tnsr T^{{k\beta}{k_{1}\alpha}}_{{c\beta}{c_{1}\alpha}}}{\tnsr T^{{i\alpha}{j\beta}}_{{d\alpha}{b\beta}}}\nl
 + (-0.5*1)\sum_{{k\beta}{k_{1}\beta}{c\beta}{d\beta}{d_{1}\alpha}}{}{\tnsr U^{{c\beta}{d\beta}{d_{1}\alpha}}_{{k\beta}{k_{1}\beta}{a\alpha}}}{\tnsr T^{{k\beta}{k_{1}\beta}}_{{b\beta}{c\beta}}}{\tnsr T^{{i\alpha}{j\beta}}_{{d_{1}\alpha}{d\beta}}} + 0.5*1\sum_{{k\beta}{c\beta}{c_{1}\beta}}{}{\tnsr U^{{c\beta}{i\alpha}{c_{1}\beta}}_{{k\beta}{a\alpha}{b\beta}}}{\tnsr T^{{j\beta}{k\beta}}_{{c\beta}{c_{1}\beta}}}\nl
 + 0.25*1\sum_{{k\beta}{k_{1}\beta}{c\beta}{c_{1}\beta}{d\alpha}}{}{\tnsr U^{{c_{1}\beta}{c\beta}{d\alpha}}_{{k\beta}{k_{1}\beta}{a\alpha}}}{\tnsr T^{{k\beta}{k_{1}\beta}}_{{c\beta}{c_{1}\beta}}}{\tnsr T^{{i\alpha}{j\beta}}_{{d\alpha}{b\beta}}} + 0.5*1\sum_{{k\beta}{k_{1}\beta}{c_{1}\beta}{d\beta}{d_{1}\alpha}}{}{\tnsr U^{{d\beta}{c_{1}\beta}{d_{1}\alpha}}_{{k\beta}{k_{1}\beta}{a\alpha}}}{\tnsr T^{{k\beta}{k_{1}\beta}}_{{b\beta}{c_{1}\beta}}}{\tnsr T^{{i\alpha}{j\beta}}_{{d_{1}\alpha}{d\beta}}}\nl
 + \sum_{{k\beta}{l\beta}{c\beta}{c_{1}\alpha}{d\beta}}{}{\tnsr U^{{d\beta}{c\beta}{c_{1}\alpha}}_{{k\beta}{l\beta}{a\alpha}}}{\tnsr T^{{i\alpha}{k\beta}}_{{c_{1}\alpha}{c\beta}}}{\tnsr T^{{j\beta}{l\beta}}_{{b\beta}{d\beta}}} + (-0.5*1)\sum_{{k_{1}\beta}{c\beta}{c_{1}\beta}}{}{\tnsr U^{{c_{1}\beta}{i\alpha}{c\beta}}_{{k_{1}\beta}{a\alpha}{b\beta}}}{\tnsr T^{{j\beta}{k_{1}\beta}}_{{c\beta}{c_{1}\beta}}} + \sum_{{k\alpha}{k_{1}\beta}{l\alpha}{c_{1}\alpha}{d\beta}}{}{\tnsr U^{{i\alpha}{d\beta}{c_{1}\alpha}}_{{k\alpha}{k_{1}\beta}{l\alpha}}}{\tnsr T^{{k\alpha}{k_{1}\beta}}_{{c_{1}\alpha}{b\beta}}}{\tnsr T^{{j\beta}{l\alpha}}_{{d\beta}{a\alpha}}}\nl
 + (-1)\sum_{{k\alpha}{l\alpha}{l_{1}\beta}{c\beta}{d\alpha}}{}{\tnsr U^{{i\alpha}{d\alpha}{c\beta}}_{{k\alpha}{l\alpha}{l_{1}\beta}}}{\tnsr T^{{j\beta}{k\alpha}}_{{c\beta}{a\alpha}}}{\tnsr T^{{l\alpha}{l_{1}\beta}}_{{d\alpha}{b\beta}}} + (-0.5*1)\sum_{{k\alpha}{l\beta}{l_{1}\beta}{c\beta}{d_{1}\beta}}{}{\tnsr U^{{i\alpha}{c\beta}{d_{1}\beta}}_{{k\alpha}{l\beta}{l_{1}\beta}}}{\tnsr T^{{j\beta}{k\alpha}}_{{c\beta}{a\alpha}}}{\tnsr T^{{l\beta}{l_{1}\beta}}_{{b\beta}{d_{1}\beta}}}\nl
 + 0.5*1\sum_{{k\alpha}{l\beta}{l_{1}\beta}{c\beta}{d\beta}}{}{\tnsr U^{{i\alpha}{d\beta}{c\beta}}_{{k\alpha}{l\beta}{l_{1}\beta}}}{\tnsr T^{{j\beta}{k\alpha}}_{{c\beta}{a\alpha}}}{\tnsr T^{{l\beta}{l_{1}\beta}}_{{b\beta}{d\beta}}} + (-0.5*1)\sum_{{k\alpha}{k_{1}\alpha}{c\alpha}{d\alpha}{d_{1}\beta}}{}{\tnsr U^{{c\alpha}{d\alpha}{d_{1}\beta}}_{{k\alpha}{k_{1}\alpha}{b\beta}}}{\tnsr T^{{k\alpha}{k_{1}\alpha}}_{{a\alpha}{c\alpha}}}{\tnsr T^{{i\alpha}{j\beta}}_{{d\alpha}{d_{1}\beta}}}\nl
 + \sum_{{k\alpha}{k_{1}\beta}{c\alpha}{c_{1}\beta}{d\beta}}{}{\tnsr U^{{c\alpha}{d\beta}{c_{1}\beta}}_{{k\alpha}{k_{1}\beta}{b\beta}}}{\tnsr T^{{k\alpha}{k_{1}\beta}}_{{c\alpha}{c_{1}\beta}}}{\tnsr T^{{i\alpha}{j\beta}}_{{a\alpha}{d\beta}}} + (-0.5*1)\sum_{{k\alpha}{l\alpha}{c\alpha}{c_{1}\alpha}{d\beta}}{}{\tnsr U^{{c\alpha}{c_{1}\alpha}{d\beta}}_{{k\alpha}{l\alpha}{b\beta}}}{\tnsr T^{{i\alpha}{k\alpha}}_{{c\alpha}{c_{1}\alpha}}}{\tnsr T^{{j\beta}{l\alpha}}_{{d\beta}{a\alpha}}}\nl
 + 0.25*1\sum_{{k\alpha}{k_{1}\alpha}{c\alpha}{c_{1}\alpha}{d\beta}}{}{\tnsr U^{{c_{1}\alpha}{c\alpha}{d\beta}}_{{k\alpha}{k_{1}\alpha}{b\beta}}}{\tnsr T^{{k\alpha}{k_{1}\alpha}}_{{c\alpha}{c_{1}\alpha}}}{\tnsr T^{{i\alpha}{j\beta}}_{{a\alpha}{d\beta}}} + 0.5*1\sum_{{k\alpha}{k_{1}\alpha}{c_{1}\alpha}{d\alpha}{d_{1}\beta}}{}{\tnsr U^{{d\alpha}{c_{1}\alpha}{d_{1}\beta}}_{{k\alpha}{k_{1}\alpha}{b\beta}}}{\tnsr T^{{k\alpha}{k_{1}\alpha}}_{{a\alpha}{c_{1}\alpha}}}{\tnsr T^{{i\alpha}{j\beta}}_{{d\alpha}{d_{1}\beta}}}\nl
 + \sum_{{k\alpha}{k_{1}\beta}{c_{1}\beta}{d\alpha}{d_{1}\beta}}{}{\tnsr U^{{d\alpha}{c_{1}\beta}{d_{1}\beta}}_{{k\alpha}{k_{1}\beta}{b\beta}}}{\tnsr T^{{k\alpha}{k_{1}\beta}}_{{a\alpha}{c_{1}\beta}}}{\tnsr T^{{i\alpha}{j\beta}}_{{d\alpha}{d_{1}\beta}}} + 0.5*1\sum_{{k\alpha}{l_{1}\alpha}{c\beta}{d\alpha}{d_{1}\alpha}}{}{\tnsr U^{{d\alpha}{d_{1}\alpha}{c\beta}}_{{k\alpha}{l_{1}\alpha}{b\beta}}}{\tnsr T^{{j\beta}{k\alpha}}_{{c\beta}{a\alpha}}}{\tnsr T^{{i\alpha}{l_{1}\alpha}}_{{d\alpha}{d_{1}\alpha}}} + \sum_{{k\alpha}{l_{1}\beta}{c\beta}{d\alpha}{d_{1}\beta}}{}{\tnsr U^{{d\alpha}{d_{1}\beta}{c\beta}}_{{k\alpha}{l_{1}\beta}{b\beta}}}{\tnsr T^{{j\beta}{k\alpha}}_{{c\beta}{a\alpha}}}{\tnsr T^{{i\alpha}{l_{1}\beta}}_{{d\alpha}{d_{1}\beta}}}\nl
 + (-1)\sum_{{k\alpha}{l_{1}\beta}{c\beta}{d\beta}{d_{1}\alpha}}{}{\tnsr U^{{d_{1}\alpha}{c\beta}{d\beta}}_{{k\alpha}{l_{1}\beta}{b\beta}}}{\tnsr T^{{j\beta}{k\alpha}}_{{c\beta}{a\alpha}}}{\tnsr T^{{i\alpha}{l_{1}\beta}}_{{d_{1}\alpha}{d\beta}}} + 0.5*1\sum_{{k\beta}{k_{1}\beta}{c\beta}{c_{1}\beta}{d\beta}}{}{\tnsr U^{{c\beta}{d\beta}{c_{1}\beta}}_{{k\beta}{k_{1}\beta}{b\beta}}}{\tnsr T^{{k\beta}{k_{1}\beta}}_{{c\beta}{c_{1}\beta}}}{\tnsr T^{{i\alpha}{j\beta}}_{{a\alpha}{d\beta}}}\nl
 + 0.25*1\sum_{{k\beta}{k_{1}\beta}{c\beta}{c_{1}\beta}{d\beta}}{}{\tnsr U^{{c_{1}\beta}{c\beta}{d\beta}}_{{k\beta}{k_{1}\beta}{b\beta}}}{\tnsr T^{{k\beta}{k_{1}\beta}}_{{c\beta}{c_{1}\beta}}}{\tnsr T^{{i\alpha}{j\beta}}_{{a\alpha}{d\beta}}} + \sum_{{k\alpha}{l\beta}{c\alpha}{c_{1}\beta}{d\alpha}}{}{\tnsr U^{{c\alpha}{c_{1}\beta}{d\alpha}}_{{k\alpha}{l\beta}{a\alpha}}}{\tnsr T^{{j\beta}{k\alpha}}_{{c_{1}\beta}{c\alpha}}}{\tnsr T^{{i\alpha}{l\beta}}_{{d\alpha}{b\beta}}} + \sum_{{k\alpha}{k_{1}\beta}{l\beta}{c\beta}{d\alpha}}{}{\tnsr U^{{d\alpha}{j\beta}{c\beta}}_{{k\alpha}{k_{1}\beta}{l\beta}}}{\tnsr T^{{k\alpha}{k_{1}\beta}}_{{a\alpha}{c\beta}}}{\tnsr T^{{i\alpha}{l\beta}}_{{d\alpha}{b\beta}}}\nl
 + (-1)\sum_{{k\alpha}{l\beta}{c\beta}{c_{1}\alpha}{d\alpha}}{}{\tnsr U^{{d\alpha}{c\beta}{c_{1}\alpha}}_{{k\alpha}{l\beta}{a\alpha}}}{\tnsr T^{{j\beta}{k\alpha}}_{{c\beta}{c_{1}\alpha}}}{\tnsr T^{{i\alpha}{l\beta}}_{{d\alpha}{b\beta}}} + (-1)\sum_{{k\beta}{k_{1}\alpha}{l\beta}{c\beta}{c_{1}\alpha}}{}{\tnsr U^{{j\beta}{c_{1}\alpha}{c\beta}}_{{k\beta}{k_{1}\alpha}{l\beta}}}{\tnsr T^{{k\beta}{k_{1}\alpha}}_{{c\beta}{c_{1}\alpha}}}{\tnsr T^{{i\alpha}{l\beta}}_{{a\alpha}{b\beta}}}\nl
 + (-0.5*1)\sum_{{k\beta}{k_{1}\alpha}{l_{1}\alpha}{d\alpha}{d_{1}\alpha}}{}{\tnsr U^{{j\beta}{d\alpha}{d_{1}\alpha}}_{{k\beta}{k_{1}\alpha}{l_{1}\alpha}}}{\tnsr T^{{k_{1}\alpha}{k\beta}}_{{a\alpha}{b\beta}}}{\tnsr T^{{i\alpha}{l_{1}\alpha}}_{{d\alpha}{d_{1}\alpha}}} + (-1)\sum_{{k\beta}{k_{1}\alpha}{l_{1}\beta}{d\alpha}{d_{1}\beta}}{}{\tnsr U^{{j\beta}{d\alpha}{d_{1}\beta}}_{{k\beta}{k_{1}\alpha}{l_{1}\beta}}}{\tnsr T^{{k_{1}\alpha}{k\beta}}_{{a\alpha}{b\beta}}}{\tnsr T^{{i\alpha}{l_{1}\beta}}_{{d\alpha}{d_{1}\beta}}}\nl
 + 0.5*1\sum_{{k\beta}{k_{1}\alpha}{l\alpha}{d\alpha}{d_{1}\alpha}}{}{\tnsr U^{{j\beta}{d_{1}\alpha}{d\alpha}}_{{k\beta}{k_{1}\alpha}{l\alpha}}}{\tnsr T^{{k_{1}\alpha}{k\beta}}_{{a\alpha}{b\beta}}}{\tnsr T^{{i\alpha}{l\alpha}}_{{d\alpha}{d_{1}\alpha}}} + (-0.5*1)\sum_{{k\beta}{k_{1}\beta}{l\beta}{c\beta}{c_{1}\beta}}{}{\tnsr U^{{j\beta}{c_{1}\beta}{c\beta}}_{{k\beta}{k_{1}\beta}{l\beta}}}{\tnsr T^{{k\beta}{k_{1}\beta}}_{{c\beta}{c_{1}\beta}}}{\tnsr T^{{i\alpha}{l\beta}}_{{a\alpha}{b\beta}}}\nl
 + (-0.5*1)\sum_{{k\beta}{l\alpha}{l_{1}\alpha}{c\alpha}{d_{1}\alpha}}{}{\tnsr U^{{j\beta}{c\alpha}{d_{1}\alpha}}_{{k\beta}{l\alpha}{l_{1}\alpha}}}{\tnsr T^{{i\alpha}{k\beta}}_{{c\alpha}{b\beta}}}{\tnsr T^{{l\alpha}{l_{1}\alpha}}_{{a\alpha}{d_{1}\alpha}}} + (-1)\sum_{{k\beta}{l\alpha}{l_{1}\beta}{c\alpha}{d_{1}\beta}}{}{\tnsr U^{{j\beta}{c\alpha}{d_{1}\beta}}_{{k\beta}{l\alpha}{l_{1}\beta}}}{\tnsr T^{{i\alpha}{k\beta}}_{{c\alpha}{b\beta}}}{\tnsr T^{{l\alpha}{l_{1}\beta}}_{{a\alpha}{d_{1}\beta}}} \newpg
\eeq
\beq
&& + 0.5*1\sum_{{k\beta}{l\alpha}{l_{1}\alpha}{c\alpha}{d\alpha}}{}{\tnsr U^{{j\beta}{d\alpha}{c\alpha}}_{{k\beta}{l\alpha}{l_{1}\alpha}}}{\tnsr T^{{i\alpha}{k\beta}}_{{c\alpha}{b\beta}}}{\tnsr T^{{l\alpha}{l_{1}\alpha}}_{{a\alpha}{d\alpha}}} + (-0.25*1)\sum_{{k\beta}{l\alpha}{l_{1}\alpha}{d\alpha}{d_{1}\alpha}}{}{\tnsr U^{{j\beta}{d_{1}\alpha}{d\alpha}}_{{k\beta}{l\alpha}{l_{1}\alpha}}}{\tnsr T^{{i\alpha}{k\beta}}_{{a\alpha}{b\beta}}}{\tnsr T^{{l\alpha}{l_{1}\alpha}}_{{d\alpha}{d_{1}\alpha}}}\nl
 + (-0.25*1)\sum_{{k\beta}{l\beta}{l_{1}\beta}{d\beta}{d_{1}\beta}}{}{\tnsr U^{{j\beta}{d_{1}\beta}{d\beta}}_{{k\beta}{l\beta}{l_{1}\beta}}}{\tnsr T^{{i\alpha}{k\beta}}_{{a\alpha}{b\beta}}}{\tnsr T^{{l\beta}{l_{1}\beta}}_{{d\beta}{d_{1}\beta}}} + (-0.5*1)\sum_{{k\beta}{l\beta}{c\beta}{c_{1}\beta}{d\alpha}}{}{\tnsr U^{{c\beta}{c_{1}\beta}{d\alpha}}_{{k\beta}{l\beta}{a\alpha}}}{\tnsr T^{{j\beta}{k\beta}}_{{c\beta}{c_{1}\beta}}}{\tnsr T^{{i\alpha}{l\beta}}_{{d\alpha}{b\beta}}}\nl
 + 0.5*1\sum_{{k\beta}{l_{1}\beta}{c\alpha}{d\beta}{d_{1}\beta}}{}{\tnsr U^{{d\beta}{d_{1}\beta}{c\alpha}}_{{k\beta}{l_{1}\beta}{a\alpha}}}{\tnsr T^{{i\alpha}{k\beta}}_{{c\alpha}{b\beta}}}{\tnsr T^{{j\beta}{l_{1}\beta}}_{{d\beta}{d_{1}\beta}}} + \sum_{{k\alpha}{k_{1}\beta}{c\alpha}}{}{\tnsr U^{{c\alpha}{j\beta}{i\alpha}}_{{k\alpha}{k_{1}\beta}{a\alpha}}}{\tnsr T^{{k\alpha}{k_{1}\beta}}_{{c\alpha}{b\beta}}} + \sum_{{k\alpha}{l\beta}{c\alpha}{c_{1}\beta}{d\beta}}{}{\tnsr U^{{c\alpha}{c_{1}\beta}{d\beta}}_{{k\alpha}{l\beta}{b\beta}}}{\tnsr T^{{j\beta}{k\alpha}}_{{c_{1}\beta}{c\alpha}}}{\tnsr T^{{i\alpha}{l\beta}}_{{a\alpha}{d\beta}}}\nl
 + 0.5*1\sum_{{k\alpha}{c\alpha}{c_{1}\alpha}}{}{\tnsr U^{{c\alpha}{j\beta}{c_{1}\alpha}}_{{k\alpha}{b\beta}{a\alpha}}}{\tnsr T^{{i\alpha}{k\alpha}}_{{c\alpha}{c_{1}\alpha}}} + (-1)\sum_{{k\alpha}{k_{1}\beta}{l\alpha}{c\alpha}{d\alpha}}{}{\tnsr U^{{d\alpha}{j\beta}{c\alpha}}_{{k\alpha}{k_{1}\beta}{l\alpha}}}{\tnsr T^{{k\alpha}{k_{1}\beta}}_{{c\alpha}{b\beta}}}{\tnsr T^{{i\alpha}{l\alpha}}_{{a\alpha}{d\alpha}}} + \sum_{{k\alpha}{l\alpha}{c\alpha}{c_{1}\beta}{d\alpha}}{}{\tnsr U^{{d\alpha}{c\alpha}{c_{1}\beta}}_{{k\alpha}{l\alpha}{b\beta}}}{\tnsr T^{{j\beta}{k\alpha}}_{{c_{1}\beta}{c\alpha}}}{\tnsr T^{{i\alpha}{l\alpha}}_{{a\alpha}{d\alpha}}}\nl
 + 0.5*1\sum_{{k\beta}{k_{1}\beta}{c_{1}\beta}}{}{\tnsr U^{{j\beta}{c_{1}\beta}{i\alpha}}_{{k\beta}{k_{1}\beta}{a\alpha}}}{\tnsr T^{{k\beta}{k_{1}\beta}}_{{b\beta}{c_{1}\beta}}} + (-0.5*1)\sum_{{k\beta}{k_{1}\beta}{l\beta}{c_{1}\beta}{d\beta}}{}{\tnsr U^{{j\beta}{d\beta}{c_{1}\beta}}_{{k\beta}{k_{1}\beta}{l\beta}}}{\tnsr T^{{k\beta}{k_{1}\beta}}_{{b\beta}{c_{1}\beta}}}{\tnsr T^{{i\alpha}{l\beta}}_{{a\alpha}{d\beta}}}\nl
 + (-1)\sum_{{k\beta}{l\alpha}{l_{1}\beta}{c\beta}{d\alpha}}{}{\tnsr U^{{j\beta}{d\alpha}{c\beta}}_{{k\beta}{l\alpha}{l_{1}\beta}}}{\tnsr T^{{i\alpha}{k\beta}}_{{a\alpha}{c\beta}}}{\tnsr T^{{l\alpha}{l_{1}\beta}}_{{d\alpha}{b\beta}}} + (-0.5*1)\sum_{{k\beta}{l\beta}{l_{1}\beta}{c\beta}{d_{1}\beta}}{}{\tnsr U^{{j\beta}{c\beta}{d_{1}\beta}}_{{k\beta}{l\beta}{l_{1}\beta}}}{\tnsr T^{{i\alpha}{k\beta}}_{{a\alpha}{c\beta}}}{\tnsr T^{{l\beta}{l_{1}\beta}}_{{b\beta}{d_{1}\beta}}}\nl
 + 0.5*1\sum_{{k\beta}{l\beta}{l_{1}\beta}{c\beta}{d\beta}}{}{\tnsr U^{{j\beta}{d\beta}{c\beta}}_{{k\beta}{l\beta}{l_{1}\beta}}}{\tnsr T^{{i\alpha}{k\beta}}_{{a\alpha}{c\beta}}}{\tnsr T^{{l\beta}{l_{1}\beta}}_{{b\beta}{d\beta}}} + (-0.5*1)\sum_{{k\beta}{k_{1}\beta}{c\beta}}{}{\tnsr U^{{c\beta}{j\beta}{i\alpha}}_{{k\beta}{k_{1}\beta}{a\alpha}}}{\tnsr T^{{k\beta}{k_{1}\beta}}_{{b\beta}{c\beta}}}\nl
 + (-0.5*1)\sum_{{k\beta}{l\beta}{c\beta}{c_{1}\beta}{d\beta}}{}{\tnsr U^{{c\beta}{c_{1}\beta}{d\beta}}_{{k\beta}{l\beta}{b\beta}}}{\tnsr T^{{j\beta}{k\beta}}_{{c\beta}{c_{1}\beta}}}{\tnsr T^{{i\alpha}{l\beta}}_{{a\alpha}{d\beta}}} + (-1)\sum_{{k\beta}{c\beta}{c_{1}\alpha}}{}{\tnsr U^{{c\beta}{j\beta}{c_{1}\alpha}}_{{k\beta}{b\beta}{a\alpha}}}{\tnsr T^{{i\alpha}{k\beta}}_{{c_{1}\alpha}{c\beta}}}\nl
 + 0.5*1\sum_{{k\beta}{k_{1}\beta}{l\beta}{c\beta}{d\beta}}{}{\tnsr U^{{d\beta}{j\beta}{c\beta}}_{{k\beta}{k_{1}\beta}{l\beta}}}{\tnsr T^{{k\beta}{k_{1}\beta}}_{{b\beta}{c\beta}}}{\tnsr T^{{i\alpha}{l\beta}}_{{a\alpha}{d\beta}}} + (-0.5*1)\sum_{{k\beta}{l\beta}{c\beta}{c_{1}\beta}{d\beta}}{}{\tnsr U^{{d\beta}{c\beta}{c_{1}\beta}}_{{k\beta}{l\beta}{b\beta}}}{\tnsr T^{{j\beta}{k\beta}}_{{c\beta}{c_{1}\beta}}}{\tnsr T^{{i\alpha}{l\beta}}_{{a\alpha}{d\beta}}}\nl
 + 0.5*1\sum_{{k\beta}{l_{1}\beta}{c\beta}{d\beta}{d_{1}\beta}}{}{\tnsr U^{{d\beta}{d_{1}\beta}{c\beta}}_{{k\beta}{l_{1}\beta}{b\beta}}}{\tnsr T^{{i\alpha}{k\beta}}_{{a\alpha}{c\beta}}}{\tnsr T^{{j\beta}{l_{1}\beta}}_{{d\beta}{d_{1}\beta}}} + 0.5*1\sum_{{k\beta}{l_{1}\beta}{c\beta}{d\beta}{d_{1}\beta}}{}{\tnsr U^{{d_{1}\beta}{c\beta}{d\beta}}_{{k\beta}{l_{1}\beta}{b\beta}}}{\tnsr T^{{i\alpha}{k\beta}}_{{a\alpha}{c\beta}}}{\tnsr T^{{j\beta}{l_{1}\beta}}_{{d\beta}{d_{1}\beta}}}\nl
 + (-0.5*1)\sum_{{k_{1}\alpha}{c\alpha}{c_{1}\alpha}}{}{\tnsr U^{{c_{1}\alpha}{j\beta}{c\alpha}}_{{k_{1}\alpha}{b\beta}{a\alpha}}}{\tnsr T^{{i\alpha}{k_{1}\alpha}}_{{c\alpha}{c_{1}\alpha}}} + 0.5*1\sum_{{k\alpha}{k_{1}\alpha}{l\alpha}{c\alpha}{c_{1}\alpha}}{}{\tnsr U^{{i\alpha}{c\alpha}{c_{1}\alpha}}_{{k\alpha}{k_{1}\alpha}{l\alpha}}}{\tnsr T^{{k\alpha}{k_{1}\alpha}}_{{c\alpha}{c_{1}\alpha}}}{\tnsr T^{{l\alpha}{j\beta}}_{{a\alpha}{b\beta}}} + (-1)\sum_{{k\alpha}{k_{1}\beta}{c\alpha}}{}{\tnsr U^{{i\alpha}{j\beta}{c\alpha}}_{{k\alpha}{k_{1}\beta}{a\alpha}}}{\tnsr T^{{k\alpha}{k_{1}\beta}}_{{c\alpha}{b\beta}}}\nl
 + \sum_{{k\alpha}{l\alpha}{l_{1}\beta}{c\alpha}{c_{1}\beta}}{}{\tnsr U^{{i\alpha}{c\alpha}{c_{1}\beta}}_{{k\alpha}{l\alpha}{l_{1}\beta}}}{\tnsr T^{{j\beta}{k\alpha}}_{{c_{1}\beta}{c\alpha}}}{\tnsr T^{{l\alpha}{l_{1}\beta}}_{{a\alpha}{b\beta}}} + \sum_{{k\alpha}{c\alpha}{c_{1}\beta}}{}{\tnsr U^{{i\alpha}{c\alpha}{c_{1}\beta}}_{{k\alpha}{a\alpha}{b\beta}}}{\tnsr T^{{j\beta}{k\alpha}}_{{c_{1}\beta}{c\alpha}}} + (-0.5*1)\sum_{{k\alpha}{k_{1}\alpha}{c\alpha}{c_{1}\alpha}{d\alpha}}{}{\tnsr U^{{c_{1}\alpha}{d\alpha}{c\alpha}}_{{k\alpha}{k_{1}\alpha}{a\alpha}}}{\tnsr T^{{k\alpha}{k_{1}\alpha}}_{{c\alpha}{c_{1}\alpha}}}{\tnsr T^{{i\alpha}{j\beta}}_{{d\alpha}{b\beta}}}\nl
 + (-1)\sum_{{k\alpha}{k_{1}\beta}{c\alpha}{d\alpha}{d_{1}\beta}}{}{\tnsr U^{{d\alpha}{d_{1}\beta}{c\alpha}}_{{k\alpha}{k_{1}\beta}{a\alpha}}}{\tnsr T^{{k\alpha}{k_{1}\beta}}_{{c\alpha}{b\beta}}}{\tnsr T^{{i\alpha}{j\beta}}_{{d\alpha}{d_{1}\beta}}} + (-1)\sum_{{k\alpha}{k_{1}\beta}{c\beta}}{}{\tnsr U^{{i\alpha}{j\beta}{c\beta}}_{{k\alpha}{k_{1}\beta}{b\beta}}}{\tnsr T^{{k\alpha}{k_{1}\beta}}_{{a\alpha}{c\beta}}} + (-1)\sum_{{k\alpha}{k_{1}\beta}{c\beta}{d\alpha}{d_{1}\beta}}{}{\tnsr U^{{d\alpha}{d_{1}\beta}{c\beta}}_{{k\alpha}{k_{1}\beta}{b\beta}}}{\tnsr T^{{k\alpha}{k_{1}\beta}}_{{a\alpha}{c\beta}}}{\tnsr T^{{i\alpha}{j\beta}}_{{d\alpha}{d_{1}\beta}}}\nl
 + (-0.5*1)\sum_{{k\beta}{k_{1}\beta}{c\beta}{c_{1}\beta}{d\beta}}{}{\tnsr U^{{c_{1}\beta}{d\beta}{c\beta}}_{{k\beta}{k_{1}\beta}{b\beta}}}{\tnsr T^{{k\beta}{k_{1}\beta}}_{{c\beta}{c_{1}\beta}}}{\tnsr T^{{i\alpha}{j\beta}}_{{a\alpha}{d\beta}}} + 0.5*1\sum_{{k\beta}{k_{1}\beta}{l\beta}{c\beta}{c_{1}\beta}}{}{\tnsr U^{{j\beta}{c\beta}{c_{1}\beta}}_{{k\beta}{k_{1}\beta}{l\beta}}}{\tnsr T^{{k\beta}{k_{1}\beta}}_{{c\beta}{c_{1}\beta}}}{\tnsr T^{{i\alpha}{l\beta}}_{{a\alpha}{b\beta}}}\nl
 + \sum_{{k\beta}{l\alpha}{l_{1}\beta}{c\alpha}{c_{1}\beta}}{}{\tnsr U^{{j\beta}{c\alpha}{c_{1}\beta}}_{{k\beta}{l\alpha}{l_{1}\beta}}}{\tnsr T^{{i\alpha}{k\beta}}_{{c\alpha}{c_{1}\beta}}}{\tnsr T^{{l\alpha}{l_{1}\beta}}_{{a\alpha}{b\beta}}} + \sum_{{k\beta}{c\alpha}{c_{1}\beta}}{}{\tnsr U^{{j\beta}{c\alpha}{c_{1}\beta}}_{{k\beta}{a\alpha}{b\beta}}}{\tnsr T^{{i\alpha}{k\beta}}_{{c\alpha}{c_{1}\beta}}}
\eeq
