algorithm...
---- decl
index-space: IJKLMNO, OccB, J // optimization length: 60
index-space: ijklmno, OccA, j // optimization length: 60
index-space: ABCDEFGH, ExtB, Z // optimization length: 500
index-space: abcdefgh, ExtA, z // optimization length: 500
tensor: R[AAAIII], !Create{}
tensor: R[AAII], !Create{}
tensor: R[AI], !Create{}
tensor: R[aAAiII], !Create{}
tensor: R[aAiI], !Create{}
tensor: R[aaAiiI], !Create{}
tensor: R[aaaiii], !Create{}
tensor: R[aaii], !Create{}
tensor: R[ai], !Create{}
tensor: T[AAAIII], !Create{}
tensor: T[AAII], !Create{}
tensor: T[AI], !Create{}
tensor: T[aAAiII], !Create{}
tensor: T[aAiI], !Create{}
tensor: T[aaAiiI], !Create{}
tensor: T[aaaiii], !Create{}
tensor: T[aaii], !Create{}
tensor: T[ai], !Create{}
tensor: dI314256[aaiiii], !Create{}
tensor: A[aaii], !Create{}
tensor: dI314256[aAiiiI], !Create{}
tensor: B[aAiI], !Create{}
tensor: dI314256[AaiiIi], !Create{}
tensor: C[aaii], !Create{}
tensor: dI314256[AAiiII], !Create{}
tensor: D[aAiI], !Create{}
tensor: E[ii], !Create{}
tensor: F[ii], !Create{}
tensor: G[ii], !Create{}
tensor: H[aaii], !Create{}
tensor: I[aAiI], !Create{}
tensor: dI125364[aaaaii], !Create{}
tensor: J[aa], !Create{}
tensor: dI125364[aAaaiI], !Create{}
tensor: K[aa], !Create{}
tensor: L[aaii], !Create{}
tensor: M[aAiI], !Create{}
tensor: N[aaii], !Create{}
tensor: O[aaii], !Create{}
tensor: dI125364[AAaaII], !Create{}
tensor: P[aa], !Create{}
tensor: Q[aAiI], !Create{}
tensor: dI125364[AaaaIi], !Create{}
tensor: U[aAiI], !Create{}
tensor: V[ii], !Create{}
tensor: W[aaii], !Create{}
tensor: X[iiii], !Create{}
tensor: Y[iiii], !Create{}
tensor: Z[iiii], !Create{}
tensor: AA[iiii], !Create{}
tensor: AB[iiii], !Create{}
tensor: AC[iiii], !Create{}
tensor: AD[ii], !Create{}
tensor: AE[aAiI], !Create{}
tensor: AF[aaii], !Create{}
tensor: AG[aaii], !Create{}
tensor: AH[aaii], !Create{}
tensor: AI[ii], !Create{}
tensor: AJ[ii], !Create{}
tensor: AK[aa], !Create{}
tensor: AL[aaaa], !Create{}
tensor: AM[aaaa], !Create{}
tensor: AN[aaii], !Create{}
tensor: AO[aa], !Create{}
tensor: AP[aaii], !Create{}
tensor: AQ[aaaa], !Create{}
tensor: AU[aaaa], !Create{}
tensor: AV[aaaa], !Create{}
tensor: AW[aaaa], !Create{}
tensor: AX[aaii], !Create{}
tensor: AY[aaii], !Create{}
tensor: AZ[aaii], !Create{}
tensor: BA[aaii], !Create{}
tensor: BB[aa], !Create{}
tensor: BC[aa], !Create{}
tensor: BD[aAiI], !Create{}
tensor: dI123456[aaiiii], !Create{}
tensor: BE[ii], !Create{}
tensor: BF[iiii], !Create{}
tensor: BG[iiii], !Create{}
tensor: dI123456[aaaaii], !Create{}
tensor: BH[aa], !Create{}
tensor: BI[aaaa], !Create{}
tensor: BJ[aaaa], !Create{}
tensor: dI125364[aaAAii], !Create{}
tensor: BK[AA], !Create{}
tensor: dI314256[aaiIIi], !Create{}
tensor: BL[aAiI], !Create{}
tensor: dI314256[aAiIII], !Create{}
tensor: BM[AAII], !Create{}
tensor: dI125364[aAAAiI], !Create{}
tensor: BN[AA], !Create{}
tensor: BO[aAiI], !Create{}
tensor: BP[AAII], !Create{}
tensor: BQ[aAiI], !Create{}
tensor: dI314256[AaIIIi], !Create{}
tensor: BU[aAiI], !Create{}
tensor: dI314256[AAIIII], !Create{}
tensor: BV[AAII], !Create{}
tensor: dI314256[aaIIii], !Create{}
tensor: BW[II], !Create{}
tensor: dI314256[aAIIiI], !Create{}
tensor: BX[II], !Create{}
tensor: BY[II], !Create{}
tensor: BZ[aAiI], !Create{}
tensor: CA[AAII], !Create{}
tensor: dI125364[AAAAII], !Create{}
tensor: CB[AA], !Create{}
tensor: dI125364[AaAAIi], !Create{}
tensor: CC[aAiI], !Create{}
tensor: CD[AAII], !Create{}
tensor: CE[AAII], !Create{}
tensor: CF[AA], !Create{}
tensor: CG[AAAA], !Create{}
tensor: CH[AAAA], !Create{}
tensor: CI[AAII], !Create{}
tensor: CJ[AA], !Create{}
tensor: CK[aAiI], !Create{}
tensor: CL[aAiI], !Create{}
tensor: CM[II], !Create{}
tensor: CN[II], !Create{}
tensor: CO[AAII], !Create{}
tensor: CP[IIII], !Create{}
tensor: CQ[IIII], !Create{}
tensor: CU[IIII], !Create{}
tensor: CV[IIII], !Create{}
tensor: CW[IIII], !Create{}
tensor: CX[IIII], !Create{}
tensor: CY[AAII], !Create{}
tensor: CZ[II], !Create{}
tensor: DA[AAII], !Create{}
tensor: DB[AAII], !Create{}
tensor: DC[II], !Create{}
tensor: DD[AA], !Create{}
tensor: DE[AAAA], !Create{}
tensor: DF[AAAA], !Create{}
tensor: DG[AAII], !Create{}
tensor: DH[AA], !Create{}
tensor: DI[AAII], !Create{}
tensor: DJ[AAAA], !Create{}
tensor: DK[AAAA], !Create{}
tensor: DL[AAII], !Create{}
tensor: DM[AAII], !Create{}
tensor: DN[AAII], !Create{}
tensor: dI123456[AAIIII], !Create{}
tensor: DO[II], !Create{}
tensor: DP[IIII], !Create{}
tensor: DQ[IIII], !Create{}
tensor: dI123456[AAAAII], !Create{}
tensor: DU[AA], !Create{}
tensor: DV[AAAA], !Create{}
tensor: DW[AAAA], !Create{}
tensor: DX[iiII], !Create{}
tensor: DY[iiII], !Create{}
tensor: DZ[iiII], !Create{}
tensor: EA[aaAA], !Create{}
tensor: EB[aaAA], !Create{}
tensor: EC[aaAA], !Create{}
tensor: ED[AAii], !Create{}
tensor: EE[AAii], !Create{}
tensor: EF[AAii], !Create{}
tensor: EG[AAii], !Create{}
tensor: EH[aaAA], !Create{}
tensor: EI[AAii], !Create{}
tensor: EJ[aaAA], !Create{}
tensor: EK[aaAA], !Create{}
tensor: EL[AAii], !Create{}
tensor: EM[AAii], !Create{}
tensor: EN[AAii], !Create{}
tensor: EO[aaII], !Create{}
tensor: EP[aaII], !Create{}
tensor: EQ[aaII], !Create{}
tensor: EU[iiII], !Create{}
tensor: EV[iiII], !Create{}
tensor: EW[iiII], !Create{}
tensor: EX[aaII], !Create{}
tensor: EY[aaII], !Create{}
tensor: EZ[aaII], !Create{}
tensor: FA[aaII], !Create{}
tensor: FB[aaII], !Create{}
tensor: dI123456[aaiiII], !Create{}
tensor: FC[iiII], !Create{}
tensor: dI123456[aaAAii], !Create{}
tensor: FD[aaAA], !Create{}
tensor: dI123456[AAiiII], !Create{}
tensor: FE[aaAA], !Create{}
tensor: FF[iiII], !Create{}
tensor: dI123456[aaAAII], !Create{}

---- code ("eval_residual")
init R[AAAIII]
save R[AAAIII]
init R[AAII]
save R[AAII]
init R[AI]
save R[AI]
init R[aAAiII]
save R[aAAiII]
init R[aAiI]
save R[aAiI]
init R[aaAiiI]
save R[aaAiiI]
init R[aaaiii]
save R[aaaiii]
init R[aaii]
save R[aaii]
init R[ai]
save R[ai]
init A[aaii]
init B[aAiI]
init C[aaii]
init D[aAiI]
init E[ii]
init F[ii]
init G[ii]
init H[aaii]
init I[aAiI]
init J[aa]
init K[aa]
init L[aaii]
init M[aAiI]
init N[aaii]
init O[aaii]
init P[aa]
init Q[aAiI]
init U[aAiI]
init V[ii]
init W[aaii]
init X[iiii]
init Y[iiii]
init Z[iiii]
init AA[iiii]
init AB[iiii]
init AC[iiii]
init AD[ii]
init AE[aAiI]
init AF[aaii]
init AG[aaii]
init AH[aaii]
init AI[ii]
init AJ[ii]
init AK[aa]
init AL[aaaa]
init AM[aaaa]
init AN[aaii]
init AO[aa]
init AP[aaii]
init AQ[aaaa]
init AU[aaaa]
init AV[aaaa]
init AW[aaaa]
init AX[aaii]
init AY[aaii]
init AZ[aaii]
init BA[aaii]
init BB[aa]
init BC[aa]
init BD[aAiI]
init BE[ii]
init BF[iiii]
init BG[iiii]
init BH[aa]
init BI[aaaa]
init BJ[aaaa]
init BK[AA]
init BL[aAiI]
init BM[AAII]
init BN[AA]
init BO[aAiI]
init BP[AAII]
init BQ[aAiI]
init BU[aAiI]
init BV[AAII]
init BW[II]
init BX[II]
init BY[II]
init BZ[aAiI]
init CA[AAII]
init CB[AA]
init CC[aAiI]
init CD[AAII]
init CE[AAII]
init CF[AA]
init CG[AAAA]
init CH[AAAA]
init CI[AAII]
init CJ[AA]
init CK[aAiI]
init CL[aAiI]
init CM[II]
init CN[II]
init CO[AAII]
init CP[IIII]
init CQ[IIII]
init CU[IIII]
init CV[IIII]
init CW[IIII]
init CX[IIII]
init CY[AAII]
init CZ[II]
init DA[AAII]
init DB[AAII]
init DC[II]
init DD[AA]
init DE[AAAA]
init DF[AAAA]
init DG[AAII]
init DH[AA]
init DI[AAII]
init DJ[AAAA]
init DK[AAAA]
init DL[AAII]
init DM[AAII]
init DN[AAII]
init DO[II]
init DP[IIII]
init DQ[IIII]
init DU[AA]
init DV[AAAA]
init DW[AAAA]
init DX[iiII]
init DY[iiII]
init DZ[iiII]
init EA[aaAA]
init EB[aaAA]
init EC[aaAA]
init ED[AAii]
init EE[AAii]
init EF[AAii]
init EG[AAii]
init EH[aaAA]
init EI[AAii]
init EJ[aaAA]
init EK[aaAA]
init EL[AAii]
init EM[AAii]
init EN[AAii]
init EO[aaII]
init EP[aaII]
init EQ[aaII]
init EU[iiII]
init EV[iiII]
init EW[iiII]
init EX[aaII]
init EY[aaII]
init EZ[aaII]
init FA[aaII]
init FB[aaII]
init FC[iiII]
init FD[aaAA]
init FE[aaAA]
init FF[iiII]
.A[baij] += dI314256[cakilj] T[bckl]
.R[abij] += 0.5*A[acik] T[bcjk]
.R[baij] -= 0.5*A[acik] T[bcjk]
.R[abji] -= 0.5*A[acik] T[bcjk]
.R[baji] += 0.5*A[acik] T[bcjk]
.B[aAiI] += dI314256[bAjikI] T[abjk]
.R[abij] += 0.5*B[aAiI] T[bAjI]
.R[baij] -= 0.5*B[aAiI] T[bAjI]
.R[abji] -= 0.5*B[aAiI] T[bAjI]
.R[baji] += 0.5*B[aAiI] T[bAjI]
.C[baij] += dI314256[AakiIj] T[bAkI]
.R[abij] += C[acik] T[bcjk]
.R[baij] -= C[acik] T[bcjk]
.R[abji] -= C[acik] T[bcjk]
.R[baji] += C[acik] T[bcjk]
.D[aAiI] += dI314256[BAjiJI] T[aBjJ]
.R[abij] += D[aAiI] T[bAjI]
.R[baij] -= D[aAiI] T[bAjI]
.R[abji] -= D[aAiI] T[bAjI]
.R[baji] += D[aAiI] T[bAjI]
.E[ij] += dI314256[abjikl] T[abkl]
.R[abij] -= 0.25*E[ik] T[abjk]
.R[abji] += 0.25*E[ik] T[abjk]
.F[ij] += dI314256[aAjikI] T[aAkI]
.R[abij] -= F[ik] T[abjk]
.R[abji] += F[ik] T[abjk]
.G[ij] += dI314256[ABjiIJ] T[ABIJ]
.R[abij] -= 0.25*G[ik] T[abjk]
.R[abji] += 0.25*G[ik] T[abjk]
.H[baij] += dI314256[caklij] T[bckl]
.R[abij] -= 0.5*H[acik] T[bcjk]
.R[baij] += 0.5*H[acik] T[bcjk]
.R[abji] += 0.5*H[acik] T[bcjk]
.R[baji] -= 0.5*H[acik] T[bcjk]
.I[aAiI] += dI314256[bAjkiI] T[abjk]
.R[abij] -= 0.5*I[aAiI] T[bAjI]
.R[baij] += 0.5*I[aAiI] T[bAjI]
.R[abji] += 0.5*I[aAiI] T[bAjI]
.R[baji] -= 0.5*I[aAiI] T[bAjI]
.J[ab] += dI125364[cdabij] T[cdij]
.R[abij] += 0.25*J[ac] T[bcij]
.R[baij] -= 0.25*J[ac] T[bcij]
.K[ab] += dI125364[cAabiI] T[cAiI]
.R[abij] += K[ac] T[bcij]
.R[baij] -= K[ac] T[bcij]
.L[abji] += dI125364[cbadki] T[cdjk]
.R[abij] += 0.5*L[acik] T[bcjk]
.R[baij] -= 0.5*L[acik] T[bcjk]
.R[abji] -= 0.5*L[acik] T[bcjk]
.R[baji] += 0.5*L[acik] T[bcjk]
.M[aAiI] += dI125364[bAacjI] T[bcij]
.R[abij] += 0.5*M[aAiI] T[bAjI]
.R[baij] -= 0.5*M[aAiI] T[bAjI]
.R[abji] -= 0.5*M[aAiI] T[bAjI]
.R[baji] += 0.5*M[aAiI] T[bAjI]
.N[abji] += dI125364[bdacik] T[cdjk]
.R[abij] -= 0.5*N[acik] T[bcjk]
.R[baij] += 0.5*N[acik] T[bcjk]
.R[abji] += 0.5*N[acik] T[bcjk]
.R[baji] -= 0.5*N[acik] T[bcjk]
.O[abji] += dI125364[bAaciI] T[cAjI]
.R[abij] -= O[acik] T[bcjk]
.R[baij] += O[acik] T[bcjk]
.R[abji] += O[acik] T[bcjk]
.R[baji] -= O[acik] T[bcjk]
.P[ab] += dI125364[ABabIJ] T[ABIJ]
.R[abij] += 0.25*P[ac] T[bcij]
.R[baij] -= 0.25*P[ac] T[bcij]
.Q[aAiI] += dI125364[BAabJI] T[bBiJ]
.R[abij] -= Q[aAiI] T[bAjI]
.R[baij] += Q[aAiI] T[bAjI]
.R[abji] += Q[aAiI] T[bAjI]
.R[baji] -= Q[aAiI] T[bAjI]
.U[aAiI] += dI125364[AcabIj] T[bcij]
.R[abij] -= 0.5*U[aAiI] T[bAjI]
.R[baij] += 0.5*U[aAiI] T[bAjI]
.R[abji] += 0.5*U[aAiI] T[bAjI]
.R[baji] -= 0.5*U[aAiI] T[bAjI]
.V[ij] += dI314256[bakilj] T[abkl]
.R[abij] += 0.5*V[ik] T[abjk]
.R[abji] -= 0.5*V[ik] T[abjk]
.R[baij] += 0.5*dI314256[cakilj] T[bckl]
.R[abij] -= 0.5*dI314256[cakilj] T[bckl]
.R[baij] -= 0.5*dI314256[cakjli] T[bckl]
.R[abij] += 0.5*dI314256[cakjli] T[bckl]
.R[baij] -= 0.5*dI314256[caklij] T[bckl]
.R[abij] += 0.5*dI314256[caklij] T[bckl]
.R[baij] += 0.5*dI314256[caklji] T[bckl]
.R[abij] -= 0.5*dI314256[caklji] T[bckl]
.W[baij] += dI314256[ackilj] T[bckl]
.R[abij] -= 0.5*W[acik] T[bcjk]
.R[baij] += 0.5*W[acik] T[bcjk]
.R[abji] += 0.5*W[acik] T[bcjk]
.R[baji] -= 0.5*W[acik] T[bcjk]
.X[iljk] += dI314256[abjikm] T[ablm]
.R[abij] -= 0.25*X[ijkl] T[abkl]
.R[abij] += 0.25*X[ijkl] T[bakl]
.Y[lijk] += dI314256[abjikm] T[ablm]
.R[abij] += 0.25*Y[ijkl] T[abkl]
.R[abij] -= 0.25*Y[ijkl] T[bakl]
.Z[iljk] += dI314256[aAjikI] T[aAlI]
.R[abij] -= 0.5*Z[ijkl] T[abkl]
.R[abij] += 0.5*Z[ijkl] T[bakl]
.AA[lijk] += dI314256[aAjikI] T[aAlI]
.R[abij] += 0.5*AA[ijkl] T[abkl]
.R[abij] -= 0.5*AA[ijkl] T[bakl]
.AB[iljk] += dI314256[bajikm] T[ablm]
.R[abij] += 0.25*AB[ijkl] T[abkl]
.R[abij] -= 0.25*AB[ijkl] T[bakl]
.AC[lijk] += dI314256[bajikm] T[ablm]
.R[abij] -= 0.25*AC[ijkl] T[abkl]
.R[abij] += 0.25*AC[ijkl] T[bakl]
.AD[ij] += dI314256[AakiIj] T[aAkI]
.R[abij] += AD[ik] T[abjk]
.R[abji] -= AD[ik] T[abjk]
.R[baij] += dI314256[AakiIj] T[bAkI]
.R[abij] -= dI314256[AakiIj] T[bAkI]
.R[baij] -= dI314256[AakjIi] T[bAkI]
.R[abij] += dI314256[AakjIi] T[bAkI]
.AE[aAiI] += dI314256[ABjiJI] T[aBjJ]
.R[abij] -= AE[aAiI] T[bAjI]
.R[baij] += AE[aAiI] T[bAjI]
.R[abji] += AE[aAiI] T[bAjI]
.R[baji] -= AE[aAiI] T[bAjI]
.AF[baij] += dI314256[acjikl] T[bckl]
.R[abij] -= 0.5*AF[acik] T[bcjk]
.R[baij] += 0.5*AF[acik] T[bcjk]
.R[abji] += 0.5*AF[acik] T[bcjk]
.R[baji] -= 0.5*AF[acik] T[bcjk]
.AG[baij] += dI314256[aAjikI] T[bAkI]
.R[abij] -= AG[acik] T[bcjk]
.R[baij] += AG[acik] T[bcjk]
.R[abji] += AG[acik] T[bcjk]
.R[baji] -= AG[acik] T[bcjk]
.AH[baij] += dI314256[cajikl] T[bckl]
.R[abij] += 0.5*AH[acik] T[bcjk]
.R[baij] -= 0.5*AH[acik] T[bcjk]
.R[abji] -= 0.5*AH[acik] T[bcjk]
.R[baji] += 0.5*AH[acik] T[bcjk]
.AI[ij] += dI314256[bajikl] T[abkl]
.R[abij] += 0.25*AI[ik] T[abjk]
.R[abji] -= 0.25*AI[ik] T[abjk]
.AJ[ij] += dI314256[BAjiIJ] T[ABIJ]
.R[abij] += 0.25*AJ[ik] T[abjk]
.R[abji] -= 0.25*AJ[ik] T[abjk]
.AK[ab] += dI125364[cbadij] T[cdij]
.R[abij] -= 0.5*AK[ac] T[bcij]
.R[baij] += 0.5*AK[ac] T[bcij]
.AL[adbc] += dI125364[ebacij] T[deij]
.R[abij] += 0.25*AL[abcd] T[cdij]
.R[abij] -= 0.25*AL[abcd] T[cdji]
.AM[dabc] += dI125364[ebacij] T[deij]
.R[abij] -= 0.25*AM[abcd] T[cdij]
.R[abij] += 0.25*AM[abcd] T[cdji]
.AN[abji] += dI125364[cdabki] T[cdjk]
.R[abij] -= 0.5*AN[acik] T[bcjk]
.R[baij] += 0.5*AN[acik] T[bcjk]
.R[abji] += 0.5*AN[acik] T[bcjk]
.R[baji] -= 0.5*AN[acik] T[bcjk]
.R[abij] += 0.5*dI125364[cabdki] T[cdjk]
.R[abij] -= 0.5*dI125364[cbadki] T[cdjk]
.R[abji] -= 0.5*dI125364[cabdki] T[cdjk]
.R[abji] += 0.5*dI125364[cbadki] T[cdjk]
.R[abij] -= 0.5*dI125364[dabcki] T[cdjk]
.R[abij] += 0.5*dI125364[dbacki] T[cdjk]
.R[abji] += 0.5*dI125364[dabcki] T[cdjk]
.R[abji] -= 0.5*dI125364[dbacki] T[cdjk]
.AO[ab] += dI125364[dcabij] T[cdij]
.R[abij] -= 0.25*AO[ac] T[bcij]
.R[baij] += 0.25*AO[ac] T[bcij]
.AP[baij] += dI314256[acklij] T[bckl]
.R[abij] += 0.5*AP[acik] T[bcjk]
.R[baij] -= 0.5*AP[acik] T[bcjk]
.R[abji] -= 0.5*AP[acik] T[bcjk]
.R[baji] += 0.5*AP[acik] T[bcjk]
.AQ[adbc] += dI125364[beacij] T[deij]
.R[abij] -= 0.25*AQ[abcd] T[cdij]
.R[abij] += 0.25*AQ[abcd] T[cdji]
.AU[dabc] += dI125364[beacij] T[deij]
.R[abij] += 0.25*AU[abcd] T[cdij]
.R[abij] -= 0.25*AU[abcd] T[cdji]
.AV[adbc] += dI125364[bAaciI] T[dAiI]
.R[abij] -= 0.5*AV[abcd] T[cdij]
.R[abij] += 0.5*AV[abcd] T[cdji]
.AW[dabc] += dI125364[bAaciI] T[dAiI]
.R[abij] += 0.5*AW[abcd] T[cdij]
.R[abij] -= 0.5*AW[abcd] T[cdji]
.AX[abji] += dI125364[bcadki] T[cdjk]
.R[abij] -= 0.5*AX[acik] T[bcjk]
.R[baij] += 0.5*AX[acik] T[bcjk]
.R[abji] += 0.5*AX[acik] T[bcjk]
.R[baji] -= 0.5*AX[acik] T[bcjk]
.AY[abji] += dI125364[cdabik] T[cdjk]
.R[abij] += 0.5*AY[acik] T[bcjk]
.R[baij] -= 0.5*AY[acik] T[bcjk]
.R[abji] -= 0.5*AY[acik] T[bcjk]
.R[baji] += 0.5*AY[acik] T[bcjk]
.AZ[abji] += dI125364[cAabiI] T[cAjI]
.R[abij] += AZ[acik] T[bcjk]
.R[baij] -= AZ[acik] T[bcjk]
.R[abji] -= AZ[acik] T[bcjk]
.R[baji] += AZ[acik] T[bcjk]
.BA[abji] += dI125364[dbacik] T[cdjk]
.R[abij] += 0.5*BA[acik] T[bcjk]
.R[baij] -= 0.5*BA[acik] T[bcjk]
.R[abji] -= 0.5*BA[acik] T[bcjk]
.R[baji] += 0.5*BA[acik] T[bcjk]
.BB[ab] += dI125364[AbacIi] T[cAiI]
.R[abij] -= BB[ac] T[bcij]
.R[baij] += BB[ac] T[bcij]
.R[abij] -= dI125364[AabcIi] T[cAjI]
.R[abij] += dI125364[AbacIi] T[cAjI]
.R[abji] += dI125364[AabcIi] T[cAjI]
.R[abji] -= dI125364[AbacIi] T[cAjI]
.BC[ab] += dI125364[BAabIJ] T[ABIJ]
.R[abij] -= 0.25*BC[ac] T[bcij]
.R[baij] += 0.25*BC[ac] T[bcij]
.BD[aAiI] += dI125364[ABabJI] T[bBiJ]
.R[abij] += BD[aAiI] T[bAjI]
.R[baij] -= BD[aAiI] T[bAjI]
.R[abji] -= BD[aAiI] T[bAjI]
.R[baji] += BD[aAiI] T[bAjI]
.R[abij] += 0.5*dI123456[ackilj] T[bckl]
.R[baij] -= 0.5*dI123456[ackilj] T[bckl]
.R[abij] -= 0.5*dI123456[ackjli] T[bckl]
.R[baij] += 0.5*dI123456[ackjli] T[bckl]
.BE[ij] += dI314256[abkilj] T[abkl]
.R[abij] -= 0.5*BE[ik] T[abjk]
.R[abji] += 0.5*BE[ik] T[abjk]
.BF[iljk] += dI314256[abmijk] T[ablm]
.R[abij] -= 0.25*BF[ijkl] T[abkl]
.R[abij] += 0.25*BF[ijkl] T[bakl]
.BG[lijk] += dI314256[abmijk] T[ablm]
.R[abij] += 0.25*BG[ijkl] T[abkl]
.R[abij] -= 0.25*BG[ijkl] T[bakl]
.R[abij] -= 0.5*dI123456[acbdki] T[cdjk]
.R[abij] += 0.5*dI123456[bcadki] T[cdjk]
.R[abji] += 0.5*dI123456[acbdki] T[cdjk]
.R[abji] -= 0.5*dI123456[bcadki] T[cdjk]
.BH[ab] += dI125364[dbacij] T[cdij]
.R[abij] += 0.5*BH[ac] T[bcij]
.R[baij] -= 0.5*BH[ac] T[bcij]
.BI[adbc] += dI125364[bcaeij] T[deij]
.R[abij] += 0.25*BI[abcd] T[cdij]
.R[abij] -= 0.25*BI[abcd] T[cdji]
.BJ[dabc] += dI125364[bcaeij] T[deij]
.R[abij] -= 0.25*BJ[abcd] T[cdij]
.R[abij] += 0.25*BJ[abcd] T[cdji]
.BK[AB] += dI125364[abABij] T[abij]
.R[ABIJ] += 0.25*BK[AC] T[BCIJ]
.R[BAIJ] -= 0.25*BK[AC] T[BCIJ]
.BL[aAiI] += dI314256[bajJIi] T[bAjJ]
.R[ABIJ] += BL[aAiI] T[aBiJ]
.R[BAIJ] -= BL[aAiI] T[aBiJ]
.R[ABJI] -= BL[aAiI] T[aBiJ]
.R[BAJI] += BL[aAiI] T[aBiJ]
.BM[BAIJ] += dI314256[aAiKIJ] T[aBiK]
.R[ABIJ] += BM[ACIK] T[BCJK]
.R[BAIJ] -= BM[ACIK] T[BCJK]
.R[ABJI] -= BM[ACIK] T[BCJK]
.R[BAJI] += BM[ACIK] T[BCJK]
.BN[AB] += dI125364[aCABiI] T[aCiI]
.R[ABIJ] += BN[AC] T[BCIJ]
.R[BAIJ] -= BN[AC] T[BCIJ]
.BO[aAiI] += dI125364[baABji] T[bBjI]
.R[ABIJ] -= BO[aAiI] T[aBiJ]
.R[BAIJ] += BO[aAiI] T[aBiJ]
.R[ABJI] += BO[aAiI] T[aBiJ]
.R[BAJI] -= BO[aAiI] T[aBiJ]
.BP[ABJI] += dI125364[aBACiI] T[aCiJ]
.R[ABIJ] -= BP[ACIK] T[BCJK]
.R[BAIJ] += BP[ACIK] T[BCJK]
.R[ABJI] += BP[ACIK] T[BCJK]
.R[BAJI] -= BP[ACIK] T[BCJK]
.BQ[aAiI] += dI125364[aCABiJ] T[BCIJ]
.R[ABIJ] -= 0.5*BQ[aAiI] T[aBiJ]
.R[BAIJ] += 0.5*BQ[aAiI] T[aBiJ]
.R[ABJI] += 0.5*BQ[aAiI] T[aBiJ]
.R[BAJI] -= 0.5*BQ[aAiI] T[aBiJ]
.BU[aAiI] += dI314256[BaJIKi] T[ABJK]
.R[ABIJ] += 0.5*BU[aAiI] T[aBiJ]
.R[BAIJ] -= 0.5*BU[aAiI] T[aBiJ]
.R[ABJI] -= 0.5*BU[aAiI] T[aBiJ]
.R[BAJI] += 0.5*BU[aAiI] T[aBiJ]
.BV[BAIJ] += dI314256[CAKILJ] T[BCKL]
.R[ABIJ] += 0.5*BV[ACIK] T[BCJK]
.R[BAIJ] -= 0.5*BV[ACIK] T[BCJK]
.R[ABJI] -= 0.5*BV[ACIK] T[BCJK]
.R[BAJI] += 0.5*BV[ACIK] T[BCJK]
.BW[IJ] += dI314256[abJIij] T[abij]
.R[ABIJ] -= 0.25*BW[IK] T[ABJK]
.R[ABJI] += 0.25*BW[IK] T[ABJK]
.BX[IJ] += dI314256[aAJIiK] T[aAiK]
.R[ABIJ] -= BX[IK] T[ABJK]
.R[ABJI] += BX[IK] T[ABJK]
.BY[IJ] += dI314256[ABJIKL] T[ABKL]
.R[ABIJ] -= 0.25*BY[IK] T[ABJK]
.R[ABJI] += 0.25*BY[IK] T[ABJK]
.BZ[aAiI] += dI314256[BaJKIi] T[ABJK]
.R[ABIJ] -= 0.5*BZ[aAiI] T[aBiJ]
.R[BAIJ] += 0.5*BZ[aAiI] T[aBiJ]
.R[ABJI] += 0.5*BZ[aAiI] T[aBiJ]
.R[BAJI] -= 0.5*BZ[aAiI] T[aBiJ]
.CA[BAIJ] += dI314256[CAKLIJ] T[BCKL]
.R[ABIJ] -= 0.5*CA[ACIK] T[BCJK]
.R[BAIJ] += 0.5*CA[ACIK] T[BCJK]
.R[ABJI] += 0.5*CA[ACIK] T[BCJK]
.R[BAJI] -= 0.5*CA[ACIK] T[BCJK]
.CB[AB] += dI125364[CDABIJ] T[CDIJ]
.R[ABIJ] += 0.25*CB[AC] T[BCIJ]
.R[BAIJ] -= 0.25*CB[AC] T[BCIJ]
.CC[aAiI] += dI125364[BaACJi] T[BCIJ]
.R[ABIJ] += 0.5*CC[aAiI] T[aBiJ]
.R[BAIJ] -= 0.5*CC[aAiI] T[aBiJ]
.R[ABJI] -= 0.5*CC[aAiI] T[aBiJ]
.R[BAJI] += 0.5*CC[aAiI] T[aBiJ]
.CD[ABJI] += dI125364[CBADKI] T[CDJK]
.R[ABIJ] += 0.5*CD[ACIK] T[BCJK]
.R[BAIJ] -= 0.5*CD[ACIK] T[BCJK]
.R[ABJI] -= 0.5*CD[ACIK] T[BCJK]
.R[BAJI] += 0.5*CD[ACIK] T[BCJK]
.CE[ABJI] += dI125364[BDACIK] T[CDJK]
.R[ABIJ] -= 0.5*CE[ACIK] T[BCJK]
.R[BAIJ] += 0.5*CE[ACIK] T[BCJK]
.R[ABJI] += 0.5*CE[ACIK] T[BCJK]
.R[BAJI] -= 0.5*CE[ACIK] T[BCJK]
.R[BAIJ] += dI314256[aAiKIJ] T[aBiK]
.R[ABIJ] -= dI314256[aAiKIJ] T[aBiK]
.R[BAIJ] -= dI314256[aAiKJI] T[aBiK]
.R[ABIJ] += dI314256[aAiKJI] T[aBiK]
.CF[AB] += dI125364[aBACiI] T[aCiI]
.R[ABIJ] -= CF[AC] T[BCIJ]
.R[BAIJ] += CF[AC] T[BCIJ]
.CG[ADBC] += dI125364[aBACiI] T[aDiI]
.R[ABIJ] -= 0.5*CG[ABCD] T[CDIJ]
.R[ABIJ] += 0.5*CG[ABCD] T[CDJI]
.CH[DABC] += dI125364[aBACiI] T[aDiI]
.R[ABIJ] += 0.5*CH[ABCD] T[CDIJ]
.R[ABIJ] -= 0.5*CH[ABCD] T[CDJI]
.CI[ABJI] += dI125364[aCABiI] T[aCiJ]
.R[ABIJ] += CI[ACIK] T[BCJK]
.R[BAIJ] -= CI[ACIK] T[BCJK]
.R[ABJI] -= CI[ACIK] T[BCJK]
.R[BAJI] += CI[ACIK] T[BCJK]
.R[ABIJ] -= dI125364[aABCiI] T[aCiJ]
.R[ABIJ] += dI125364[aBACiI] T[aCiJ]
.R[ABJI] += dI125364[aABCiI] T[aCiJ]
.R[ABJI] -= dI125364[aBACiI] T[aCiJ]
.CJ[AB] += dI125364[baABij] T[abij]
.R[ABIJ] -= 0.25*CJ[AC] T[BCIJ]
.R[BAIJ] += 0.25*CJ[AC] T[BCIJ]
.CK[aAiI] += dI314256[abjJIi] T[bAjJ]
.R[ABIJ] -= CK[aAiI] T[aBiJ]
.R[BAIJ] += CK[aAiI] T[aBiJ]
.R[ABJI] += CK[aAiI] T[aBiJ]
.R[BAJI] -= CK[aAiI] T[aBiJ]
.CL[aAiI] += dI125364[abABji] T[bBjI]
.R[ABIJ] += CL[aAiI] T[aBiJ]
.R[BAIJ] -= CL[aAiI] T[aBiJ]
.R[ABJI] -= CL[aAiI] T[aBiJ]
.R[BAJI] += CL[aAiI] T[aBiJ]
.CM[IJ] += dI314256[aAKIiJ] T[aAiK]
.R[ABIJ] += CM[IK] T[ABJK]
.R[ABJI] -= CM[IK] T[ABJK]
.CN[IJ] += dI314256[BAKILJ] T[ABKL]
.R[ABIJ] += 0.5*CN[IK] T[ABJK]
.R[ABJI] -= 0.5*CN[IK] T[ABJK]
.R[BAIJ] += 0.5*dI314256[CAKILJ] T[BCKL]
.R[ABIJ] -= 0.5*dI314256[CAKILJ] T[BCKL]
.R[BAIJ] -= 0.5*dI314256[CAKJLI] T[BCKL]
.R[ABIJ] += 0.5*dI314256[CAKJLI] T[BCKL]
.R[BAIJ] -= 0.5*dI314256[CAKLIJ] T[BCKL]
.R[ABIJ] += 0.5*dI314256[CAKLIJ] T[BCKL]
.R[BAIJ] += 0.5*dI314256[CAKLJI] T[BCKL]
.R[ABIJ] -= 0.5*dI314256[CAKLJI] T[BCKL]
.CO[BAIJ] += dI314256[ACKILJ] T[BCKL]
.R[ABIJ] -= 0.5*CO[ACIK] T[BCJK]
.R[BAIJ] += 0.5*CO[ACIK] T[BCJK]
.R[ABJI] += 0.5*CO[ACIK] T[BCJK]
.R[BAJI] -= 0.5*CO[ACIK] T[BCJK]
.CP[ILJK] += dI314256[AaJIKi] T[aAiL]
.R[ABIJ] -= 0.5*CP[IJKL] T[ABKL]
.R[ABIJ] += 0.5*CP[IJKL] T[BAKL]
.CQ[LIJK] += dI314256[AaJIKi] T[aAiL]
.R[ABIJ] += 0.5*CQ[IJKL] T[ABKL]
.R[ABIJ] -= 0.5*CQ[IJKL] T[BAKL]
.CU[ILJK] += dI314256[ABJIKM] T[ABLM]
.R[ABIJ] -= 0.25*CU[IJKL] T[ABKL]
.R[ABIJ] += 0.25*CU[IJKL] T[BAKL]
.CV[LIJK] += dI314256[ABJIKM] T[ABLM]
.R[ABIJ] += 0.25*CV[IJKL] T[ABKL]
.R[ABIJ] -= 0.25*CV[IJKL] T[BAKL]
.CW[ILJK] += dI314256[BAJIKM] T[ABLM]
.R[ABIJ] += 0.25*CW[IJKL] T[ABKL]
.R[ABIJ] -= 0.25*CW[IJKL] T[BAKL]
.CX[LIJK] += dI314256[BAJIKM] T[ABLM]
.R[ABIJ] -= 0.25*CX[IJKL] T[ABKL]
.R[ABIJ] += 0.25*CX[IJKL] T[BAKL]
.CY[BAIJ] += dI314256[aAJIiK] T[aBiK]
.R[ABIJ] -= CY[ACIK] T[BCJK]
.R[BAIJ] += CY[ACIK] T[BCJK]
.R[ABJI] += CY[ACIK] T[BCJK]
.R[BAJI] -= CY[ACIK] T[BCJK]
.CZ[IJ] += dI314256[baJIij] T[abij]
.R[ABIJ] += 0.25*CZ[IK] T[ABJK]
.R[ABJI] -= 0.25*CZ[IK] T[ABJK]
.DA[BAIJ] += dI314256[ACJIKL] T[BCKL]
.R[ABIJ] -= 0.5*DA[ACIK] T[BCJK]
.R[BAIJ] += 0.5*DA[ACIK] T[BCJK]
.R[ABJI] += 0.5*DA[ACIK] T[BCJK]
.R[BAJI] -= 0.5*DA[ACIK] T[BCJK]
.DB[BAIJ] += dI314256[CAJIKL] T[BCKL]
.R[ABIJ] += 0.5*DB[ACIK] T[BCJK]
.R[BAIJ] -= 0.5*DB[ACIK] T[BCJK]
.R[ABJI] -= 0.5*DB[ACIK] T[BCJK]
.R[BAJI] += 0.5*DB[ACIK] T[BCJK]
.DC[IJ] += dI314256[BAJIKL] T[ABKL]
.R[ABIJ] += 0.25*DC[IK] T[ABJK]
.R[ABJI] -= 0.25*DC[IK] T[ABJK]
.DD[AB] += dI125364[CBADIJ] T[CDIJ]
.R[ABIJ] -= 0.5*DD[AC] T[BCIJ]
.R[BAIJ] += 0.5*DD[AC] T[BCIJ]
.DE[ADBC] += dI125364[EBACIJ] T[DEIJ]
.R[ABIJ] += 0.25*DE[ABCD] T[CDIJ]
.R[ABIJ] -= 0.25*DE[ABCD] T[CDJI]
.DF[DABC] += dI125364[EBACIJ] T[DEIJ]
.R[ABIJ] -= 0.25*DF[ABCD] T[CDIJ]
.R[ABIJ] += 0.25*DF[ABCD] T[CDJI]
.DG[ABJI] += dI125364[CDABKI] T[CDJK]
.R[ABIJ] -= 0.5*DG[ACIK] T[BCJK]
.R[BAIJ] += 0.5*DG[ACIK] T[BCJK]
.R[ABJI] += 0.5*DG[ACIK] T[BCJK]
.R[BAJI] -= 0.5*DG[ACIK] T[BCJK]
.R[ABIJ] += 0.5*dI125364[CABDKI] T[CDJK]
.R[ABIJ] -= 0.5*dI125364[CBADKI] T[CDJK]
.R[ABJI] -= 0.5*dI125364[CABDKI] T[CDJK]
.R[ABJI] += 0.5*dI125364[CBADKI] T[CDJK]
.R[ABIJ] -= 0.5*dI125364[DABCKI] T[CDJK]
.R[ABIJ] += 0.5*dI125364[DBACKI] T[CDJK]
.R[ABJI] += 0.5*dI125364[DABCKI] T[CDJK]
.R[ABJI] -= 0.5*dI125364[DBACKI] T[CDJK]
.DH[AB] += dI125364[DCABIJ] T[CDIJ]
.R[ABIJ] -= 0.25*DH[AC] T[BCIJ]
.R[BAIJ] += 0.25*DH[AC] T[BCIJ]
.DI[BAIJ] += dI314256[ACKLIJ] T[BCKL]
.R[ABIJ] += 0.5*DI[ACIK] T[BCJK]
.R[BAIJ] -= 0.5*DI[ACIK] T[BCJK]
.R[ABJI] -= 0.5*DI[ACIK] T[BCJK]
.R[BAJI] += 0.5*DI[ACIK] T[BCJK]
.DJ[ADBC] += dI125364[BEACIJ] T[DEIJ]
.R[ABIJ] -= 0.25*DJ[ABCD] T[CDIJ]
.R[ABIJ] += 0.25*DJ[ABCD] T[CDJI]
.DK[DABC] += dI125364[BEACIJ] T[DEIJ]
.R[ABIJ] += 0.25*DK[ABCD] T[CDIJ]
.R[ABIJ] -= 0.25*DK[ABCD] T[CDJI]
.DL[ABJI] += dI125364[BCADKI] T[CDJK]
.R[ABIJ] -= 0.5*DL[ACIK] T[BCJK]
.R[BAIJ] += 0.5*DL[ACIK] T[BCJK]
.R[ABJI] += 0.5*DL[ACIK] T[BCJK]
.R[BAJI] -= 0.5*DL[ACIK] T[BCJK]
.DM[ABJI] += dI125364[CDABIK] T[CDJK]
.R[ABIJ] += 0.5*DM[ACIK] T[BCJK]
.R[BAIJ] -= 0.5*DM[ACIK] T[BCJK]
.R[ABJI] -= 0.5*DM[ACIK] T[BCJK]
.R[BAJI] += 0.5*DM[ACIK] T[BCJK]
.DN[ABJI] += dI125364[DBACIK] T[CDJK]
.R[ABIJ] += 0.5*DN[ACIK] T[BCJK]
.R[BAIJ] -= 0.5*DN[ACIK] T[BCJK]
.R[ABJI] -= 0.5*DN[ACIK] T[BCJK]
.R[BAJI] += 0.5*DN[ACIK] T[BCJK]
.R[ABIJ] += 0.5*dI123456[ACKILJ] T[BCKL]
.R[BAIJ] -= 0.5*dI123456[ACKILJ] T[BCKL]
.R[ABIJ] -= 0.5*dI123456[ACKJLI] T[BCKL]
.R[BAIJ] += 0.5*dI123456[ACKJLI] T[BCKL]
.DO[IJ] += dI314256[ABKILJ] T[ABKL]
.R[ABIJ] -= 0.5*DO[IK] T[ABJK]
.R[ABJI] += 0.5*DO[IK] T[ABJK]
.DP[ILJK] += dI314256[ABMIJK] T[ABLM]
.R[ABIJ] -= 0.25*DP[IJKL] T[ABKL]
.R[ABIJ] += 0.25*DP[IJKL] T[BAKL]
.DQ[LIJK] += dI314256[ABMIJK] T[ABLM]
.R[ABIJ] += 0.25*DQ[IJKL] T[ABKL]
.R[ABIJ] -= 0.25*DQ[IJKL] T[BAKL]
.R[ABIJ] -= 0.5*dI123456[ACBDKI] T[CDJK]
.R[ABIJ] += 0.5*dI123456[BCADKI] T[CDJK]
.R[ABJI] += 0.5*dI123456[ACBDKI] T[CDJK]
.R[ABJI] -= 0.5*dI123456[BCADKI] T[CDJK]
.DU[AB] += dI125364[DBACIJ] T[CDIJ]
.R[ABIJ] += 0.5*DU[AC] T[BCIJ]
.R[BAIJ] -= 0.5*DU[AC] T[BCIJ]
.DV[ADBC] += dI125364[BCAEIJ] T[DEIJ]
.R[ABIJ] += 0.25*DV[ABCD] T[CDIJ]
.R[ABIJ] -= 0.25*DV[ABCD] T[CDJI]
.DW[DABC] += dI125364[BCAEIJ] T[DEIJ]
.R[ABIJ] -= 0.25*DW[ABCD] T[CDIJ]
.R[ABIJ] += 0.25*DW[ABCD] T[CDJI]
.R[aAiI] += 0.5*A[abij] T[bAjI]
.R[aAiI] += 0.5*B[aBiJ] T[ABIJ]
.R[aAiI] += C[abij] T[bAjI]
.R[aAiI] += D[aBiJ] T[ABIJ]
.R[aAiI] += 0.25*E[ij] T[aAjI]
.R[aAiI] += F[ij] T[aAjI]
.R[aAiI] += 0.25*G[ij] T[aAjI]
.R[aAiI] -= 0.5*H[abij] T[bAjI]
.R[aAiI] -= 0.5*I[aBiJ] T[ABIJ]
.R[aAiI] -= 0.25*J[ab] T[bAiI]
.R[aAiI] -= K[ab] T[bAiI]
.R[aAiI] += 0.5*L[abij] T[bAjI]
.R[aAiI] += 0.5*M[aBiJ] T[ABIJ]
.R[aAiI] -= 0.5*N[abij] T[bAjI]
.R[aAiI] -= O[abij] T[bAjI]
.R[aAiI] -= 0.25*P[ab] T[bAiI]
.R[aAiI] -= Q[aBiJ] T[ABIJ]
.R[aAiI] -= 0.5*U[aBiJ] T[ABIJ]
.R[aAiI] -= 0.25*BK[AB] T[aBiI]
.R[aAiI] -= BN[AB] T[aBiI]
.R[aAiI] -= 0.25*CB[AB] T[aBiI]
.R[aAiI] += 0.25*BW[IJ] T[aAiJ]
.R[aAiI] += BX[IJ] T[aAiJ]
.R[aAiI] += 0.25*BY[IJ] T[aAiJ]
.R[aAiI] += BL[bAjI] T[abij]
.R[aAiI] += BM[ABIJ] T[aBiJ]
.R[aAiI] -= BO[bAjI] T[abij]
.R[aAiI] -= BP[ABIJ] T[aBiJ]
.R[aAiI] -= 0.5*BQ[bAjI] T[abij]
.R[aAiI] += 0.5*BU[bAjI] T[abij]
.R[aAiI] += 0.5*BV[ABIJ] T[aBiJ]
.R[aAiI] -= 0.5*BZ[bAjI] T[abij]
.R[aAiI] -= 0.5*CA[ABIJ] T[aBiJ]
.R[aAiI] += 0.5*CC[bAjI] T[abij]
.R[aAiI] += 0.5*CD[ABIJ] T[aBiJ]
.R[aAiI] -= 0.5*CE[ABIJ] T[aBiJ]
.R[aAiI] -= 0.5*V[ij] T[aAjI]
.R[aAiI] += 0.5*dI314256[bAjikI] T[abjk]
.R[aAiI] -= 0.5*dI314256[bAjkiI] T[abjk]
.R[aAiI] -= 0.5*W[abij] T[bAjI]
.R[aAiI] -= AD[ij] T[aAjI]
.R[aAiI] += dI314256[BAjiJI] T[aBjJ]
.R[aAiI] -= AE[aBiJ] T[ABIJ]
.DX[ijJI] += dI314256[AajiIk] T[aAkJ]
.R[aAiI] -= DX[ijIJ] T[aAjJ]
.DY[ijJI] += dI314256[ABjiIK] T[ABJK]
.R[aAiI] -= 0.5*DY[ijIJ] T[aAjJ]
.DZ[ijJI] += dI314256[BAjiIK] T[ABJK]
.R[aAiI] += 0.5*DZ[ijIJ] T[aAjJ]
.R[aAiI] -= 0.5*AF[abij] T[bAjI]
.R[aAiI] -= AG[abij] T[bAjI]
.R[aAiI] += 0.5*AH[abij] T[bAjI]
.R[aAiI] -= 0.25*AI[ij] T[aAjI]
.R[aAiI] -= 0.25*AJ[ij] T[aAjI]
.R[aAiI] += 0.5*AK[ab] T[bAiI]
.EA[abBA] += dI125364[cAabiI] T[cBiI]
.R[aAiI] += EA[abAB] T[bBiI]
.R[aAiI] -= 0.5*AN[abij] T[bAjI]
.R[aAiI] -= dI125364[baABji] T[bBjI]
.R[aAiI] += 0.25*AO[ab] T[bAiI]
.R[aAiI] += 0.5*AP[abij] T[bAjI]
.R[aAiI] -= 0.5*AX[abij] T[bAjI]
.R[aAiI] += 0.5*AY[abij] T[bAjI]
.R[aAiI] += AZ[abij] T[bAjI]
.R[aAiI] += 0.5*BA[abij] T[bAjI]
.R[aAiI] += BB[ab] T[bAiI]
.EB[abBA] += dI125364[CAabIJ] T[BCIJ]
.R[aAiI] -= 0.5*EB[abAB] T[bBiI]
.R[aAiI] += 0.5*dI125364[BaACJi] T[BCIJ]
.R[aAiI] -= 0.5*dI125364[CaABJi] T[BCIJ]
.R[aAiI] += 0.25*BC[ab] T[bAiI]
.EC[abBA] += dI125364[ACabIJ] T[BCIJ]
.R[aAiI] += 0.5*EC[abAB] T[bBiI]
.R[aAiI] += BD[aBiJ] T[ABIJ]
.ED[BAij] += dI314256[AakiIj] T[aBkI]
.R[aAiI] += ED[ABij] T[aBjI]
.EE[BAij] += dI314256[aAjikI] T[aBkI]
.R[aAiI] -= EE[ABij] T[aBjI]
.EF[BAij] += dI314256[ACjiIJ] T[BCIJ]
.R[aAiI] -= 0.5*EF[ABij] T[aBjI]
.EG[BAij] += dI314256[CAjiIJ] T[BCIJ]
.R[aAiI] += 0.5*EG[ABij] T[aBjI]
.EH[baAB] += dI125364[caABij] T[bcij]
.R[aAiI] -= 0.5*EH[abAB] T[bBiI]
.R[aAiI] += CF[AB] T[aBiI]
.EI[ABji] += dI125364[abABki] T[abjk]
.R[aAiI] -= 0.5*EI[ABij] T[aBjI]
.R[aAiI] += 0.25*CJ[AB] T[aBiI]
.EJ[baAB] += dI125364[acABij] T[bcij]
.R[aAiI] += 0.5*EJ[abAB] T[bBiI]
.EK[baAB] += dI125364[aCABiI] T[bCiI]
.R[aAiI] += EK[abAB] T[bBiI]
.EL[ABji] += dI125364[abABik] T[abjk]
.R[aAiI] += 0.5*EL[ABij] T[aBjI]
.EM[ABji] += dI125364[aCABiI] T[aCjI]
.R[aAiI] += EM[ABij] T[aBjI]
.EN[ABji] += dI125364[aBACiI] T[aCjI]
.R[aAiI] -= EN[ABij] T[aBjI]
.R[aAiI] += 0.5*DD[AB] T[aBiI]
.R[aAiI] += 0.25*DH[AB] T[aBiI]
.EO[abJI] += dI125364[cAabiI] T[cAiJ]
.R[aAiI] += EO[abIJ] T[bAiJ]
.EP[baIJ] += dI314256[aAiKIJ] T[bAiK]
.R[aAiI] += EP[abIJ] T[bAiJ]
.EQ[abJI] += dI125364[bAaciI] T[cAiJ]
.R[aAiI] -= EQ[abIJ] T[bAiJ]
.R[aAiI] -= CM[IJ] T[aAiJ]
.EU[jiIJ] += dI314256[abJIik] T[abjk]
.R[aAiI] -= 0.5*EU[ijIJ] T[aAjJ]
.EV[jiIJ] += dI314256[aAJIiK] T[aAjK]
.R[aAiI] -= EV[ijIJ] T[aAjJ]
.EW[jiIJ] += dI314256[baJIik] T[abjk]
.R[aAiI] += 0.5*EW[ijIJ] T[aAjJ]
.R[aAiI] -= 0.5*CN[IJ] T[aAiJ]
.EX[baIJ] += dI314256[acJIij] T[bcij]
.R[aAiI] -= 0.5*EX[abIJ] T[bAiJ]
.EY[baIJ] += dI314256[aAJIiK] T[bAiK]
.R[aAiI] -= EY[abIJ] T[bAiJ]
.EZ[baIJ] += dI314256[caJIij] T[bcij]
.R[aAiI] += 0.5*EZ[abIJ] T[bAiJ]
.R[aAiI] -= 0.25*CZ[IJ] T[aAiJ]
.R[aAiI] -= 0.25*DC[IJ] T[aAiJ]
.FA[abJI] += dI125364[ABabKI] T[ABJK]
.R[aAiI] -= 0.5*FA[abIJ] T[bAiJ]
.FB[abJI] += dI125364[ABabIK] T[ABJK]
.R[aAiI] += 0.5*FB[abIJ] T[bAiJ]
.R[aAiI] += dI314256[bajJIi] T[bAjJ]
.R[aAiI] += CI[ABIJ] T[aBiJ]
.R[aAiI] += 0.5*dI125364[bAacjI] T[bcij]
.R[aAiI] -= 0.5*dI125364[cAabjI] T[bcij]
.R[aAiI] -= CK[bAjI] T[abij]
.R[aAiI] += CL[bAjI] T[abij]
.R[aAiI] += 0.5*dI314256[BaJIKi] T[ABJK]
.R[aAiI] -= 0.5*dI314256[BaJKIi] T[ABJK]
.R[aAiI] -= 0.5*CO[ABIJ] T[aBiJ]
.R[aAiI] -= CY[ABIJ] T[aBiJ]
.R[aAiI] -= 0.5*DA[ABIJ] T[aBiJ]
.R[aAiI] += 0.5*DB[ABIJ] T[aBiJ]
.R[aAiI] -= 0.5*DG[ABIJ] T[aBiJ]
.R[aAiI] -= dI125364[BAabJI] T[bBiJ]
.R[aAiI] += 0.5*DI[ABIJ] T[aBiJ]
.R[aAiI] -= 0.5*DL[ABIJ] T[aBiJ]
.R[aAiI] += 0.5*DM[ABIJ] T[aBiJ]
.R[aAiI] += 0.5*DN[ABIJ] T[aBiJ]
.R[aAiI] += 0.5*BE[ij] T[aAjI]
.R[aAiI] -= dI123456[abjiJI] T[bAjJ]
.FC[ijJI] += dI314256[aAkijI] T[aAkJ]
.R[aAiI] += FC[ijIJ] T[aAjJ]
.R[aAiI] += dI123456[abABji] T[bBjI]
.R[aAiI] -= 0.5*BH[ab] T[bAiI]
.FD[abBA] += dI125364[bAaciI] T[cBiI]
.R[aAiI] -= FD[abAB] T[bBiI]
.R[aAiI] -= dI123456[ABjiJI] T[aBjJ]
.FE[baAB] += dI125364[aBACiI] T[bCiI]
.R[aAiI] -= FE[abAB] T[bBiI]
.R[aAiI] -= 0.5*DU[AB] T[aBiI]
.R[aAiI] += 0.5*DO[IJ] T[aAiJ]
.FF[jiIJ] += dI314256[aAKIiJ] T[aAjK]
.R[aAiI] += FF[ijIJ] T[aAjJ]
.R[aAiI] += dI123456[abABJI] T[bBiJ]

