d_vvvv = load(EC,"d_vvvv")
@tensoropt R[c,d,i,j] -= 0.5 * d_vvvv[d,c,a,b] * T[a,b,i,j]
@tensoropt R[c,d,i,j] += 0.5 * d_vvvv[c,d,a,b] * T[a,b,i,j]
d_vvvv = nothing
d_vvoo = load(EC,"d_vvoo")
@tensoropt R[a,b,i,j] -= d_vvoo[b,a,i,j]
@tensoropt R[a,b,i,j] += d_vvoo[a,b,i,j]
d_vvoo = nothing
d_vovo = load(EC,"d_vovo")
@tensoropt R[c,b,k,j] -= d_vovo[b,i,a,j] * T[c,a,k,i]
@tensoropt R[b,c,k,j] += d_vovo[b,i,a,j] * T[c,a,k,i]
@tensoropt R[c,b,j,k] += d_vovo[b,i,a,j] * T[c,a,k,i]
@tensoropt R[b,c,j,k] -= d_vovo[b,i,a,j] * T[c,a,k,i]
d_vovo = nothing
d_voov = load(EC,"d_voov")
@tensoropt R[c,b,k,j] += d_voov[b,i,j,a] * T[c,a,k,i]
@tensoropt R[b,c,k,j] -= d_voov[b,i,j,a] * T[c,a,k,i]
@tensoropt R[c,b,j,k] -= d_voov[b,i,j,a] * T[c,a,k,i]
@tensoropt R[b,c,j,k] += d_voov[b,i,j,a] * T[c,a,k,i]
d_voov = nothing
d_oooo = load(EC,"d_oooo")
@tensoropt R[a,b,k,l] -= 0.5 * d_oooo[j,i,l,k] * T[b,a,i,j]
@tensoropt R[a,b,k,l] += 0.5 * d_oooo[j,i,l,k] * T[a,b,i,j]
d_oooo = nothing
oovv = ints2(EC,"oovv")
@tensoropt R[a,b,i,j] += 0.25 * oovv[l,k,d,c] * T[b,a,k,l] * T[c,d,i,j]
@tensoropt R[a,b,i,j] += 0.25 * oovv[l,k,d,c] * T[a,b,k,l] * T[c,d,i,j]
@tensoropt R[a,b,j,i] -= 0.5 * oovv[l,k,d,c] * T[d,c,i,k] * T[a,b,j,l]
@tensoropt R[a,b,i,j] += 0.5 * oovv[l,k,d,c] * T[d,c,i,k] * T[a,b,j,l]
@tensoropt R[b,a,i,j] -= 0.5 * oovv[l,k,d,c] * T[c,a,k,l] * T[b,d,i,j]
@tensoropt R[a,b,i,j] += 0.5 * oovv[l,k,d,c] * T[c,a,k,l] * T[b,d,i,j]
@tensoropt R[b,a,i,j] -= oovv[l,k,d,c] * T[a,c,i,k] * T[b,d,j,l]
@tensoropt R[a,b,i,j] += oovv[l,k,d,c] * T[a,c,i,k] * T[b,d,j,l]
oovv = nothing
@tensoropt R[a,b,j,k] += f[i,j] * T[a,b,k,i]
@tensoropt R[a,b,k,j] -= f[i,j] * T[a,b,k,i]
@tensoropt R[b,c,i,j] -= f[b,a] * T[c,a,i,j]
@tensoropt R[c,b,i,j] += f[b,a] * T[c,a,i,j]
