d_vvvv = load4idx(EC,"d_vvvv")
@tensoropt R2[c,d,i,j] -= 0.5 * d_vvvv[d,c,a,b] * T2[a,b,i,j]
@tensoropt R2[c,d,i,j] += 0.5 * d_vvvv[c,d,a,b] * T2[a,b,i,j]
d_vvvv = nothing
d_vvoo = load4idx(EC,"d_vvoo")
@tensoropt R2[a,b,i,j] -= d_vvoo[b,a,i,j]
@tensoropt R2[a,b,i,j] += d_vvoo[a,b,i,j]
d_vvoo = nothing
d_vovo = load4idx(EC,"d_vovo")
@tensoropt R2[c,b,k,j] -= d_vovo[b,i,a,j] * T2[c,a,k,i]
@tensoropt R2[b,c,k,j] += d_vovo[b,i,a,j] * T2[c,a,k,i]
@tensoropt R2[c,b,j,k] += d_vovo[b,i,a,j] * T2[c,a,k,i]
@tensoropt R2[b,c,j,k] -= d_vovo[b,i,a,j] * T2[c,a,k,i]
d_vovo = nothing
d_voov = load4idx(EC,"d_voov")
@tensoropt R2[c,b,k,j] += d_voov[b,i,j,a] * T2[c,a,k,i]
@tensoropt R2[b,c,k,j] -= d_voov[b,i,j,a] * T2[c,a,k,i]
@tensoropt R2[c,b,j,k] -= d_voov[b,i,j,a] * T2[c,a,k,i]
@tensoropt R2[b,c,j,k] += d_voov[b,i,j,a] * T2[c,a,k,i]
d_voov = nothing
d_oooo = load4idx(EC,"d_oooo")
@tensoropt R2[a,b,k,l] -= 0.5 * d_oooo[j,i,l,k] * T2[b,a,i,j]
@tensoropt R2[a,b,k,l] += 0.5 * d_oooo[j,i,l,k] * T2[a,b,i,j]
d_oooo = nothing
oovv = ints2(EC,"oovv")
@tensoropt (a=>10*x,b=>10*x,i=>x,j=>x,l=>x,k=>x,d=>10*x,c=>10*x) R2[a,b,i,j] += 0.25 * oovv[l,k,d,c] * T2[b,a,k,l] * T2[c,d,i,j]
@tensoropt (a=>10*x,b=>10*x,i=>x,j=>x,l=>x,k=>x,d=>10*x,c=>10*x) R2[a,b,i,j] += 0.25 * oovv[l,k,d,c] * T2[a,b,k,l] * T2[c,d,i,j]
@tensoropt (a=>10*x,b=>10*x,j=>x,i=>x,l=>x,k=>x,d=>10*x,c=>10*x) R2[a,b,j,i] -= 0.5 * oovv[l,k,d,c] * T2[d,c,i,k] * T2[a,b,j,l]
@tensoropt (a=>10*x,b=>10*x,i=>x,j=>x,l=>x,k=>x,d=>10*x,c=>10*x) R2[a,b,i,j] += 0.5 * oovv[l,k,d,c] * T2[d,c,i,k] * T2[a,b,j,l]
@tensoropt (b=>10*x,a=>10*x,i=>x,j=>x,l=>x,k=>x,d=>10*x,c=>10*x) R2[b,a,i,j] -= 0.5 * oovv[l,k,d,c] * T2[c,a,k,l] * T2[b,d,i,j]
@tensoropt (a=>10*x,b=>10*x,i=>x,j=>x,l=>x,k=>x,d=>10*x,c=>10*x) R2[a,b,i,j] += 0.5 * oovv[l,k,d,c] * T2[c,a,k,l] * T2[b,d,i,j]
@tensoropt (b=>10*x,a=>10*x,i=>x,j=>x,l=>x,k=>x,d=>10*x,c=>10*x) R2[b,a,i,j] -= oovv[l,k,d,c] * T2[a,c,i,k] * T2[b,d,j,l]
@tensoropt (a=>10*x,b=>10*x,i=>x,j=>x,l=>x,k=>x,d=>10*x,c=>10*x) R2[a,b,i,j] += oovv[l,k,d,c] * T2[a,c,i,k] * T2[b,d,j,l]
oovv = nothing
@tensoropt R2[a,b,j,k] += fij[i,j] * T2[a,b,k,i]
@tensoropt R2[a,b,k,j] -= fij[i,j] * T2[a,b,k,i]
@tensoropt R2[b,c,i,j] -= fab[b,a] * T2[c,a,i,j]
@tensoropt R2[c,b,i,j] += fab[b,a] * T2[c,a,i,j]
