@tensoropt R[a,b,i,j] += 0.25 * oovv[l,k,d,c] * T[b,a,k,l] * T[c,d,i,j]
@tensoropt R[a,b,i,j] += 0.25 * oovv[l,k,d,c] * T[a,b,k,l] * T[c,d,i,j]
@tensoropt R[a,b,j,i] -= 0.5 * oovv[l,k,d,c] * T[d,c,i,k] * T[a,b,j,l]
@tensoropt R[a,b,i,j] += 0.5 * oovv[l,k,d,c] * T[d,c,i,k] * T[a,b,j,l]
@tensoropt R[b,a,i,j] -= 0.5 * oovv[l,k,d,c] * T[c,a,k,l] * T[b,d,i,j]
@tensoropt R[a,b,i,j] += 0.5 * oovv[l,k,d,c] * T[c,a,k,l] * T[b,d,i,j]
@tensoropt R[b,a,i,j] -= 1 * oovv[l,k,d,c] * T[a,c,i,k] * T[b,d,j,l]
@tensoropt R[a,b,i,j] += 1 * oovv[l,k,d,c] * T[a,c,i,k] * T[b,d,j,l]
@tensoropt R[c,b,k,j] += 1 * d_voov[b,i,j,a] * T[c,a,k,i]
@tensoropt R[b,c,k,j] -= 1 * d_voov[b,i,j,a] * T[c,a,k,i]
@tensoropt R[c,b,j,k] -= 1 * d_voov[b,i,j,a] * T[c,a,k,i]
@tensoropt R[b,c,j,k] += 1 * d_voov[b,i,j,a] * T[c,a,k,i]
@tensoropt R[a,b,k,l] -= 0.5 * d_oooo[j,i,l,k] * T[b,a,i,j]
@tensoropt R[a,b,k,l] += 0.5 * d_oooo[j,i,l,k] * T[a,b,i,j]
@tensoropt R[c,b,k,j] -= 1 * d_vovo[b,i,a,j] * T[c,a,k,i]
@tensoropt R[b,c,k,j] += 1 * d_vovo[b,i,a,j] * T[c,a,k,i]
@tensoropt R[c,b,j,k] += 1 * d_vovo[b,i,a,j] * T[c,a,k,i]
@tensoropt R[b,c,j,k] -= 1 * d_vovo[b,i,a,j] * T[c,a,k,i]
@tensoropt R[a,b,i,j] -= 1 * d_vvoo[b,a,i,j]
@tensoropt R[a,b,i,j] += 1 * d_vvoo[a,b,i,j]
@tensoropt R[c,d,i,j] -= 0.5 * d_vvvv[d,c,a,b] * T[a,b,i,j]
@tensoropt R[c,d,i,j] += 0.5 * d_vvvv[c,d,a,b] * T[a,b,i,j]
@tensoropt R[a,b,j,k] += 1 * f[i,j] * T[a,b,k,i]
@tensoropt R[a,b,k,j] -= 1 * f[i,j] * T[a,b,k,i]
@tensoropt R[b,c,i,j] -= 1 * f[b,a] * T[c,a,i,j]
@tensoropt R[c,b,i,j] += 1 * f[b,a] * T[c,a,i,j]
